
Memory Configuration

Name             Origin             Length             Attributes
MEM              0x00000000         0x04000000         xrw
*default*        0x00000000         0xffffffff

Linker script and memory map

                0x00010000                . = 0x10000

.startup        0x00010000       0x10
 startup.o(.text)
 .text          0x00010000       0x10 startup.o
                0x00010000                reset

.text           0x00010010       0xcc
 *(.text)
 .text          0x00010010       0x18 main.o
                0x00010010                main
 .text          0x00010028       0x50 uart.o
                0x00010028                print_string
 *(.rodata)
 .rodata        0x00010078       0x64 main.o
                0x00010078                name2

.glue_7         0x000100dc        0x0
 .glue_7        0x00000000        0x0 linker stubs

.glue_7t        0x000100dc        0x0
 .glue_7t       0x00000000        0x0 linker stubs

.vfp11_veneer   0x000100dc        0x0
 .vfp11_veneer  0x00000000        0x0 linker stubs

.v4_bx          0x000100dc        0x0
 .v4_bx         0x00000000        0x0 linker stubs

.iplt           0x000100dc        0x0
 .iplt          0x00000000        0x0 startup.o

.rel.dyn        0x000100dc        0x0
 .rel.iplt      0x00000000        0x0 startup.o

.data           0x000100dc       0x64
 *(.data)
 .data          0x000100dc        0x0 startup.o
 .data          0x000100dc       0x64 main.o
                0x000100dc                name
 .data          0x00010140        0x0 uart.o

.igot.plt       0x00010140        0x0
 .igot.plt      0x00000000        0x0 startup.o

.bss            0x00010140        0x0
 *(.bss)
 .bss           0x00010140        0x0 startup.o
 .bss           0x00010140        0x0 main.o
 .bss           0x00010140        0x0 uart.o
                0x00011140                . = (. + 0x1000)
                0x00011140                stack_top = .
LOAD main.o
LOAD uart.o
LOAD startup.o
OUTPUT(.elf elf32-littlearm)

.ARM.attributes
                0x00000000       0x2e
 .ARM.attributes
                0x00000000       0x22 startup.o
 .ARM.attributes
                0x00000022       0x32 main.o
 .ARM.attributes
                0x00000054       0x32 uart.o

.comment        0x00000000       0x11
 .comment       0x00000000       0x11 main.o
                                 0x12 (size before relaxing)
 .comment       0x00000000       0x12 uart.o

.debug_line     0x00000000       0xf2
 .debug_line    0x00000000       0x3a startup.o
 .debug_line    0x0000003a       0x36 main.o
 .debug_line    0x00000070       0x82 uart.o

.debug_info     0x00000000      0x225
 .debug_info    0x00000000       0xa6 startup.o
 .debug_info    0x000000a6       0xc9 main.o
 .debug_info    0x0000016f       0xb6 uart.o

.debug_abbrev   0x00000000       0xf0
 .debug_abbrev  0x00000000       0x14 startup.o
 .debug_abbrev  0x00000014       0x6c main.o
 .debug_abbrev  0x00000080       0x70 uart.o

.debug_aranges  0x00000000       0x60
 .debug_aranges
                0x00000000       0x20 startup.o
 .debug_aranges
                0x00000020       0x20 main.o
 .debug_aranges
                0x00000040       0x20 uart.o

.debug_loc      0x00000000       0x58
 .debug_loc     0x00000000       0x2c main.o
 .debug_loc     0x0000002c       0x2c uart.o

.debug_str      0x00000000      0x10e
 .debug_str     0x00000000       0xf0 main.o
                                0x129 (size before relaxing)
 .debug_str     0x000000f0       0x1e uart.o
                                0x12b (size before relaxing)

.debug_frame    0x00000000       0x54
 .debug_frame   0x00000000       0x2c main.o
 .debug_frame   0x0000002c       0x28 uart.o
