
Allocating common symbols
Common symbol       size              file

array2              0x3               main.o

Memory Configuration

Name             Origin             Length             Attributes
FLASH            0x08000000         0x00020000         xr
SRAM             0x20000000         0x00005000         xrw
*default*        0x00000000         0xffffffff

Linker script and memory map


.text           0x08000000      0x1a0
 *(.vectors*)
 .vectors       0x08000000       0x1c startup.o
                0x08000000                vectors
 *(.text*)
 .text          0x0800001c       0xbc main.o
                0x0800001c                main
 .text          0x080000d8       0xc4 startup.o
                0x080000d8                NMI_handler
                0x080000d8                default_handler
                0x080000d8                HardFault_handler
                0x080000d8                UsageFault_handler
                0x080000d8                MMFault_handler
                0x080000d8                BusFault_handler
                0x080000e4                reset_handler
 *(.rodata)
 .rodata        0x0800019c        0x4 main.o
                0x0800019c                array1
                0x080001a0                _E_TEXT = .

.glue_7         0x080001a0        0x0
 .glue_7        0x00000000        0x0 linker stubs

.glue_7t        0x080001a0        0x0
 .glue_7t       0x00000000        0x0 linker stubs

.vfp11_veneer   0x080001a0        0x0
 .vfp11_veneer  0x00000000        0x0 linker stubs

.v4_bx          0x080001a0        0x0
 .v4_bx         0x00000000        0x0 linker stubs

.iplt           0x080001a0        0x0
 .iplt          0x00000000        0x0 main.o

.rel.dyn        0x080001a0        0x0
 .rel.iplt      0x00000000        0x0 main.o

.data           0x080001a0        0x4
                0x080001a0                _S_DATA = .
 *(.data)
 .data          0x080001a0        0x4 main.o
                0x080001a0                array
 .data          0x080001a4        0x0 startup.o
                0x080001a4                . = ALIGN (0x4)
                0x080001a4                _E_DATA = .

.igot.plt       0x080001a4        0x0
 .igot.plt      0x00000000        0x0 main.o

.bss            0x20000000     0x1003
                0x20000000                _S_BSS = .
 *(.bss)
 .bss           0x20000000        0x0 main.o
 .bss           0x20000000        0x0 startup.o
                0x20000000                . = ALIGN (0x4)
                0x20000000                _E_BSS = .
                0x20001000                . = (. + 0x1000)
 *fill*         0x20000000     0x1000 
                0x20001000                _STACK_TOP = .
 COMMON         0x20001000        0x3 main.o
                0x20001000                array2
LOAD main.o
LOAD startup.o
OUTPUT(learn-in-depth_cortexM4.elf elf32-littlearm)

.debug_info     0x00000000      0x297
 .debug_info    0x00000000      0x115 main.o
 .debug_info    0x00000115      0x182 startup.o

.debug_abbrev   0x00000000      0x155
 .debug_abbrev  0x00000000       0x91 main.o
 .debug_abbrev  0x00000091       0xc4 startup.o

.debug_loc      0x00000000       0x9c
 .debug_loc     0x00000000       0x38 main.o
 .debug_loc     0x00000038       0x64 startup.o

.debug_aranges  0x00000000       0x40
 .debug_aranges
                0x00000000       0x20 main.o
 .debug_aranges
                0x00000020       0x20 startup.o

.debug_line     0x00000000      0x14b
 .debug_line    0x00000000       0x9c main.o
 .debug_line    0x0000009c       0xaf startup.o

.debug_str      0x00000000      0x158
 .debug_str     0x00000000       0xc2 main.o
                                0x104 (size before relaxing)
 .debug_str     0x000000c2       0x96 startup.o
                                0x16b (size before relaxing)

.comment        0x00000000       0x11
 .comment       0x00000000       0x11 main.o
                                 0x12 (size before relaxing)
 .comment       0x00000000       0x12 startup.o

.ARM.attributes
                0x00000000       0x33
 .ARM.attributes
                0x00000000       0x33 main.o
 .ARM.attributes
                0x00000033       0x33 startup.o

.debug_frame    0x00000000       0x78
 .debug_frame   0x00000000       0x2c main.o
 .debug_frame   0x0000002c       0x4c startup.o
