Archive member included to satisfy reference by file (symbol)

c:/program files (x86)/atmel/studio/7.0/toolchain/avr8/avr8-gnu-toolchain/bin/../lib/gcc/avr/5.4.0/avr5\libgcc.a(_exit.o)
                              C:/Program Files (x86)/Atmel/Studio/7.0/Packs/atmel/ATmega_DFP/1.7.374/gcc/dev/atmega32a/avr5/crtatmega32a.o (exit)
c:/program files (x86)/atmel/studio/7.0/toolchain/avr8/avr8-gnu-toolchain/bin/../lib/gcc/avr/5.4.0/avr5\libgcc.a(_copy_data.o)
                              HAL/7 segment/7_SEG.o (__do_copy_data)
c:/program files (x86)/atmel/studio/7.0/toolchain/avr8/avr8-gnu-toolchain/bin/../lib/gcc/avr/5.4.0/avr5\libgcc.a(_clear_bss.o)
                              MCAL/EXTI_Driver/EXTI.o (__do_clear_bss)

Discarded input sections

 .data          0x00000000        0x0 C:/Program Files (x86)/Atmel/Studio/7.0/Packs/atmel/ATmega_DFP/1.7.374/gcc/dev/atmega32a/avr5/crtatmega32a.o
 .bss           0x00000000        0x0 C:/Program Files (x86)/Atmel/Studio/7.0/Packs/atmel/ATmega_DFP/1.7.374/gcc/dev/atmega32a/avr5/crtatmega32a.o
 .text          0x00000000        0x0 HAL/7 segment/7_SEG.o
 .data          0x00000000        0x0 HAL/7 segment/7_SEG.o
 .bss           0x00000000        0x0 HAL/7 segment/7_SEG.o
 .text._7_SEG_Init
                0x00000000        0x6 HAL/7 segment/7_SEG.o
 .rodata        0x00000000        0xb HAL/7 segment/7_SEG.o
 .text._7_SEG_Start
                0x00000000       0x64 HAL/7 segment/7_SEG.o
 .debug_info    0x00000000      0x158 HAL/7 segment/7_SEG.o
 .debug_abbrev  0x00000000       0xfd HAL/7 segment/7_SEG.o
 .debug_loc     0x00000000       0xae HAL/7 segment/7_SEG.o
 .debug_aranges
                0x00000000       0x28 HAL/7 segment/7_SEG.o
 .debug_ranges  0x00000000       0x18 HAL/7 segment/7_SEG.o
 .debug_line    0x00000000      0x166 HAL/7 segment/7_SEG.o
 .debug_str     0x00000000      0x219 HAL/7 segment/7_SEG.o
 .comment       0x00000000       0x31 HAL/7 segment/7_SEG.o
 .debug_frame   0x00000000       0x44 HAL/7 segment/7_SEG.o
 .text          0x00000000        0x0 HAL/KeyPad_Driver/Keypad.o
 .data          0x00000000        0x0 HAL/KeyPad_Driver/Keypad.o
 .bss           0x00000000        0x0 HAL/KeyPad_Driver/Keypad.o
 .text.KeYPad_Init
                0x00000000        0xa HAL/KeyPad_Driver/Keypad.o
 .text.KeyPAd_Scan
                0x00000000      0x13a HAL/KeyPad_Driver/Keypad.o
 .debug_info    0x00000000       0xf5 HAL/KeyPad_Driver/Keypad.o
 .debug_abbrev  0x00000000       0xa8 HAL/KeyPad_Driver/Keypad.o
 .debug_loc     0x00000000      0x176 HAL/KeyPad_Driver/Keypad.o
 .debug_aranges
                0x00000000       0x28 HAL/KeyPad_Driver/Keypad.o
 .debug_ranges  0x00000000       0x18 HAL/KeyPad_Driver/Keypad.o
 .debug_line    0x00000000      0x1cb HAL/KeyPad_Driver/Keypad.o
 .debug_str     0x00000000      0x1e3 HAL/KeyPad_Driver/Keypad.o
 .comment       0x00000000       0x31 HAL/KeyPad_Driver/Keypad.o
 .debug_frame   0x00000000       0x44 HAL/KeyPad_Driver/Keypad.o
 .text          0x00000000        0x0 HAL/LCD_Driver/LCD.o
 .data          0x00000000        0x0 HAL/LCD_Driver/LCD.o
 .bss           0x00000000        0x0 HAL/LCD_Driver/LCD.o
 .text.LCD_Store_Customer_Char
                0x00000000       0x3e HAL/LCD_Driver/LCD.o
 .text.LCD_Display_Customer_Char
                0x00000000       0x16 HAL/LCD_Driver/LCD.o
 .text          0x00000000        0x0 main.o
 .data          0x00000000        0x0 main.o
 .bss           0x00000000        0x0 main.o
 .text          0x00000000        0x0 MCAL/DIO_Driver/DIO.o
 .data          0x00000000        0x0 MCAL/DIO_Driver/DIO.o
 .bss           0x00000000        0x0 MCAL/DIO_Driver/DIO.o
 .text.DIO_Write_Port_Dir
                0x00000000       0x48 MCAL/DIO_Driver/DIO.o
 .text.DIO_Write_Port
                0x00000000       0x20 MCAL/DIO_Driver/DIO.o
 .text.DIO_Read
                0x00000000       0xc2 MCAL/DIO_Driver/DIO.o
 .text.DIO_Toggle_Pin
                0x00000000       0x68 MCAL/DIO_Driver/DIO.o
 .text.DIO_Toggle_Port
                0x00000000       0x30 MCAL/DIO_Driver/DIO.o
 .text          0x00000000        0x0 MCAL/EXTI_Driver/EXTI.o
 .data          0x00000000        0x0 MCAL/EXTI_Driver/EXTI.o
 .bss           0x00000000        0x0 MCAL/EXTI_Driver/EXTI.o
 .text.EXI_SetCallBack
                0x00000000       0x2a MCAL/EXTI_Driver/EXTI.o
 .text.EXTI_Enable
                0x00000000       0x24 MCAL/EXTI_Driver/EXTI.o
 .text.EXTI_Disable
                0x00000000       0x24 MCAL/EXTI_Driver/EXTI.o
 .text.EXTI_TriggerEdge
                0x00000000       0xc0 MCAL/EXTI_Driver/EXTI.o
 .text          0x00000000        0x0 MCAL/USART/USART.o
 .data          0x00000000        0x0 MCAL/USART/USART.o
 .bss           0x00000000        0x0 MCAL/USART/USART.o
 .text          0x00000000        0x0 c:/program files (x86)/atmel/studio/7.0/toolchain/avr8/avr8-gnu-toolchain/bin/../lib/gcc/avr/5.4.0/avr5\libgcc.a(_exit.o)
 .data          0x00000000        0x0 c:/program files (x86)/atmel/studio/7.0/toolchain/avr8/avr8-gnu-toolchain/bin/../lib/gcc/avr/5.4.0/avr5\libgcc.a(_exit.o)
 .bss           0x00000000        0x0 c:/program files (x86)/atmel/studio/7.0/toolchain/avr8/avr8-gnu-toolchain/bin/../lib/gcc/avr/5.4.0/avr5\libgcc.a(_exit.o)
 .text.libgcc.mul
                0x00000000        0x0 c:/program files (x86)/atmel/studio/7.0/toolchain/avr8/avr8-gnu-toolchain/bin/../lib/gcc/avr/5.4.0/avr5\libgcc.a(_exit.o)
 .text.libgcc.div
                0x00000000        0x0 c:/program files (x86)/atmel/studio/7.0/toolchain/avr8/avr8-gnu-toolchain/bin/../lib/gcc/avr/5.4.0/avr5\libgcc.a(_exit.o)
 .text.libgcc   0x00000000        0x0 c:/program files (x86)/atmel/studio/7.0/toolchain/avr8/avr8-gnu-toolchain/bin/../lib/gcc/avr/5.4.0/avr5\libgcc.a(_exit.o)
 .text.libgcc.prologue
                0x00000000        0x0 c:/program files (x86)/atmel/studio/7.0/toolchain/avr8/avr8-gnu-toolchain/bin/../lib/gcc/avr/5.4.0/avr5\libgcc.a(_exit.o)
 .text.libgcc.builtins
                0x00000000        0x0 c:/program files (x86)/atmel/studio/7.0/toolchain/avr8/avr8-gnu-toolchain/bin/../lib/gcc/avr/5.4.0/avr5\libgcc.a(_exit.o)
 .text.libgcc.fmul
                0x00000000        0x0 c:/program files (x86)/atmel/studio/7.0/toolchain/avr8/avr8-gnu-toolchain/bin/../lib/gcc/avr/5.4.0/avr5\libgcc.a(_exit.o)
 .text.libgcc.fixed
                0x00000000        0x0 c:/program files (x86)/atmel/studio/7.0/toolchain/avr8/avr8-gnu-toolchain/bin/../lib/gcc/avr/5.4.0/avr5\libgcc.a(_exit.o)
 .text          0x00000000        0x0 c:/program files (x86)/atmel/studio/7.0/toolchain/avr8/avr8-gnu-toolchain/bin/../lib/gcc/avr/5.4.0/avr5\libgcc.a(_copy_data.o)
 .data          0x00000000        0x0 c:/program files (x86)/atmel/studio/7.0/toolchain/avr8/avr8-gnu-toolchain/bin/../lib/gcc/avr/5.4.0/avr5\libgcc.a(_copy_data.o)
 .bss           0x00000000        0x0 c:/program files (x86)/atmel/studio/7.0/toolchain/avr8/avr8-gnu-toolchain/bin/../lib/gcc/avr/5.4.0/avr5\libgcc.a(_copy_data.o)
 .text.libgcc.mul
                0x00000000        0x0 c:/program files (x86)/atmel/studio/7.0/toolchain/avr8/avr8-gnu-toolchain/bin/../lib/gcc/avr/5.4.0/avr5\libgcc.a(_copy_data.o)
 .text.libgcc.div
                0x00000000        0x0 c:/program files (x86)/atmel/studio/7.0/toolchain/avr8/avr8-gnu-toolchain/bin/../lib/gcc/avr/5.4.0/avr5\libgcc.a(_copy_data.o)
 .text.libgcc   0x00000000        0x0 c:/program files (x86)/atmel/studio/7.0/toolchain/avr8/avr8-gnu-toolchain/bin/../lib/gcc/avr/5.4.0/avr5\libgcc.a(_copy_data.o)
 .text.libgcc.prologue
                0x00000000        0x0 c:/program files (x86)/atmel/studio/7.0/toolchain/avr8/avr8-gnu-toolchain/bin/../lib/gcc/avr/5.4.0/avr5\libgcc.a(_copy_data.o)
 .text.libgcc.builtins
                0x00000000        0x0 c:/program files (x86)/atmel/studio/7.0/toolchain/avr8/avr8-gnu-toolchain/bin/../lib/gcc/avr/5.4.0/avr5\libgcc.a(_copy_data.o)
 .text.libgcc.fmul
                0x00000000        0x0 c:/program files (x86)/atmel/studio/7.0/toolchain/avr8/avr8-gnu-toolchain/bin/../lib/gcc/avr/5.4.0/avr5\libgcc.a(_copy_data.o)
 .text.libgcc.fixed
                0x00000000        0x0 c:/program files (x86)/atmel/studio/7.0/toolchain/avr8/avr8-gnu-toolchain/bin/../lib/gcc/avr/5.4.0/avr5\libgcc.a(_copy_data.o)
 .text          0x00000000        0x0 c:/program files (x86)/atmel/studio/7.0/toolchain/avr8/avr8-gnu-toolchain/bin/../lib/gcc/avr/5.4.0/avr5\libgcc.a(_clear_bss.o)
 .data          0x00000000        0x0 c:/program files (x86)/atmel/studio/7.0/toolchain/avr8/avr8-gnu-toolchain/bin/../lib/gcc/avr/5.4.0/avr5\libgcc.a(_clear_bss.o)
 .bss           0x00000000        0x0 c:/program files (x86)/atmel/studio/7.0/toolchain/avr8/avr8-gnu-toolchain/bin/../lib/gcc/avr/5.4.0/avr5\libgcc.a(_clear_bss.o)
 .text.libgcc.mul
                0x00000000        0x0 c:/program files (x86)/atmel/studio/7.0/toolchain/avr8/avr8-gnu-toolchain/bin/../lib/gcc/avr/5.4.0/avr5\libgcc.a(_clear_bss.o)
 .text.libgcc.div
                0x00000000        0x0 c:/program files (x86)/atmel/studio/7.0/toolchain/avr8/avr8-gnu-toolchain/bin/../lib/gcc/avr/5.4.0/avr5\libgcc.a(_clear_bss.o)
 .text.libgcc   0x00000000        0x0 c:/program files (x86)/atmel/studio/7.0/toolchain/avr8/avr8-gnu-toolchain/bin/../lib/gcc/avr/5.4.0/avr5\libgcc.a(_clear_bss.o)
 .text.libgcc.prologue
                0x00000000        0x0 c:/program files (x86)/atmel/studio/7.0/toolchain/avr8/avr8-gnu-toolchain/bin/../lib/gcc/avr/5.4.0/avr5\libgcc.a(_clear_bss.o)
 .text.libgcc.builtins
                0x00000000        0x0 c:/program files (x86)/atmel/studio/7.0/toolchain/avr8/avr8-gnu-toolchain/bin/../lib/gcc/avr/5.4.0/avr5\libgcc.a(_clear_bss.o)
 .text.libgcc.fmul
                0x00000000        0x0 c:/program files (x86)/atmel/studio/7.0/toolchain/avr8/avr8-gnu-toolchain/bin/../lib/gcc/avr/5.4.0/avr5\libgcc.a(_clear_bss.o)
 .text.libgcc.fixed
                0x00000000        0x0 c:/program files (x86)/atmel/studio/7.0/toolchain/avr8/avr8-gnu-toolchain/bin/../lib/gcc/avr/5.4.0/avr5\libgcc.a(_clear_bss.o)

Memory Configuration

Name             Origin             Length             Attributes
text             0x00000000         0x00008000         xr
data             0x00800060         0x00000800         rw !x
eeprom           0x00810000         0x00000400         rw !x
fuse             0x00820000         0x00000002         rw !x
lock             0x00830000         0x00000400         rw !x
signature        0x00840000         0x00000400         rw !x
user_signatures  0x00850000         0x00000400         rw !x
*default*        0x00000000         0xffffffff

Linker script and memory map

LOAD C:/Program Files (x86)/Atmel/Studio/7.0/Packs/atmel/ATmega_DFP/1.7.374/gcc/dev/atmega32a/avr5/crtatmega32a.o
LOAD HAL/7 segment/7_SEG.o
LOAD HAL/KeyPad_Driver/Keypad.o
LOAD HAL/LCD_Driver/LCD.o
LOAD main.o
LOAD MCAL/DIO_Driver/DIO.o
LOAD MCAL/EXTI_Driver/EXTI.o
LOAD MCAL/USART/USART.o
START GROUP
LOAD c:/program files (x86)/atmel/studio/7.0/toolchain/avr8/avr8-gnu-toolchain/bin/../lib/gcc/avr/5.4.0/../../../../avr/lib/avr5\libm.a
END GROUP
START GROUP
LOAD c:/program files (x86)/atmel/studio/7.0/toolchain/avr8/avr8-gnu-toolchain/bin/../lib/gcc/avr/5.4.0/avr5\libgcc.a
LOAD c:/program files (x86)/atmel/studio/7.0/toolchain/avr8/avr8-gnu-toolchain/bin/../lib/gcc/avr/5.4.0/../../../../avr/lib/avr5\libm.a
LOAD c:/program files (x86)/atmel/studio/7.0/toolchain/avr8/avr8-gnu-toolchain/bin/../lib/gcc/avr/5.4.0/../../../../avr/lib/avr5\libc.a
LOAD C:/Program Files (x86)/Atmel/Studio/7.0/Packs/atmel/ATmega_DFP/1.7.374/gcc/dev/atmega32a/avr5\libatmega32a.a
END GROUP
                [0x00000000]                __TEXT_REGION_ORIGIN__ = DEFINED (__TEXT_REGION_ORIGIN__)?__TEXT_REGION_ORIGIN__:0x0
                [0x00800060]                __DATA_REGION_ORIGIN__ = DEFINED (__DATA_REGION_ORIGIN__)?__DATA_REGION_ORIGIN__:0x800060
                [0x00008000]                __TEXT_REGION_LENGTH__ = DEFINED (__TEXT_REGION_LENGTH__)?__TEXT_REGION_LENGTH__:0x20000
                [0x00000800]                __DATA_REGION_LENGTH__ = DEFINED (__DATA_REGION_LENGTH__)?__DATA_REGION_LENGTH__:0xffa0
                [0x00000400]                __EEPROM_REGION_LENGTH__ = DEFINED (__EEPROM_REGION_LENGTH__)?__EEPROM_REGION_LENGTH__:0x10000
                [0x00000002]                __FUSE_REGION_LENGTH__ = DEFINED (__FUSE_REGION_LENGTH__)?__FUSE_REGION_LENGTH__:0x400
                0x00000400                __LOCK_REGION_LENGTH__ = DEFINED (__LOCK_REGION_LENGTH__)?__LOCK_REGION_LENGTH__:0x400
                0x00000400                __SIGNATURE_REGION_LENGTH__ = DEFINED (__SIGNATURE_REGION_LENGTH__)?__SIGNATURE_REGION_LENGTH__:0x400
                0x00000400                __USER_SIGNATURE_REGION_LENGTH__ = DEFINED (__USER_SIGNATURE_REGION_LENGTH__)?__USER_SIGNATURE_REGION_LENGTH__:0x400

.hash
 *(.hash)

.dynsym
 *(.dynsym)

.dynstr
 *(.dynstr)

.gnu.version
 *(.gnu.version)

.gnu.version_d
 *(.gnu.version_d)

.gnu.version_r
 *(.gnu.version_r)

.rel.init
 *(.rel.init)

.rela.init
 *(.rela.init)

.rel.text
 *(.rel.text)
 *(.rel.text.*)
 *(.rel.gnu.linkonce.t*)

.rela.text
 *(.rela.text)
 *(.rela.text.*)
 *(.rela.gnu.linkonce.t*)

.rel.fini
 *(.rel.fini)

.rela.fini
 *(.rela.fini)

.rel.rodata
 *(.rel.rodata)
 *(.rel.rodata.*)
 *(.rel.gnu.linkonce.r*)

.rela.rodata
 *(.rela.rodata)
 *(.rela.rodata.*)
 *(.rela.gnu.linkonce.r*)

.rel.data
 *(.rel.data)
 *(.rel.data.*)
 *(.rel.gnu.linkonce.d*)

.rela.data
 *(.rela.data)
 *(.rela.data.*)
 *(.rela.gnu.linkonce.d*)

.rel.ctors
 *(.rel.ctors)

.rela.ctors
 *(.rela.ctors)

.rel.dtors
 *(.rel.dtors)

.rela.dtors
 *(.rela.dtors)

.rel.got
 *(.rel.got)

.rela.got
 *(.rela.got)

.rel.bss
 *(.rel.bss)

.rela.bss
 *(.rela.bss)

.rel.plt
 *(.rel.plt)

.rela.plt
 *(.rela.plt)

.text           0x00000000      0x654
 *(.vectors)
 .vectors       0x00000000       0x54 C:/Program Files (x86)/Atmel/Studio/7.0/Packs/atmel/ATmega_DFP/1.7.374/gcc/dev/atmega32a/avr5/crtatmega32a.o
                0x00000000                __vector_default
                0x00000000                __vectors
 *(.vectors)
 *(.progmem.gcc*)
                0x00000054                . = ALIGN (0x2)
                0x00000054                __trampolines_start = .
 *(.trampolines)
 .trampolines   0x00000054        0x0 linker stubs
 *(.trampolines*)
                0x00000054                __trampolines_end = .
 *libprintf_flt.a:*(.progmem.data)
 *libc.a:*(.progmem.data)
 *(.progmem*)
                0x00000054                . = ALIGN (0x2)
 *(.jumptables)
 *(.jumptables*)
 *(.lowtext)
 *(.lowtext*)
                0x00000054                __ctors_start = .
 *(.ctors)
                0x00000054                __ctors_end = .
                0x00000054                __dtors_start = .
 *(.dtors)
                0x00000054                __dtors_end = .
 SORT(*)(.ctors)
 SORT(*)(.dtors)
 *(.init0)
 .init0         0x00000054        0x0 C:/Program Files (x86)/Atmel/Studio/7.0/Packs/atmel/ATmega_DFP/1.7.374/gcc/dev/atmega32a/avr5/crtatmega32a.o
                0x00000054                __init
 *(.init0)
 *(.init1)
 *(.init1)
 *(.init2)
 .init2         0x00000054        0xc C:/Program Files (x86)/Atmel/Studio/7.0/Packs/atmel/ATmega_DFP/1.7.374/gcc/dev/atmega32a/avr5/crtatmega32a.o
 *(.init2)
 *(.init3)
 *(.init3)
 *(.init4)
 .init4         0x00000060       0x16 c:/program files (x86)/atmel/studio/7.0/toolchain/avr8/avr8-gnu-toolchain/bin/../lib/gcc/avr/5.4.0/avr5\libgcc.a(_copy_data.o)
                0x00000060                __do_copy_data
 .init4         0x00000076       0x10 c:/program files (x86)/atmel/studio/7.0/toolchain/avr8/avr8-gnu-toolchain/bin/../lib/gcc/avr/5.4.0/avr5\libgcc.a(_clear_bss.o)
                0x00000076                __do_clear_bss
 *(.init4)
 *(.init5)
 *(.init5)
 *(.init6)
 *(.init6)
 *(.init7)
 *(.init7)
 *(.init8)
 *(.init8)
 *(.init9)
 .init9         0x00000086        0x8 C:/Program Files (x86)/Atmel/Studio/7.0/Packs/atmel/ATmega_DFP/1.7.374/gcc/dev/atmega32a/avr5/crtatmega32a.o
 *(.init9)
 *(.text)
 .text          0x0000008e        0x4 C:/Program Files (x86)/Atmel/Studio/7.0/Packs/atmel/ATmega_DFP/1.7.374/gcc/dev/atmega32a/avr5/crtatmega32a.o
                0x0000008e                __vector_12
                0x0000008e                __bad_interrupt
                0x0000008e                __vector_6
                0x0000008e                __vector_11
                0x0000008e                __vector_13
                0x0000008e                __vector_17
                0x0000008e                __vector_19
                0x0000008e                __vector_7
                0x0000008e                __vector_5
                0x0000008e                __vector_4
                0x0000008e                __vector_9
                0x0000008e                __vector_15
                0x0000008e                __vector_8
                0x0000008e                __vector_14
                0x0000008e                __vector_10
                0x0000008e                __vector_16
                0x0000008e                __vector_18
                0x0000008e                __vector_20
                0x00000092                . = ALIGN (0x2)
 *(.text.*)
 .text.LCD_Enable
                0x00000092       0x22 HAL/LCD_Driver/LCD.o
                0x00000092                LCD_Enable
 .text.LCD_Wirte_Cmd
                0x000000b4       0x2e HAL/LCD_Driver/LCD.o
                0x000000b4                LCD_Wirte_Cmd
 .text.LCD_Clear_Screen
                0x000000e2        0x8 HAL/LCD_Driver/LCD.o
                0x000000e2                LCD_Clear_Screen
 .text.LCD_Init
                0x000000ea       0x44 HAL/LCD_Driver/LCD.o
                0x000000ea                LCD_Init
 .text.Lcd_Write_Char
                0x0000012e       0x2e HAL/LCD_Driver/LCD.o
                0x0000012e                Lcd_Write_Char
 .text.LCD_GO_TO_INDEX
                0x0000015c       0x1a HAL/LCD_Driver/LCD.o
                0x0000015c                LCD_GO_TO_INDEX
 .text.LCD_Write_String
                0x00000176       0x8a HAL/LCD_Driver/LCD.o
                0x00000176                LCD_Write_String
 .text.Compare_String
                0x00000200       0x38 main.o
                0x00000200                Compare_String
 .text.main     0x00000238       0xbe main.o
                0x00000238                main
 .text.DIO_Write_Pin_Dir
                0x000002f6       0xea MCAL/DIO_Driver/DIO.o
                0x000002f6                DIO_Write_Pin_Dir
 .text.DIO_Write_Pin
                0x000003e0       0xea MCAL/DIO_Driver/DIO.o
                0x000003e0                DIO_Write_Pin
 .text.__vector_1
                0x000004ca       0x52 MCAL/EXTI_Driver/EXTI.o
                0x000004ca                __vector_1
 .text.__vector_2
                0x0000051c       0x52 MCAL/EXTI_Driver/EXTI.o
                0x0000051c                __vector_2
 .text.__vector_3
                0x0000056e       0x52 MCAL/EXTI_Driver/EXTI.o
                0x0000056e                __vector_3
 .text.USART_Init
                0x000005c0       0x1c MCAL/USART/USART.o
                0x000005c0                USART_Init
 .text.USART_Send_Char
                0x000005dc        0xa MCAL/USART/USART.o
                0x000005dc                USART_Send_Char
 .text.USART_Recieve_Char
                0x000005e6       0x16 MCAL/USART/USART.o
                0x000005e6                USART_Recieve_Char
 .text.USAERT_Send_STRING
                0x000005fc       0x22 MCAL/USART/USART.o
                0x000005fc                USAERT_Send_STRING
 .text.USAERT_Recieve_STRING
                0x0000061e       0x32 MCAL/USART/USART.o
                0x0000061e                USAERT_Recieve_STRING
                0x00000650                . = ALIGN (0x2)
 *(.fini9)
 .fini9         0x00000650        0x0 c:/program files (x86)/atmel/studio/7.0/toolchain/avr8/avr8-gnu-toolchain/bin/../lib/gcc/avr/5.4.0/avr5\libgcc.a(_exit.o)
                0x00000650                _exit
                0x00000650                exit
 *(.fini9)
 *(.fini8)
 *(.fini8)
 *(.fini7)
 *(.fini7)
 *(.fini6)
 *(.fini6)
 *(.fini5)
 *(.fini5)
 *(.fini4)
 *(.fini4)
 *(.fini3)
 *(.fini3)
 *(.fini2)
 *(.fini2)
 *(.fini1)
 *(.fini1)
 *(.fini0)
 .fini0         0x00000650        0x4 c:/program files (x86)/atmel/studio/7.0/toolchain/avr8/avr8-gnu-toolchain/bin/../lib/gcc/avr/5.4.0/avr5\libgcc.a(_exit.o)
 *(.fini0)
                0x00000654                _etext = .

.data           0x00800060       0x3c load address 0x00000654
                0x00800060                PROVIDE (__data_start, .)
 *(.data)
 *(.data*)
 *(.gnu.linkonce.d*)
 *(.rodata)
 *(.rodata*)
 .rodata.str1.1
                0x00800060       0x3b main.o
 *(.gnu.linkonce.r*)
                0x0080009c                . = ALIGN (0x2)
 *fill*         0x0080009b        0x1 
                0x0080009c                _edata = .
                0x0080009c                PROVIDE (__data_end, .)

.bss            0x0080009c        0x6
                0x0080009c                PROVIDE (__bss_start, .)
 *(.bss)
 *(.bss*)
 .bss.INT2_Fptr
                0x0080009c        0x2 MCAL/EXTI_Driver/EXTI.o
 .bss.INT1_Fptr
                0x0080009e        0x2 MCAL/EXTI_Driver/EXTI.o
 .bss.INT0_Fptr
                0x008000a0        0x2 MCAL/EXTI_Driver/EXTI.o
 *(COMMON)
                0x008000a2                PROVIDE (__bss_end, .)
                0x00000654                __data_load_start = LOADADDR (.data)
                0x00000690                __data_load_end = (__data_load_start + SIZEOF (.data))

.noinit         0x008000a2        0x0
                [!provide]                PROVIDE (__noinit_start, .)
 *(.noinit*)
                [!provide]                PROVIDE (__noinit_end, .)
                0x008000a2                _end = .
                [!provide]                PROVIDE (__heap_start, .)

.eeprom         0x00810000        0x0
 *(.eeprom*)
                0x00810000                __eeprom_end = .

.fuse
 *(.fuse)
 *(.lfuse)
 *(.hfuse)
 *(.efuse)

.lock
 *(.lock*)

.signature
 *(.signature*)

.user_signatures
 *(.user_signatures*)

.stab
 *(.stab)

.stabstr
 *(.stabstr)

.stab.excl
 *(.stab.excl)

.stab.exclstr
 *(.stab.exclstr)

.stab.index
 *(.stab.index)

.stab.indexstr
 *(.stab.indexstr)

.comment        0x00000000       0x30
 *(.comment)
 .comment       0x00000000       0x30 HAL/LCD_Driver/LCD.o
                                 0x31 (size before relaxing)
 .comment       0x00000030       0x31 main.o
 .comment       0x00000030       0x31 MCAL/DIO_Driver/DIO.o
 .comment       0x00000030       0x31 MCAL/EXTI_Driver/EXTI.o
 .comment       0x00000030       0x31 MCAL/USART/USART.o

.note.gnu.avr.deviceinfo
                0x00000000       0x3c
 .note.gnu.avr.deviceinfo
                0x00000000       0x3c C:/Program Files (x86)/Atmel/Studio/7.0/Packs/atmel/ATmega_DFP/1.7.374/gcc/dev/atmega32a/avr5/crtatmega32a.o

.note.gnu.build-id
 *(.note.gnu.build-id)

.debug
 *(.debug)

.line
 *(.line)

.debug_srcinfo
 *(.debug_srcinfo)

.debug_sfnames
 *(.debug_sfnames)

.debug_aranges  0x00000000      0x168
 *(.debug_aranges)
 .debug_aranges
                0x00000000       0x60 HAL/LCD_Driver/LCD.o
 .debug_aranges
                0x00000060       0x28 main.o
 .debug_aranges
                0x00000088       0x50 MCAL/DIO_Driver/DIO.o
 .debug_aranges
                0x000000d8       0x50 MCAL/EXTI_Driver/EXTI.o
 .debug_aranges
                0x00000128       0x40 MCAL/USART/USART.o

.debug_pubnames
 *(.debug_pubnames)

.debug_info     0x00000000     0x151b
 *(.debug_info .gnu.linkonce.wi.*)
 .debug_info    0x00000000      0x4e6 C:/Program Files (x86)/Atmel/Studio/7.0/Packs/atmel/ATmega_DFP/1.7.374/gcc/dev/atmega32a/avr5/crtatmega32a.o
 .debug_info    0x000004e6      0x5d6 HAL/LCD_Driver/LCD.o
 .debug_info    0x00000abc      0x3f7 main.o
 .debug_info    0x00000eb3      0x285 MCAL/DIO_Driver/DIO.o
 .debug_info    0x00001138      0x209 MCAL/EXTI_Driver/EXTI.o
 .debug_info    0x00001341      0x1da MCAL/USART/USART.o

.debug_abbrev   0x00000000      0xa47
 *(.debug_abbrev)
 .debug_abbrev  0x00000000      0x4a3 C:/Program Files (x86)/Atmel/Studio/7.0/Packs/atmel/ATmega_DFP/1.7.374/gcc/dev/atmega32a/avr5/crtatmega32a.o
 .debug_abbrev  0x000004a3      0x17c HAL/LCD_Driver/LCD.o
 .debug_abbrev  0x0000061f      0x198 main.o
 .debug_abbrev  0x000007b7       0xaa MCAL/DIO_Driver/DIO.o
 .debug_abbrev  0x00000861       0xc0 MCAL/EXTI_Driver/EXTI.o
 .debug_abbrev  0x00000921      0x126 MCAL/USART/USART.o

.debug_line     0x00000000      0xd56
 *(.debug_line .debug_line.* .debug_line_end)
 .debug_line    0x00000000      0x116 C:/Program Files (x86)/Atmel/Studio/7.0/Packs/atmel/ATmega_DFP/1.7.374/gcc/dev/atmega32a/avr5/crtatmega32a.o
 .debug_line    0x00000116      0x359 HAL/LCD_Driver/LCD.o
 .debug_line    0x0000046f      0x207 main.o
 .debug_line    0x00000676      0x2f1 MCAL/DIO_Driver/DIO.o
 .debug_line    0x00000967      0x27f MCAL/EXTI_Driver/EXTI.o
 .debug_line    0x00000be6      0x170 MCAL/USART/USART.o

.debug_frame    0x00000000      0x390
 *(.debug_frame)
 .debug_frame   0x00000000       0xec HAL/LCD_Driver/LCD.o
 .debug_frame   0x000000ec       0x44 main.o
 .debug_frame   0x00000130       0x84 MCAL/DIO_Driver/DIO.o
 .debug_frame   0x000001b4      0x15c MCAL/EXTI_Driver/EXTI.o
 .debug_frame   0x00000310       0x80 MCAL/USART/USART.o

.debug_str      0x00000000      0x7ba
 *(.debug_str)
 .debug_str     0x00000000      0x196 C:/Program Files (x86)/Atmel/Studio/7.0/Packs/atmel/ATmega_DFP/1.7.374/gcc/dev/atmega32a/avr5/crtatmega32a.o
 .debug_str     0x00000196      0x2ae HAL/LCD_Driver/LCD.o
                                0x2f4 (size before relaxing)
 .debug_str     0x00000444      0x105 main.o
                                0x334 (size before relaxing)
 .debug_str     0x00000549       0x9f MCAL/DIO_Driver/DIO.o
                                0x2c6 (size before relaxing)
 .debug_str     0x000005e8      0x11d MCAL/EXTI_Driver/EXTI.o
                                0x2b5 (size before relaxing)
 .debug_str     0x00000705       0xb5 MCAL/USART/USART.o
                                0x27c (size before relaxing)

.debug_loc      0x00000000      0xf86
 *(.debug_loc)
 .debug_loc     0x00000000      0x543 HAL/LCD_Driver/LCD.o
 .debug_loc     0x00000543      0x11e main.o
 .debug_loc     0x00000661      0x35b MCAL/DIO_Driver/DIO.o
 .debug_loc     0x000009bc      0x422 MCAL/EXTI_Driver/EXTI.o
 .debug_loc     0x00000dde      0x1a8 MCAL/USART/USART.o

.debug_macinfo
 *(.debug_macinfo)

.debug_weaknames
 *(.debug_weaknames)

.debug_funcnames
 *(.debug_funcnames)

.debug_typenames
 *(.debug_typenames)

.debug_varnames
 *(.debug_varnames)

.debug_pubtypes
 *(.debug_pubtypes)

.debug_ranges   0x00000000      0x118
 *(.debug_ranges)
 .debug_ranges  0x00000000       0x50 HAL/LCD_Driver/LCD.o
 .debug_ranges  0x00000050       0x18 main.o
 .debug_ranges  0x00000068       0x40 MCAL/DIO_Driver/DIO.o
 .debug_ranges  0x000000a8       0x40 MCAL/EXTI_Driver/EXTI.o
 .debug_ranges  0x000000e8       0x30 MCAL/USART/USART.o

.debug_macro
 *(.debug_macro)
OUTPUT(AVR_Driver.elf elf32-avr)
LOAD linker stubs
