port.c:176:15:pxPortInitialiseStack	24	static
port.c:196:13:prvTaskExitError	16	static,ignoring_inline_asm
port.c:225:13:prvPortStartFirstTask	0	static,ignoring_inline_asm
port.c:246:12:xPortStartScheduler	8	static
port.c:343:6:vPortEndScheduler	4	static
port.c:351:6:vPortEnterCritical	16	static,ignoring_inline_asm
port.c:368:6:vPortExitCritical	16	static,ignoring_inline_asm
port.c:380:6:PendSV_Handler	0	static,ignoring_inline_asm
port.c:417:6:SysTick_Handler	16	static,ignoring_inline_asm
port.c:611:32:vPortSetupTimerInterrupt	4	static
