Archive member included to satisfy reference by file (symbol)

c:/st/stm32cubeide_1.4.0/stm32cubeide/plugins/com.st.stm32cube.ide.mcu.externaltools.gnu-tools-for-stm32.7-2018-q2-update.win32_1.4.0.202007081208/tools/bin/../lib/gcc/arm-none-eabi/7.3.1/../../../../arm-none-eabi/lib/thumb/v7-m\libc_nano.a(lib_a-errno.o)
                              Src/syscalls.o (__errno)
c:/st/stm32cubeide_1.4.0/stm32cubeide/plugins/com.st.stm32cube.ide.mcu.externaltools.gnu-tools-for-stm32.7-2018-q2-update.win32_1.4.0.202007081208/tools/bin/../lib/gcc/arm-none-eabi/7.3.1/../../../../arm-none-eabi/lib/thumb/v7-m\libc_nano.a(lib_a-exit.o)
                              c:/st/stm32cubeide_1.4.0/stm32cubeide/plugins/com.st.stm32cube.ide.mcu.externaltools.gnu-tools-for-stm32.7-2018-q2-update.win32_1.4.0.202007081208/tools/bin/../lib/gcc/arm-none-eabi/7.3.1/../../../../arm-none-eabi/lib/thumb/v7-m/crt0.o (exit)
c:/st/stm32cubeide_1.4.0/stm32cubeide/plugins/com.st.stm32cube.ide.mcu.externaltools.gnu-tools-for-stm32.7-2018-q2-update.win32_1.4.0.202007081208/tools/bin/../lib/gcc/arm-none-eabi/7.3.1/../../../../arm-none-eabi/lib/thumb/v7-m\libc_nano.a(lib_a-impure.o)
                              c:/st/stm32cubeide_1.4.0/stm32cubeide/plugins/com.st.stm32cube.ide.mcu.externaltools.gnu-tools-for-stm32.7-2018-q2-update.win32_1.4.0.202007081208/tools/bin/../lib/gcc/arm-none-eabi/7.3.1/../../../../arm-none-eabi/lib/thumb/v7-m\libc_nano.a(lib_a-exit.o) (_global_impure_ptr)
c:/st/stm32cubeide_1.4.0/stm32cubeide/plugins/com.st.stm32cube.ide.mcu.externaltools.gnu-tools-for-stm32.7-2018-q2-update.win32_1.4.0.202007081208/tools/bin/../lib/gcc/arm-none-eabi/7.3.1/../../../../arm-none-eabi/lib/thumb/v7-m\libc_nano.a(lib_a-init.o)
                              c:/st/stm32cubeide_1.4.0/stm32cubeide/plugins/com.st.stm32cube.ide.mcu.externaltools.gnu-tools-for-stm32.7-2018-q2-update.win32_1.4.0.202007081208/tools/bin/../lib/gcc/arm-none-eabi/7.3.1/../../../../arm-none-eabi/lib/thumb/v7-m/crt0.o (__libc_init_array)
c:/st/stm32cubeide_1.4.0/stm32cubeide/plugins/com.st.stm32cube.ide.mcu.externaltools.gnu-tools-for-stm32.7-2018-q2-update.win32_1.4.0.202007081208/tools/bin/../lib/gcc/arm-none-eabi/7.3.1/../../../../arm-none-eabi/lib/thumb/v7-m\libc_nano.a(lib_a-memset.o)
                              c:/st/stm32cubeide_1.4.0/stm32cubeide/plugins/com.st.stm32cube.ide.mcu.externaltools.gnu-tools-for-stm32.7-2018-q2-update.win32_1.4.0.202007081208/tools/bin/../lib/gcc/arm-none-eabi/7.3.1/../../../../arm-none-eabi/lib/thumb/v7-m/crt0.o (memset)

Allocating common symbols
Common symbol       size              file

PinConfig           0x4               HAL/LCD.o
ch                  0x2               Src/main.o
GP_IRQ_CallBack     0x3c              stm32f103c6_Drivers/EXTI.o

Discarded input sections

 .text          0x0000000000000000        0x0 c:/st/stm32cubeide_1.4.0/stm32cubeide/plugins/com.st.stm32cube.ide.mcu.externaltools.gnu-tools-for-stm32.7-2018-q2-update.win32_1.4.0.202007081208/tools/bin/../lib/gcc/arm-none-eabi/7.3.1/thumb/v7-m/crti.o
 .data          0x0000000000000000        0x0 c:/st/stm32cubeide_1.4.0/stm32cubeide/plugins/com.st.stm32cube.ide.mcu.externaltools.gnu-tools-for-stm32.7-2018-q2-update.win32_1.4.0.202007081208/tools/bin/../lib/gcc/arm-none-eabi/7.3.1/thumb/v7-m/crti.o
 .bss           0x0000000000000000        0x0 c:/st/stm32cubeide_1.4.0/stm32cubeide/plugins/com.st.stm32cube.ide.mcu.externaltools.gnu-tools-for-stm32.7-2018-q2-update.win32_1.4.0.202007081208/tools/bin/../lib/gcc/arm-none-eabi/7.3.1/thumb/v7-m/crti.o
 .data          0x0000000000000000        0x4 c:/st/stm32cubeide_1.4.0/stm32cubeide/plugins/com.st.stm32cube.ide.mcu.externaltools.gnu-tools-for-stm32.7-2018-q2-update.win32_1.4.0.202007081208/tools/bin/../lib/gcc/arm-none-eabi/7.3.1/thumb/v7-m/crtbegin.o
 .text          0x0000000000000000       0x74 c:/st/stm32cubeide_1.4.0/stm32cubeide/plugins/com.st.stm32cube.ide.mcu.externaltools.gnu-tools-for-stm32.7-2018-q2-update.win32_1.4.0.202007081208/tools/bin/../lib/gcc/arm-none-eabi/7.3.1/../../../../arm-none-eabi/lib/thumb/v7-m/crt0.o
 .data          0x0000000000000000        0x0 c:/st/stm32cubeide_1.4.0/stm32cubeide/plugins/com.st.stm32cube.ide.mcu.externaltools.gnu-tools-for-stm32.7-2018-q2-update.win32_1.4.0.202007081208/tools/bin/../lib/gcc/arm-none-eabi/7.3.1/../../../../arm-none-eabi/lib/thumb/v7-m/crt0.o
 .bss           0x0000000000000000        0x0 c:/st/stm32cubeide_1.4.0/stm32cubeide/plugins/com.st.stm32cube.ide.mcu.externaltools.gnu-tools-for-stm32.7-2018-q2-update.win32_1.4.0.202007081208/tools/bin/../lib/gcc/arm-none-eabi/7.3.1/../../../../arm-none-eabi/lib/thumb/v7-m/crt0.o
 .ARM.extab     0x0000000000000000        0x0 c:/st/stm32cubeide_1.4.0/stm32cubeide/plugins/com.st.stm32cube.ide.mcu.externaltools.gnu-tools-for-stm32.7-2018-q2-update.win32_1.4.0.202007081208/tools/bin/../lib/gcc/arm-none-eabi/7.3.1/../../../../arm-none-eabi/lib/thumb/v7-m/crt0.o
[...]
Memory Configuration

Name             Origin             Length             Attributes
RAM              0x0000000020000000 0x0000000000002800 xrw
ROM              0x0000000008000000 0x0000000000008000 xr
*default*        0x0000000000000000 0xffffffffffffffff

Linker script and memory map

LOAD c:/st/stm32cubeide_1.4.0/stm32cubeide/plugins/com.st.stm32cube.ide.mcu.externaltools.gnu-tools-for-stm32.7-2018-q2-update.win32_1.4.0.202007081208/tools/bin/../lib/gcc/arm-none-eabi/7.3.1/thumb/v7-m/crti.o
LOAD c:/st/stm32cubeide_1.4.0/stm32cubeide/plugins/com.st.stm32cube.ide.mcu.externaltools.gnu-tools-for-stm32.7-2018-q2-update.win32_1.4.0.202007081208/tools/bin/../lib/gcc/arm-none-eabi/7.3.1/thumb/v7-m/crtbegin.o
LOAD c:/st/stm32cubeide_1.4.0/stm32cubeide/plugins/com.st.stm32cube.ide.mcu.externaltools.gnu-tools-for-stm32.7-2018-q2-update.win32_1.4.0.202007081208/tools/bin/../lib/gcc/arm-none-eabi/7.3.1/../../../../arm-none-eabi/lib/thumb/v7-m/crt0.o
LOAD HAL/I2C_Slave_EEPROM.o
LOAD HAL/Keypad.o
LOAD HAL/LCD.o
LOAD Src/main.o
LOAD Src/syscalls.o
LOAD Src/sysmem.o
LOAD Startup/startup_stm32f103c6tx.o
LOAD stm32f103c6_Drivers/EXTI.o
LOAD stm32f103c6_Drivers/GPIO.o
LOAD stm32f103c6_Drivers/I2C.o
LOAD stm32f103c6_Drivers/RCC.o
LOAD stm32f103c6_Drivers/SPI.o
LOAD stm32f103c6_Drivers/UART.o
START GROUP
LOAD c:/st/stm32cubeide_1.4.0/stm32cubeide/plugins/com.st.stm32cube.ide.mcu.externaltools.gnu-tools-for-stm32.7-2018-q2-update.win32_1.4.0.202007081208/tools/bin/../lib/gcc/arm-none-eabi/7.3.1/../../../../arm-none-eabi/lib/thumb/v7-m\libc_nano.a
LOAD c:/st/stm32cubeide_1.4.0/stm32cubeide/plugins/com.st.stm32cube.ide.mcu.externaltools.gnu-tools-for-stm32.7-2018-q2-update.win32_1.4.0.202007081208/tools/bin/../lib/gcc/arm-none-eabi/7.3.1/../../../../arm-none-eabi/lib/thumb/v7-m\libm.a
END GROUP
START GROUP
LOAD c:/st/stm32cubeide_1.4.0/stm32cubeide/plugins/com.st.stm32cube.ide.mcu.externaltools.gnu-tools-for-stm32.7-2018-q2-update.win32_1.4.0.202007081208/tools/bin/../lib/gcc/arm-none-eabi/7.3.1/thumb/v7-m\libgcc.a
LOAD c:/st/stm32cubeide_1.4.0/stm32cubeide/plugins/com.st.stm32cube.ide.mcu.externaltools.gnu-tools-for-stm32.7-2018-q2-update.win32_1.4.0.202007081208/tools/bin/../lib/gcc/arm-none-eabi/7.3.1/../../../../arm-none-eabi/lib/thumb/v7-m\libg_nano.a
LOAD c:/st/stm32cubeide_1.4.0/stm32cubeide/plugins/com.st.stm32cube.ide.mcu.externaltools.gnu-tools-for-stm32.7-2018-q2-update.win32_1.4.0.202007081208/tools/bin/../lib/gcc/arm-none-eabi/7.3.1/../../../../arm-none-eabi/lib/thumb/v7-m\libc_nano.a
END GROUP
START GROUP
LOAD c:/st/stm32cubeide_1.4.0/stm32cubeide/plugins/com.st.stm32cube.ide.mcu.externaltools.gnu-tools-for-stm32.7-2018-q2-update.win32_1.4.0.202007081208/tools/bin/../lib/gcc/arm-none-eabi/7.3.1/thumb/v7-m\libgcc.a
LOAD c:/st/stm32cubeide_1.4.0/stm32cubeide/plugins/com.st.stm32cube.ide.mcu.externaltools.gnu-tools-for-stm32.7-2018-q2-update.win32_1.4.0.202007081208/tools/bin/../lib/gcc/arm-none-eabi/7.3.1/../../../../arm-none-eabi/lib/thumb/v7-m\libc_nano.a
LOAD c:/st/stm32cubeide_1.4.0/stm32cubeide/plugins/com.st.stm32cube.ide.mcu.externaltools.gnu-tools-for-stm32.7-2018-q2-update.win32_1.4.0.202007081208/tools/bin/../lib/gcc/arm-none-eabi/7.3.1/../../../../arm-none-eabi/lib/thumb/v7-m\libnosys.a
END GROUP
START GROUP
LOAD c:/st/stm32cubeide_1.4.0/stm32cubeide/plugins/com.st.stm32cube.ide.mcu.externaltools.gnu-tools-for-stm32.7-2018-q2-update.win32_1.4.0.202007081208/tools/bin/../lib/gcc/arm-none-eabi/7.3.1/thumb/v7-m\libgcc.a
LOAD c:/st/stm32cubeide_1.4.0/stm32cubeide/plugins/com.st.stm32cube.ide.mcu.externaltools.gnu-tools-for-stm32.7-2018-q2-update.win32_1.4.0.202007081208/tools/bin/../lib/gcc/arm-none-eabi/7.3.1/../../../../arm-none-eabi/lib/thumb/v7-m\libc_nano.a
LOAD c:/st/stm32cubeide_1.4.0/stm32cubeide/plugins/com.st.stm32cube.ide.mcu.externaltools.gnu-tools-for-stm32.7-2018-q2-update.win32_1.4.0.202007081208/tools/bin/../lib/gcc/arm-none-eabi/7.3.1/../../../../arm-none-eabi/lib/thumb/v7-m\libnosys.a
END GROUP
LOAD c:/st/stm32cubeide_1.4.0/stm32cubeide/plugins/com.st.stm32cube.ide.mcu.externaltools.gnu-tools-for-stm32.7-2018-q2-update.win32_1.4.0.202007081208/tools/bin/../lib/gcc/arm-none-eabi/7.3.1/thumb/v7-m/crtend.o
LOAD c:/st/stm32cubeide_1.4.0/stm32cubeide/plugins/com.st.stm32cube.ide.mcu.externaltools.gnu-tools-for-stm32.7-2018-q2-update.win32_1.4.0.202007081208/tools/bin/../lib/gcc/arm-none-eabi/7.3.1/thumb/v7-m/crtn.o
                0x0000000020002800                _estack = (ORIGIN (RAM) + LENGTH (RAM))
                0x0000000000000200                _Min_Heap_Size = 0x200
                0x0000000000000400                _Min_Stack_Size = 0x400

.isr_vector     0x0000000008000000      0x130
                0x0000000008000000                . = ALIGN (0x4)
 *(.isr_vector)
 .isr_vector    0x0000000008000000      0x130 Startup/startup_stm32f103c6tx.o
                0x0000000008000000                g_pfnVectors
                0x0000000008000130                . = ALIGN (0x4)

.text           0x0000000008000130      0x9e4
                0x0000000008000130                . = ALIGN (0x4)
 *(.text)
 .text          0x0000000008000130       0x40 c:/st/stm32cubeide_1.4.0/stm32cubeide/plugins/com.st.stm32cube.ide.mcu.externaltools.gnu-tools-for-stm32.7-2018-q2-update.win32_1.4.0.202007081208/tools/bin/../lib/gcc/arm-none-eabi/7.3.1/thumb/v7-m/crtbegin.o
 *(.text*)
 .text.Clock_Enable
                0x0000000008000170       0x34 Src/main.o
                0x0000000008000170                Clock_Enable
 .text.main     0x00000000080001a4       0x5c Src/main.o
                0x00000000080001a4                main
 .text.Reset_Handler
                0x0000000008000200       0x50 Startup/startup_stm32f103c6tx.o
                0x0000000008000200                Reset_Handler
 .text.Default_Handler
                0x0000000008000250        0x2 Startup/startup_stm32f103c6tx.o
                0x0000000008000250                TIM8_TRG_COM_IRQHandler
                0x0000000008000250                TIM8_CC_IRQHandler
                0x0000000008000250                DebugMon_Handler
                0x0000000008000250                TIM1_CC_IRQHandler
                0x0000000008000250                HardFault_Handler
                0x0000000008000250                TIM6_IRQHandler
                0x0000000008000250                SysTick_Handler
                0x0000000008000250                PVD_IRQHandler
                0x0000000008000250                SDIO_IRQHandler
                0x0000000008000250                PendSV_Handler
                0x0000000008000250                NMI_Handler
                0x0000000008000250                USB_HP_CAN_TX_IRQHandler
                0x0000000008000250                I2C2_EV_IRQHandler
                0x0000000008000250                UsageFault_Handler
                0x0000000008000250                ADC1_2_IRQHandler
                0x0000000008000250                CAN_SCE_IRQHandler
                0x0000000008000250                TAMPER_IRQHandler
                0x0000000008000250                TIM8_UP_IRQHandler
                0x0000000008000250                DMA2_Channel2_IRQHandler
                0x0000000008000250                DMA1_Channel4_IRQHandler
                0x0000000008000250                RTC_IRQHandler
                0x0000000008000250                DMA1_Channel7_IRQHandler
                0x0000000008000250                UART5_IRQHandler
                0x0000000008000250                ADC3_IRQHandler
                0x0000000008000250                TIM4_IRQHandler
                0x0000000008000250                CAN_RX1_IRQHandler
                0x0000000008000250                DMA2_Channel1_IRQHandler
                0x0000000008000250                I2C1_EV_IRQHandler
                0x0000000008000250                DMA1_Channel6_IRQHandler
                0x0000000008000250                UART4_IRQHandler
                0x0000000008000250                TIM3_IRQHandler
                0x0000000008000250                RCC_IRQHandler
                0x0000000008000250                TIM1_TRG_COM_IRQHandler
                0x0000000008000250                DMA1_Channel1_IRQHandler
                0x0000000008000250                Default_Handler
                0x0000000008000250                TIM7_IRQHandler
                0x0000000008000250                TIM5_IRQHandler
                0x0000000008000250                USB_LP_CAN_RX0_IRQHandler
                0x0000000008000250                MemManage_Handler
                0x0000000008000250                SVC_Handler
                0x0000000008000250                DMA1_Channel5_IRQHandler
                0x0000000008000250                DMA1_Channel3_IRQHandler
                0x0000000008000250                FSMC_IRQHandler
                0x0000000008000250                TIM1_UP_IRQHandler
                0x0000000008000250                WWDG_IRQHandler
                0x0000000008000250                TIM2_IRQHandler
                0x0000000008000250                TIM1_BRK_IRQHandler
                0x0000000008000250                RTCAlarm_IRQHandler
                0x0000000008000250                DMA2_Channel4_5_IRQHandler
                0x0000000008000250                I2C2_ER_IRQHandler
                0x0000000008000250                DMA1_Channel2_IRQHandler
                0x0000000008000250                TIM8_BRK_IRQHandler
                0x0000000008000250                FLASH_IRQHandler
                0x0000000008000250                BusFault_Handler
                0x0000000008000250                SPI3_IRQHandler
                0x0000000008000250                I2C1_ER_IRQHandler
                0x0000000008000250                DMA2_Channel3_IRQHandler
 *fill*         0x0000000008000252        0x2 
 .text.EXTI0_IRQHandler
                0x0000000008000254       0x24 stm32f103c6_Drivers/EXTI.o
                0x0000000008000254                EXTI0_IRQHandler
 .text.EXTI1_IRQHandler
                0x0000000008000278       0x24 stm32f103c6_Drivers/EXTI.o
                0x0000000008000278                EXTI1_IRQHandler
 .text.EXTI2_IRQHandler
                0x000000000800029c       0x24 stm32f103c6_Drivers/EXTI.o
                0x000000000800029c                EXTI2_IRQHandler
 .text.EXTI3_IRQHandler
                0x00000000080002c0       0x24 stm32f103c6_Drivers/EXTI.o
                0x00000000080002c0                EXTI3_IRQHandler
 .text.EXTI4_IRQHandler
                0x00000000080002e4       0x24 stm32f103c6_Drivers/EXTI.o
                0x00000000080002e4                EXTI4_IRQHandler
 .text.EXTI9_5_IRQHandler
                0x0000000008000308       0xa8 stm32f103c6_Drivers/EXTI.o
                0x0000000008000308                EXTI9_5_IRQHandler
 .text.EXTI15_10_IRQHandler
                0x00000000080003b0       0xc4 stm32f103c6_Drivers/EXTI.o
                0x00000000080003b0                EXTI15_10_IRQHandler
 .text.Get_CRLH_Position
                0x0000000008000474       0xec stm32f103c6_Drivers/GPIO.o
 .text.MCAL_GPIO_INIT
                0x0000000008000560      0x108 stm32f103c6_Drivers/GPIO.o
                0x0000000008000560                MCAL_GPIO_INIT
 .text.MCAL_RCC_GetSYSCLK1Freq
                0x0000000008000668       0x3c stm32f103c6_Drivers/RCC.o
                0x0000000008000668                MCAL_RCC_GetSYSCLK1Freq
 .text.MCAL_RCC_GetHCLKFreq
                0x00000000080006a4       0x28 stm32f103c6_Drivers/RCC.o
                0x00000000080006a4                MCAL_RCC_GetHCLKFreq
 .text.MCAL_RCC_GetPCLK1Freq
                0x00000000080006cc       0x28 stm32f103c6_Drivers/RCC.o
                0x00000000080006cc                MCAL_RCC_GetPCLK1Freq
 .text.MCAL_RCC_GetPCLK2Freq
                0x00000000080006f4       0x28 stm32f103c6_Drivers/RCC.o
                0x00000000080006f4                MCAL_RCC_GetPCLK2Freq
 .text.SPI1_IRQHandler
                0x000000000800071c       0x5c stm32f103c6_Drivers/SPI.o
                0x000000000800071c                SPI1_IRQHandler
 .text.SPI2_IRQHandler
                0x0000000008000778       0x5c stm32f103c6_Drivers/SPI.o
                0x0000000008000778                SPI2_IRQHandler
 .text.MCAL_USART_Init
                0x00000000080007d4      0x144 stm32f103c6_Drivers/UART.o
                0x00000000080007d4                MCAL_USART_Init
 .text.MCAL_USART_SendData
                0x0000000008000918       0x36 stm32f103c6_Drivers/UART.o
                0x0000000008000918                MCAL_USART_SendData
 *fill*         0x000000000800094e        0x2 
 .text.MCAL_USART_RecieveData
                0x0000000008000950       0x5c stm32f103c6_Drivers/UART.o
                0x0000000008000950                MCAL_USART_RecieveData
 .text.MCAL_USART_GPIO_Set_Pins
                0x00000000080009ac       0xcc stm32f103c6_Drivers/UART.o
                0x00000000080009ac                MCAL_USART_GPIO_Set_Pins
 .text.USART1_IRQHandler
                0x0000000008000a78       0x14 stm32f103c6_Drivers/UART.o
                0x0000000008000a78                USART1_IRQHandler
 .text.USART2_IRQHandler
                0x0000000008000a8c       0x14 stm32f103c6_Drivers/UART.o
                0x0000000008000a8c                USART2_IRQHandler
 .text.USART3_IRQHandler
                0x0000000008000aa0       0x14 stm32f103c6_Drivers/UART.o
                0x0000000008000aa0                USART3_IRQHandler
 .text.__libc_init_array
                0x0000000008000ab4       0x48 c:/st/stm32cubeide_1.4.0/stm32cubeide/plugins/com.st.stm32cube.ide.mcu.externaltools.gnu-tools-for-stm32.7-2018-q2-update.win32_1.4.0.202007081208/tools/bin/../lib/gcc/arm-none-eabi/7.3.1/../../../../arm-none-eabi/lib/thumb/v7-m\libc_nano.a(lib_a-init.o)
                0x0000000008000ab4                __libc_init_array
 *(.glue_7)
 .glue_7        0x0000000008000afc        0x0 linker stubs
 *(.glue_7t)
 .glue_7t       0x0000000008000afc        0x0 linker stubs
 *(.eh_frame)
 .eh_frame      0x0000000008000afc        0x0 c:/st/stm32cubeide_1.4.0/stm32cubeide/plugins/com.st.stm32cube.ide.mcu.externaltools.gnu-tools-for-stm32.7-2018-q2-update.win32_1.4.0.202007081208/tools/bin/../lib/gcc/arm-none-eabi/7.3.1/thumb/v7-m/crtbegin.o
 *(.init)
 .init          0x0000000008000afc        0x4 c:/st/stm32cubeide_1.4.0/stm32cubeide/plugins/com.st.stm32cube.ide.mcu.externaltools.gnu-tools-for-stm32.7-2018-q2-update.win32_1.4.0.202007081208/tools/bin/../lib/gcc/arm-none-eabi/7.3.1/thumb/v7-m/crti.o
                0x0000000008000afc                _init
 .init          0x0000000008000b00        0x8 c:/st/stm32cubeide_1.4.0/stm32cubeide/plugins/com.st.stm32cube.ide.mcu.externaltools.gnu-tools-for-stm32.7-2018-q2-update.win32_1.4.0.202007081208/tools/bin/../lib/gcc/arm-none-eabi/7.3.1/thumb/v7-m/crtn.o
 *(.fini)
 .fini          0x0000000008000b08        0x4 c:/st/stm32cubeide_1.4.0/stm32cubeide/plugins/com.st.stm32cube.ide.mcu.externaltools.gnu-tools-for-stm32.7-2018-q2-update.win32_1.4.0.202007081208/tools/bin/../lib/gcc/arm-none-eabi/7.3.1/thumb/v7-m/crti.o
                0x0000000008000b08                _fini
 .fini          0x0000000008000b0c        0x8 c:/st/stm32cubeide_1.4.0/stm32cubeide/plugins/com.st.stm32cube.ide.mcu.externaltools.gnu-tools-for-stm32.7-2018-q2-update.win32_1.4.0.202007081208/tools/bin/../lib/gcc/arm-none-eabi/7.3.1/thumb/v7-m/crtn.o
                0x0000000008000b14                . = ALIGN (0x4)
                0x0000000008000b14                _etext = .

.vfp11_veneer   0x0000000008000b14        0x0
 .vfp11_veneer  0x0000000008000b14        0x0 linker stubs

.v4_bx          0x0000000008000b14        0x0
 .v4_bx         0x0000000008000b14        0x0 linker stubs

.iplt           0x0000000008000b14        0x0
 .iplt          0x0000000008000b14        0x0 c:/st/stm32cubeide_1.4.0/stm32cubeide/plugins/com.st.stm32cube.ide.mcu.externaltools.gnu-tools-for-stm32.7-2018-q2-update.win32_1.4.0.202007081208/tools/bin/../lib/gcc/arm-none-eabi/7.3.1/thumb/v7-m/crtbegin.o

.rodata         0x0000000008000b14       0x18
                0x0000000008000b14                . = ALIGN (0x4)
 *(.rodata)
 *(.rodata*)
 .rodata.APBPRrescTable
                0x0000000008000b14        0x8 stm32f103c6_Drivers/RCC.o
                0x0000000008000b14                APBPRrescTable
 .rodata.AHBPRrescTable
                0x0000000008000b1c       0x10 stm32f103c6_Drivers/RCC.o
                0x0000000008000b1c                AHBPRrescTable
                0x0000000008000b2c                . = ALIGN (0x4)

.rel.dyn        0x0000000008000b2c        0x0
 .rel.iplt      0x0000000008000b2c        0x0 c:/st/stm32cubeide_1.4.0/stm32cubeide/plugins/com.st.stm32cube.ide.mcu.externaltools.gnu-tools-for-stm32.7-2018-q2-update.win32_1.4.0.202007081208/tools/bin/../lib/gcc/arm-none-eabi/7.3.1/thumb/v7-m/crtbegin.o

.ARM.extab      0x0000000008000b2c        0x0
                0x0000000008000b2c                . = ALIGN (0x4)
 *(.ARM.extab* .gnu.linkonce.armextab.*)
                0x0000000008000b2c                . = ALIGN (0x4)

.ARM            0x0000000008000b2c        0x0
                0x0000000008000b2c                . = ALIGN (0x4)
                0x0000000008000b2c                __exidx_start = .
 *(.ARM.exidx*)
                0x0000000008000b2c                __exidx_end = .
                0x0000000008000b2c                . = ALIGN (0x4)

.preinit_array  0x0000000008000b2c        0x0
                0x0000000008000b2c                . = ALIGN (0x4)
                0x0000000008000b2c                PROVIDE (__preinit_array_start = .)
 *(.preinit_array*)
                0x0000000008000b2c                PROVIDE (__preinit_array_end = .)
                0x0000000008000b2c                . = ALIGN (0x4)

.init_array     0x0000000008000b2c        0x4
                0x0000000008000b2c                . = ALIGN (0x4)
                0x0000000008000b2c                PROVIDE (__init_array_start = .)
 *(SORT_BY_NAME(.init_array.*))
 *(.init_array*)
 .init_array    0x0000000008000b2c        0x4 c:/st/stm32cubeide_1.4.0/stm32cubeide/plugins/com.st.stm32cube.ide.mcu.externaltools.gnu-tools-for-stm32.7-2018-q2-update.win32_1.4.0.202007081208/tools/bin/../lib/gcc/arm-none-eabi/7.3.1/thumb/v7-m/crtbegin.o
                0x0000000008000b30                PROVIDE (__init_array_end = .)
                0x0000000008000b30                . = ALIGN (0x4)

.fini_array     0x0000000008000b30        0x4
                0x0000000008000b30                . = ALIGN (0x4)
                [!provide]                        PROVIDE (__fini_array_start = .)
 *(SORT_BY_NAME(.fini_array.*))
 *(.fini_array*)
 .fini_array    0x0000000008000b30        0x4 c:/st/stm32cubeide_1.4.0/stm32cubeide/plugins/com.st.stm32cube.ide.mcu.externaltools.gnu-tools-for-stm32.7-2018-q2-update.win32_1.4.0.202007081208/tools/bin/../lib/gcc/arm-none-eabi/7.3.1/thumb/v7-m/crtbegin.o
                [!provide]                        PROVIDE (__fini_array_end = .)
                0x0000000008000b34                . = ALIGN (0x4)
                0x0000000008000b34                _sidata = LOADADDR (.data)

.data           0x0000000020000000        0x0 load address 0x0000000008000b34
                0x0000000020000000                . = ALIGN (0x4)
                0x0000000020000000                _sdata = .
 *(.data)
 *(.data*)
                0x0000000020000000                . = ALIGN (0x4)
                0x0000000020000000                _edata = .

.igot.plt       0x0000000020000000        0x0 load address 0x0000000008000b34
 .igot.plt      0x0000000020000000        0x0 c:/st/stm32cubeide_1.4.0/stm32cubeide/plugins/com.st.stm32cube.ide.mcu.externaltools.gnu-tools-for-stm32.7-2018-q2-update.win32_1.4.0.202007081208/tools/bin/../lib/gcc/arm-none-eabi/7.3.1/thumb/v7-m/crtbegin.o
                0x0000000020000000                . = ALIGN (0x4)

.bss            0x0000000020000000       0x68 load address 0x0000000008000b34
                0x0000000020000000                _sbss = .
                0x0000000020000000                __bss_start__ = _sbss
 *(.bss)
 .bss           0x0000000020000000       0x1c c:/st/stm32cubeide_1.4.0/stm32cubeide/plugins/com.st.stm32cube.ide.mcu.externaltools.gnu-tools-for-stm32.7-2018-q2-update.win32_1.4.0.202007081208/tools/bin/../lib/gcc/arm-none-eabi/7.3.1/thumb/v7-m/crtbegin.o
 *(.bss*)
 .bss.Global_SPI_Config
                0x000000002000001c        0x8 stm32f103c6_Drivers/SPI.o
                0x000000002000001c                Global_SPI_Config
 .bss.Global_Usart_ConFig
                0x0000000020000024        0x4 stm32f103c6_Drivers/UART.o
                0x0000000020000024                Global_Usart_ConFig
 *(COMMON)
 COMMON         0x0000000020000028        0x2 Src/main.o
                0x0000000020000028                ch
 *fill*         0x000000002000002a        0x2 
 COMMON         0x000000002000002c       0x3c stm32f103c6_Drivers/EXTI.o
                0x000000002000002c                GP_IRQ_CallBack
                0x0000000020000068                . = ALIGN (0x4)
                0x0000000020000068                _ebss = .
                0x0000000020000068                __bss_end__ = _ebss

._user_heap_stack
                0x0000000020000068      0x600 load address 0x0000000008000b34
                0x0000000020000068                . = ALIGN (0x8)
                [!provide]                        PROVIDE (end = .)
                0x0000000020000068                PROVIDE (_end = .)
                0x0000000020000268                . = (. + _Min_Heap_Size)
 *fill*         0x0000000020000068      0x200 
                0x0000000020000668                . = (. + _Min_Stack_Size)
 *fill*         0x0000000020000268      0x400 
                0x0000000020000668                . = ALIGN (0x8)

/DISCARD/
 libc.a(*)
 libm.a(*)
 libgcc.a(*)

.ARM.attributes
                0x0000000000000000       0x29
 *(.ARM.attributes)
 .ARM.attributes
                0x0000000000000000       0x1d c:/st/stm32cubeide_1.4.0/stm32cubeide/plugins/com.st.stm32cube.ide.mcu.externaltools.gnu-tools-for-stm32.7-2018-q2-update.win32_1.4.0.202007081208/tools/bin/../lib/gcc/arm-none-eabi/7.3.1/thumb/v7-m/crti.o
 .ARM.attributes
                0x000000000000001d       0x2d c:/st/stm32cubeide_1.4.0/stm32cubeide/plugins/com.st.stm32cube.ide.mcu.externaltools.gnu-tools-for-stm32.7-2018-q2-update.win32_1.4.0.202007081208/tools/bin/../lib/gcc/arm-none-eabi/7.3.1/thumb/v7-m/crtbegin.o
 .ARM.attributes
                0x000000000000004a       0x33 Src/main.o
 .ARM.attributes
                0x000000000000007d       0x21 Startup/startup_stm32f103c6tx.o
 .ARM.attributes
                0x000000000000009e       0x33 stm32f103c6_Drivers/EXTI.o
 .ARM.attributes
                0x00000000000000d1       0x33 stm32f103c6_Drivers/GPIO.o
 .ARM.attributes
                0x0000000000000104       0x33 stm32f103c6_Drivers/RCC.o
 .ARM.attributes
                0x0000000000000137       0x33 stm32f103c6_Drivers/SPI.o
 .ARM.attributes
                0x000000000000016a       0x33 stm32f103c6_Drivers/UART.o
 .ARM.attributes
                0x000000000000019d       0x2d c:/st/stm32cubeide_1.4.0/stm32cubeide/plugins/com.st.stm32cube.ide.mcu.externaltools.gnu-tools-for-stm32.7-2018-q2-update.win32_1.4.0.202007081208/tools/bin/../lib/gcc/arm-none-eabi/7.3.1/../../../../arm-none-eabi/lib/thumb/v7-m\libc_nano.a(lib_a-init.o)
 .ARM.attributes
                0x00000000000001ca       0x1d c:/st/stm32cubeide_1.4.0/stm32cubeide/plugins/com.st.stm32cube.ide.mcu.externaltools.gnu-tools-for-stm32.7-2018-q2-update.win32_1.4.0.202007081208/tools/bin/../lib/gcc/arm-none-eabi/7.3.1/thumb/v7-m/crtn.o
OUTPUT(drivers.elf elf32-littlearm)

.debug_info     0x0000000000000000     0x4fdc
 .debug_info    0x0000000000000000      0xbe6 Src/main.o
 .debug_info    0x0000000000000be6       0x22 Startup/startup_stm32f103c6tx.o
 .debug_info    0x0000000000000c08      0xdbc stm32f103c6_Drivers/EXTI.o
 .debug_info    0x00000000000019c4      0xd78 stm32f103c6_Drivers/GPIO.o
 .debug_info    0x000000000000273c      0xb25 stm32f103c6_Drivers/RCC.o
 .debug_info    0x0000000000003261      0xf04 stm32f103c6_Drivers/SPI.o
 .debug_info    0x0000000000004165      0xe77 stm32f103c6_Drivers/UART.o

.debug_abbrev   0x0000000000000000      0xbc3
 .debug_abbrev  0x0000000000000000      0x1c2 Src/main.o
 .debug_abbrev  0x00000000000001c2       0x12 Startup/startup_stm32f103c6tx.o
 .debug_abbrev  0x00000000000001d4      0x228 stm32f103c6_Drivers/EXTI.o
 .debug_abbrev  0x00000000000003fc      0x1dc stm32f103c6_Drivers/GPIO.o
 .debug_abbrev  0x00000000000005d8      0x19b stm32f103c6_Drivers/RCC.o
 .debug_abbrev  0x0000000000000773      0x23e stm32f103c6_Drivers/SPI.o
 .debug_abbrev  0x00000000000009b1      0x212 stm32f103c6_Drivers/UART.o

.debug_loc      0x0000000000000000      0xd34
 .debug_loc     0x0000000000000000       0x7c Src/main.o
 .debug_loc     0x000000000000007c      0x320 stm32f103c6_Drivers/EXTI.o
 .debug_loc     0x000000000000039c      0x330 stm32f103c6_Drivers/GPIO.o
 .debug_loc     0x00000000000006cc       0xc8 stm32f103c6_Drivers/RCC.o
 .debug_loc     0x0000000000000794      0x2bc stm32f103c6_Drivers/SPI.o
 .debug_loc     0x0000000000000a50      0x2e4 stm32f103c6_Drivers/UART.o

.debug_aranges  0x0000000000000000      0x228
 .debug_aranges
                0x0000000000000000       0x28 Src/main.o
 .debug_aranges
                0x0000000000000028       0x28 Startup/startup_stm32f103c6tx.o
 .debug_aranges
                0x0000000000000050       0x80 stm32f103c6_Drivers/EXTI.o
 .debug_aranges
                0x00000000000000d0       0x60 stm32f103c6_Drivers/GPIO.o
 .debug_aranges
                0x0000000000000130       0x38 stm32f103c6_Drivers/RCC.o
 .debug_aranges
                0x0000000000000168       0x58 stm32f103c6_Drivers/SPI.o
 .debug_aranges
                0x00000000000001c0       0x68 stm32f103c6_Drivers/UART.o

.debug_ranges   0x0000000000000000      0x1c0
 .debug_ranges  0x0000000000000000       0x18 Src/main.o
 .debug_ranges  0x0000000000000018       0x20 Startup/startup_stm32f103c6tx.o
 .debug_ranges  0x0000000000000038       0x70 stm32f103c6_Drivers/EXTI.o
 .debug_ranges  0x00000000000000a8       0x50 stm32f103c6_Drivers/GPIO.o
 .debug_ranges  0x00000000000000f8       0x28 stm32f103c6_Drivers/RCC.o
 .debug_ranges  0x0000000000000120       0x48 stm32f103c6_Drivers/SPI.o
 .debug_ranges  0x0000000000000168       0x58 stm32f103c6_Drivers/UART.o

.debug_macro    0x0000000000000000      0xcaf
 .debug_macro   0x0000000000000000      0x180 Src/main.o
 .debug_macro   0x0000000000000180       0xe2 Src/main.o
 .debug_macro   0x0000000000000262       0xca Src/main.o
 .debug_macro   0x000000000000032c       0x64 Src/main.o
 .debug_macro   0x0000000000000390      0x154 stm32f103c6_Drivers/EXTI.o
 .debug_macro   0x00000000000004e4      0x1a7 stm32f103c6_Drivers/EXTI.o
 .debug_macro   0x000000000000068b      0x145 stm32f103c6_Drivers/GPIO.o
 .debug_macro   0x00000000000007d0      0x14e stm32f103c6_Drivers/RCC.o
 .debug_macro   0x000000000000091e       0x10 stm32f103c6_Drivers/RCC.o
 .debug_macro   0x000000000000092e      0x166 stm32f103c6_Drivers/SPI.o
 .debug_macro   0x0000000000000a94       0xc4 stm32f103c6_Drivers/SPI.o
 .debug_macro   0x0000000000000b58      0x157 stm32f103c6_Drivers/UART.o

.debug_line     0x0000000000000000     0x27a5
 .debug_line    0x0000000000000000      0x63d Src/main.o
 .debug_line    0x000000000000063d       0x84 Startup/startup_stm32f103c6tx.o
 .debug_line    0x00000000000006c1      0x733 stm32f103c6_Drivers/EXTI.o
 .debug_line    0x0000000000000df4      0x69f stm32f103c6_Drivers/GPIO.o
 .debug_line    0x0000000000001493      0x5b9 stm32f103c6_Drivers/RCC.o
 .debug_line    0x0000000000001a4c      0x6a5 stm32f103c6_Drivers/SPI.o
 .debug_line    0x00000000000020f1      0x6b4 stm32f103c6_Drivers/UART.o

.debug_str      0x0000000000000000     0xbdb4
 .debug_str     0x0000000000000000     0xa4c2 Src/main.o
                                       0xa74d (size before relaxing)
 .debug_str     0x000000000000a4c2       0x31 Startup/startup_stm32f103c6tx.o
                                         0x9c (size before relaxing)
 .debug_str     0x000000000000a4f3     0x13bf stm32f103c6_Drivers/EXTI.o
                                       0xa9b5 (size before relaxing)
 .debug_str     0x000000000000b8b2      0x12c stm32f103c6_Drivers/GPIO.o
                                       0x97dc (size before relaxing)
 .debug_str     0x000000000000b9de       0x94 stm32f103c6_Drivers/RCC.o
                                       0x9706 (size before relaxing)
 .debug_str     0x000000000000ba72      0x21d stm32f103c6_Drivers/SPI.o
                                       0x9e55 (size before relaxing)
 .debug_str     0x000000000000bc8f      0x125 stm32f103c6_Drivers/UART.o
                                       0x9ec7 (size before relaxing)

.comment        0x0000000000000000       0x7b
 .comment       0x0000000000000000       0x7b Src/main.o
                                         0x7c (size before relaxing)
 .comment       0x000000000000007b       0x7c stm32f103c6_Drivers/EXTI.o
 .comment       0x000000000000007b       0x7c stm32f103c6_Drivers/GPIO.o
 .comment       0x000000000000007b       0x7c stm32f103c6_Drivers/RCC.o
 .comment       0x000000000000007b       0x7c stm32f103c6_Drivers/SPI.o
 .comment       0x000000000000007b       0x7c stm32f103c6_Drivers/UART.o

.debug_frame    0x0000000000000000      0x6e0
 .debug_frame   0x0000000000000000       0x50 Src/main.o
 .debug_frame   0x0000000000000050      0x1b0 stm32f103c6_Drivers/EXTI.o
 .debug_frame   0x0000000000000200      0x178 stm32f103c6_Drivers/GPIO.o
 .debug_frame   0x0000000000000378       0x84 stm32f103c6_Drivers/RCC.o
 .debug_frame   0x00000000000003fc      0x148 stm32f103c6_Drivers/SPI.o
 .debug_frame   0x0000000000000544      0x170 stm32f103c6_Drivers/UART.o
 .debug_frame   0x00000000000006b4       0x2c c:/st/stm32cubeide_1.4.0/stm32cubeide/plugins/com.st.stm32cube.ide.mcu.externaltools.gnu-tools-for-stm32.7-2018-q2-update.win32_1.4.0.202007081208/tools/bin/../lib/gcc/arm-none-eabi/7.3.1/../../../../arm-none-eabi/lib/thumb/v7-m\libc_nano.a(lib_a-init.o)
