Archive member included to satisfy reference by file (symbol)

c:/st/stm32cubeide_1.4.0/stm32cubeide/plugins/com.st.stm32cube.ide.mcu.externaltools.gnu-tools-for-stm32.7-2018-q2-update.win32_1.4.0.202007081208/tools/bin/../lib/gcc/arm-none-eabi/7.3.1/../../../../arm-none-eabi/lib/thumb/v7-m\libc_nano.a(lib_a-errno.o)
                              Src/syscalls.o (__errno)
c:/st/stm32cubeide_1.4.0/stm32cubeide/plugins/com.st.stm32cube.ide.mcu.externaltools.gnu-tools-for-stm32.7-2018-q2-update.win32_1.4.0.202007081208/tools/bin/../lib/gcc/arm-none-eabi/7.3.1/../../../../arm-none-eabi/lib/thumb/v7-m\libc_nano.a(lib_a-exit.o)
                              c:/st/stm32cubeide_1.4.0/stm32cubeide/plugins/com.st.stm32cube.ide.mcu.externaltools.gnu-tools-for-stm32.7-2018-q2-update.win32_1.4.0.202007081208/tools/bin/../lib/gcc/arm-none-eabi/7.3.1/../../../../arm-none-eabi/lib/thumb/v7-m/crt0.o (exit)
c:/st/stm32cubeide_1.4.0/stm32cubeide/plugins/com.st.stm32cube.ide.mcu.externaltools.gnu-tools-for-stm32.7-2018-q2-update.win32_1.4.0.202007081208/tools/bin/../lib/gcc/arm-none-eabi/7.3.1/../../../../arm-none-eabi/lib/thumb/v7-m\libc_nano.a(lib_a-impure.o)
                              c:/st/stm32cubeide_1.4.0/stm32cubeide/plugins/com.st.stm32cube.ide.mcu.externaltools.gnu-tools-for-stm32.7-2018-q2-update.win32_1.4.0.202007081208/tools/bin/../lib/gcc/arm-none-eabi/7.3.1/../../../../arm-none-eabi/lib/thumb/v7-m\libc_nano.a(lib_a-exit.o) (_global_impure_ptr)
c:/st/stm32cubeide_1.4.0/stm32cubeide/plugins/com.st.stm32cube.ide.mcu.externaltools.gnu-tools-for-stm32.7-2018-q2-update.win32_1.4.0.202007081208/tools/bin/../lib/gcc/arm-none-eabi/7.3.1/../../../../arm-none-eabi/lib/thumb/v7-m\libc_nano.a(lib_a-init.o)
                              c:/st/stm32cubeide_1.4.0/stm32cubeide/plugins/com.st.stm32cube.ide.mcu.externaltools.gnu-tools-for-stm32.7-2018-q2-update.win32_1.4.0.202007081208/tools/bin/../lib/gcc/arm-none-eabi/7.3.1/../../../../arm-none-eabi/lib/thumb/v7-m/crt0.o (__libc_init_array)
c:/st/stm32cubeide_1.4.0/stm32cubeide/plugins/com.st.stm32cube.ide.mcu.externaltools.gnu-tools-for-stm32.7-2018-q2-update.win32_1.4.0.202007081208/tools/bin/../lib/gcc/arm-none-eabi/7.3.1/../../../../arm-none-eabi/lib/thumb/v7-m\libc_nano.a(lib_a-memset.o)
                              c:/st/stm32cubeide_1.4.0/stm32cubeide/plugins/com.st.stm32cube.ide.mcu.externaltools.gnu-tools-for-stm32.7-2018-q2-update.win32_1.4.0.202007081208/tools/bin/../lib/gcc/arm-none-eabi/7.3.1/../../../../arm-none-eabi/lib/thumb/v7-m/crt0.o (memset)

Allocating common symbols
Common symbol       size              file

PinConfig           0x4               HAL/LCD.o
Buffer              0x2               Src/main.o
GP_IRQ_CallBack     0x3c              stm32f103c6_Drivers/EXTI.o

Discarded input sections

 .text          0x0000000000000000        0x0 c:/st/stm32cubeide_1.4.0/stm32cubeide/plugins/com.st.stm32cube.ide.mcu.externaltools.gnu-tools-for-stm32.7-2018-q2-update.win32_1.4.0.202007081208/tools/bin/../lib/gcc/arm-none-eabi/7.3.1/thumb/v7-m/crti.o
 .data          0x0000000000000000        0x0 c:/st/stm32cubeide_1.4.0/stm32cubeide/plugins/com.st.stm32cube.ide.mcu.externaltools.gnu-tools-for-stm32.7-2018-q2-update.win32_1.4.0.202007081208/tools/bin/../lib/gcc/arm-none-eabi/7.3.1/thumb/v7-m/crti.o
 .bss           0x0000000000000000        0x0 c:/st/stm32cubeide_1.4.0/stm32cubeide/plugins/com.st.stm32cube.ide.mcu.externaltools.gnu-tools-for-stm32.7-2018-q2-update.win32_1.4.0.202007081208/tools/bin/../lib/gcc/arm-none-eabi/7.3.1/thumb/v7-m/crti.o
 .data          0x0000000000000000        0x4 c:/st/stm32cubeide_1.4.0/stm32cubeide/plugins/com.st.stm32cube.ide.mcu.externaltools.gnu-tools-for-stm32.7-2018-q2-update.win32_1.4.0.202007081208/tools/bin/../lib/gcc/arm-none-eabi/7.3.1/thumb/v7-m/crtbegin.o
 .text          0x0000000000000000       0x74 c:/st/stm32cubeide_1.4.0/stm32cubeide/plugins/com.st.stm32cube.ide.mcu.externaltools.gnu-tools-for-stm32.7-2018-q2-update.win32_1.4.0.202007081208/tools/bin/../lib/gcc/arm-none-eabi/7.3.1/../../../../arm-none-eabi/lib/thumb/v7-m/crt0.o
 .data          0x0000000000000000        0x0 c:/st/stm32cubeide_1.4.0/stm32cubeide/plugins/com.st.stm32cube.ide.mcu.externaltools.gnu-tools-for-stm32.7-2018-q2-update.win32_1.4.0.202007081208/tools/bin/../lib/gcc/arm-none-eabi/7.3.1/../../../../arm-none-eabi/lib/thumb/v7-m/crt0.o
 .bss           0x0000000000000000        0x0 c:/st/stm32cubeide_1.4.0/stm32cubeide/plugins/com.st.stm32cube.ide.mcu.externaltools.gnu-tools-for-stm32.7-2018-q2-update.win32_1.4.0.202007081208/tools/bin/../lib/gcc/arm-none-eabi/7.3.1/../../../../arm-none-eabi/lib/thumb/v7-m/crt0.o
 .ARM.extab     0x0000000000000000        0x0 c:/st/stm32cubeide_1.4.0/stm32cubeide/plugins/com.st.stm32cube.ide.mcu.externaltools.gnu-tools-for-stm32.7-2018-q2-update.win32_1.4.0.202007081208/tools/bin/../lib/gcc/arm-none-eabi/7.3.1/../../../../arm-none-eabi/lib/thumb/v7-m/crt0.o
 .ARM.exidx     0x0000000000000000        0x8 c:/st/stm32cubeide_1.4.0/stm32cubeide/plugins/com.st.stm32cube.ide.mcu.externaltools.gnu-tools-for-stm32.7-2018-q2-update.win32_1.4.0.202007081208/tools/bin/../lib/gcc/arm-none-eabi/7.3.1/../../../../arm-none-eabi/lib/thumb/v7-m/crt0.o
 .ARM.attributes
                0x0000000000000000       0x1b c:/st/stm32cubeide_1.4.0/stm32cubeide/plugins/com.st.stm32cube.ide.mcu.externaltools.gnu-tools-for-stm32.7-2018-q2-update.win32_1.4.0.202007081208/tools/bin/../lib/gcc/arm-none-eabi/7.3.1/../../../../arm-none-eabi/lib/thumb/v7-m/crt0.o
 .group         0x0000000000000000        0xc HAL/Keypad.o
 .group         0x0000000000000000        0xc HAL/Keypad.o
 .group         0x0000000000000000        0xc HAL/Keypad.o
 .group         0x0000000000000000        0xc HAL/Keypad.o
 .group         0x0000000000000000        0xc HAL/Keypad.o
 .group         0x0000000000000000        0xc HAL/Keypad.o
 .group         0x0000000000000000        0xc HAL/Keypad.o
 .group         0x0000000000000000        0xc HAL/Keypad.o
 .group         0x0000000000000000        0xc HAL/Keypad.o
 .group         0x0000000000000000        0xc HAL/Keypad.o
 .group         0x0000000000000000        0xc HAL/Keypad.o
 .group         0x0000000000000000        0xc HAL/Keypad.o
 .group         0x0000000000000000        0xc HAL/Keypad.o
 .group         0x0000000000000000        0xc HAL/Keypad.o
 .group         0x0000000000000000        0xc HAL/Keypad.o
 .group         0x0000000000000000        0xc HAL/Keypad.o
 .group         0x0000000000000000        0xc HAL/Keypad.o
 .group         0x0000000000000000        0xc HAL/Keypad.o
 .group         0x0000000000000000        0xc HAL/Keypad.o
 .group         0x0000000000000000        0xc HAL/Keypad.o
 .group         0x0000000000000000        0xc HAL/Keypad.o
 .group         0x0000000000000000        0xc HAL/Keypad.o
 .group         0x0000000000000000        0xc HAL/Keypad.o
 .group         0x0000000000000000        0xc HAL/Keypad.o
 .group         0x0000000000000000        0xc HAL/Keypad.o
 .text          0x0000000000000000        0x0 HAL/Keypad.o
 .data          0x0000000000000000        0x0 HAL/Keypad.o
 .bss           0x0000000000000000        0x0 HAL/Keypad.o
 .data.ROWS     0x0000000000000000        0x8 HAL/Keypad.o
 .data.COL      0x0000000000000000        0x8 HAL/Keypad.o
 .text.KeYPad_Init
                0x0000000000000000       0x80 HAL/Keypad.o
 .text.KeyPAd_Scan
                0x0000000000000000      0x1d8 HAL/Keypad.o
 .debug_info    0x0000000000000000      0xb45 HAL/Keypad.o
 .debug_abbrev  0x0000000000000000      0x1da HAL/Keypad.o
 .debug_loc     0x0000000000000000       0xa0 HAL/Keypad.o
 .debug_aranges
                0x0000000000000000       0x28 HAL/Keypad.o
 .debug_ranges  0x0000000000000000       0x18 HAL/Keypad.o
 .debug_macro   0x0000000000000000      0x158 HAL/Keypad.o
 .debug_macro   0x0000000000000000      0xa60 HAL/Keypad.o
 .debug_macro   0x0000000000000000       0x22 HAL/Keypad.o
 .debug_macro   0x0000000000000000       0x8e HAL/Keypad.o
 .debug_macro   0x0000000000000000       0x51 HAL/Keypad.o
 .debug_macro   0x0000000000000000       0xef HAL/Keypad.o
 .debug_macro   0x0000000000000000       0x6a HAL/Keypad.o
 .debug_macro   0x0000000000000000      0x1df HAL/Keypad.o
 .debug_macro   0x0000000000000000       0x18 HAL/Keypad.o
 .debug_macro   0x0000000000000000       0x46 HAL/Keypad.o
 .debug_macro   0x0000000000000000       0x3c HAL/Keypad.o
 .debug_macro   0x0000000000000000       0x34 HAL/Keypad.o
 .debug_macro   0x0000000000000000       0x16 HAL/Keypad.o
 .debug_macro   0x0000000000000000      0x10e HAL/Keypad.o
 .debug_macro   0x0000000000000000       0x8d HAL/Keypad.o
 .debug_macro   0x0000000000000000       0x52 HAL/Keypad.o
 .debug_macro   0x0000000000000000       0x1f HAL/Keypad.o
 .debug_macro   0x0000000000000000       0x43 HAL/Keypad.o
 .debug_macro   0x0000000000000000       0x20 HAL/Keypad.o
 .debug_macro   0x0000000000000000      0x1a3 HAL/Keypad.o
 .debug_macro   0x0000000000000000      0x330 HAL/Keypad.o
 .debug_macro   0x0000000000000000       0x16 HAL/Keypad.o
 .debug_macro   0x0000000000000000       0x29 HAL/Keypad.o
 .debug_macro   0x0000000000000000      0x310 HAL/Keypad.o
 .debug_macro   0x0000000000000000       0xca HAL/Keypad.o
 .debug_macro   0x0000000000000000       0x3a HAL/Keypad.o
 .debug_line    0x0000000000000000      0x68b HAL/Keypad.o
 .debug_str     0x0000000000000000     0x82ae HAL/Keypad.o
 .comment       0x0000000000000000       0x7c HAL/Keypad.o
 .debug_frame   0x0000000000000000       0x58 HAL/Keypad.o
 .ARM.attributes
                0x0000000000000000       0x33 HAL/Keypad.o
 .group         0x0000000000000000        0xc HAL/LCD.o
 .group         0x0000000000000000        0xc HAL/LCD.o
 .group         0x0000000000000000        0xc HAL/LCD.o
 .group         0x0000000000000000        0xc HAL/LCD.o
 .group         0x0000000000000000        0xc HAL/LCD.o
 .group         0x0000000000000000        0xc HAL/LCD.o
 .group         0x0000000000000000        0xc HAL/LCD.o
 .group         0x0000000000000000        0xc HAL/LCD.o
 .group         0x0000000000000000        0xc HAL/LCD.o
 .group         0x0000000000000000        0xc HAL/LCD.o
 .group         0x0000000000000000        0xc HAL/LCD.o
 .group         0x0000000000000000        0xc HAL/LCD.o
 .group         0x0000000000000000        0xc HAL/LCD.o
 .group         0x0000000000000000        0xc HAL/LCD.o
 .group         0x0000000000000000        0xc HAL/LCD.o
 .group         0x0000000000000000        0xc HAL/LCD.o
 .group         0x0000000000000000        0xc HAL/LCD.o
 .group         0x0000000000000000        0xc HAL/LCD.o
 .group         0x0000000000000000        0xc HAL/LCD.o
 .group         0x0000000000000000        0xc HAL/LCD.o
 .group         0x0000000000000000        0xc HAL/LCD.o
 .group         0x0000000000000000        0xc HAL/LCD.o
 .group         0x0000000000000000        0xc HAL/LCD.o
 .group         0x0000000000000000        0xc HAL/LCD.o
 .group         0x0000000000000000        0xc HAL/LCD.o
 .text          0x0000000000000000        0x0 HAL/LCD.o
 .data          0x0000000000000000        0x0 HAL/LCD.o
 .bss           0x0000000000000000        0x0 HAL/LCD.o
 .text.LCD_Clear_Screen
                0x0000000000000000        0xe HAL/LCD.o
 .text.LCD_Enable
                0x0000000000000000       0x2c HAL/LCD.o
 .text._delay_ms
                0x0000000000000000       0x38 HAL/LCD.o
 .text.LCD_Init
                0x0000000000000000      0x18c HAL/LCD.o
 .text.LCD_Wirte_Cmd
                0x0000000000000000       0x48 HAL/LCD.o
 .text.Lcd_Write_Char
                0x0000000000000000       0x44 HAL/LCD.o
 .text.LCD_Write_String
                0x0000000000000000       0xbe HAL/LCD.o
 .text.LCD_GO_TO_INDEX
                0x0000000000000000       0x40 HAL/LCD.o
 .text.LCD_Store_Customer_Char
                0x0000000000000000       0x56 HAL/LCD.o
 .text.LCD_Display_Customer_Char
                0x0000000000000000       0x2e HAL/LCD.o
 .debug_info    0x0000000000000000      0xcbe HAL/LCD.o
 .debug_abbrev  0x0000000000000000      0x23d HAL/LCD.o
 .debug_loc     0x0000000000000000      0x2c0 HAL/LCD.o
 .debug_aranges
                0x0000000000000000       0x68 HAL/LCD.o
 .debug_ranges  0x0000000000000000       0x58 HAL/LCD.o
 .debug_macro   0x0000000000000000      0x158 HAL/LCD.o
 .debug_macro   0x0000000000000000      0xa60 HAL/LCD.o
 .debug_macro   0x0000000000000000       0x22 HAL/LCD.o
 .debug_macro   0x0000000000000000       0x8e HAL/LCD.o
 .debug_macro   0x0000000000000000       0x51 HAL/LCD.o
 .debug_macro   0x0000000000000000       0xef HAL/LCD.o
 .debug_macro   0x0000000000000000       0x6a HAL/LCD.o
 .debug_macro   0x0000000000000000      0x1df HAL/LCD.o
 .debug_macro   0x0000000000000000       0x18 HAL/LCD.o
 .debug_macro   0x0000000000000000       0x46 HAL/LCD.o
 .debug_macro   0x0000000000000000       0x3c HAL/LCD.o
 .debug_macro   0x0000000000000000       0x34 HAL/LCD.o
 .debug_macro   0x0000000000000000       0x16 HAL/LCD.o
 .debug_macro   0x0000000000000000      0x10e HAL/LCD.o
 .debug_macro   0x0000000000000000       0x8d HAL/LCD.o
 .debug_macro   0x0000000000000000       0x52 HAL/LCD.o
 .debug_macro   0x0000000000000000       0x1f HAL/LCD.o
 .debug_macro   0x0000000000000000       0x43 HAL/LCD.o
 .debug_macro   0x0000000000000000       0x20 HAL/LCD.o
 .debug_macro   0x0000000000000000      0x1a3 HAL/LCD.o
 .debug_macro   0x0000000000000000      0x330 HAL/LCD.o
 .debug_macro   0x0000000000000000       0x16 HAL/LCD.o
 .debug_macro   0x0000000000000000       0x29 HAL/LCD.o
 .debug_macro   0x0000000000000000      0x310 HAL/LCD.o
 .debug_macro   0x0000000000000000       0xca HAL/LCD.o
 .debug_macro   0x0000000000000000       0xa0 HAL/LCD.o
 .debug_line    0x0000000000000000      0x731 HAL/LCD.o
 .debug_str     0x0000000000000000     0x855d HAL/LCD.o
 .comment       0x0000000000000000       0x7c HAL/LCD.o
 .debug_frame   0x0000000000000000      0x164 HAL/LCD.o
 .ARM.attributes
                0x0000000000000000       0x33 HAL/LCD.o
 COMMON         0x0000000000000000        0x4 HAL/LCD.o
 .group         0x0000000000000000        0xc Src/main.o
 .group         0x0000000000000000        0xc Src/main.o
 .group         0x0000000000000000        0xc Src/main.o
 .group         0x0000000000000000        0xc Src/main.o
 .group         0x0000000000000000        0xc Src/main.o
 .group         0x0000000000000000        0xc Src/main.o
 .group         0x0000000000000000        0xc Src/main.o
 .group         0x0000000000000000        0xc Src/main.o
 .group         0x0000000000000000        0xc Src/main.o
 .group         0x0000000000000000        0xc Src/main.o
 .group         0x0000000000000000        0xc Src/main.o
 .group         0x0000000000000000        0xc Src/main.o
 .group         0x0000000000000000        0xc Src/main.o
 .group         0x0000000000000000        0xc Src/main.o
 .group         0x0000000000000000        0xc Src/main.o
 .group         0x0000000000000000        0xc Src/main.o
 .group         0x0000000000000000        0xc Src/main.o
 .group         0x0000000000000000        0xc Src/main.o
 .group         0x0000000000000000        0xc Src/main.o
 .group         0x0000000000000000        0xc Src/main.o
 .group         0x0000000000000000        0xc Src/main.o
 .group         0x0000000000000000        0xc Src/main.o
 .group         0x0000000000000000        0xc Src/main.o
 .group         0x0000000000000000        0xc Src/main.o
 .group         0x0000000000000000        0xc Src/main.o
 .group         0x0000000000000000        0xc Src/main.o
 .group         0x0000000000000000        0xc Src/main.o
 .text          0x0000000000000000        0x0 Src/main.o
 .data          0x0000000000000000        0x0 Src/main.o
 .bss           0x0000000000000000        0x0 Src/main.o
 .debug_macro   0x0000000000000000      0xa60 Src/main.o
 .debug_macro   0x0000000000000000       0x22 Src/main.o
 .debug_macro   0x0000000000000000       0x8e Src/main.o
 .debug_macro   0x0000000000000000       0x51 Src/main.o
 .debug_macro   0x0000000000000000       0xef Src/main.o
 .debug_macro   0x0000000000000000       0x6a Src/main.o
 .debug_macro   0x0000000000000000      0x1df Src/main.o
 .debug_macro   0x0000000000000000       0x18 Src/main.o
 .debug_macro   0x0000000000000000       0x46 Src/main.o
 .debug_macro   0x0000000000000000       0x3c Src/main.o
 .debug_macro   0x0000000000000000       0x34 Src/main.o
 .debug_macro   0x0000000000000000       0x16 Src/main.o
 .debug_macro   0x0000000000000000      0x10e Src/main.o
 .debug_macro   0x0000000000000000       0x8d Src/main.o
 .debug_macro   0x0000000000000000       0x52 Src/main.o
 .debug_macro   0x0000000000000000       0x1f Src/main.o
 .debug_macro   0x0000000000000000       0x43 Src/main.o
 .debug_macro   0x0000000000000000       0x20 Src/main.o
 .debug_macro   0x0000000000000000      0x1a3 Src/main.o
 .debug_macro   0x0000000000000000      0x330 Src/main.o
 .debug_macro   0x0000000000000000       0x16 Src/main.o
 .debug_macro   0x0000000000000000       0x29 Src/main.o
 .debug_macro   0x0000000000000000      0x310 Src/main.o
 .group         0x0000000000000000        0xc Src/syscalls.o
 .group         0x0000000000000000        0xc Src/syscalls.o
 .group         0x0000000000000000        0xc Src/syscalls.o
 .group         0x0000000000000000        0xc Src/syscalls.o
 .group         0x0000000000000000        0xc Src/syscalls.o
 .group         0x0000000000000000        0xc Src/syscalls.o
 .group         0x0000000000000000        0xc Src/syscalls.o
 .group         0x0000000000000000        0xc Src/syscalls.o
 .group         0x0000000000000000        0xc Src/syscalls.o
 .group         0x0000000000000000        0xc Src/syscalls.o
 .group         0x0000000000000000        0xc Src/syscalls.o
 .group         0x0000000000000000        0xc Src/syscalls.o
 .group         0x0000000000000000        0xc Src/syscalls.o
 .group         0x0000000000000000        0xc Src/syscalls.o
 .group         0x0000000000000000        0xc Src/syscalls.o
 .group         0x0000000000000000        0xc Src/syscalls.o
 .group         0x0000000000000000        0xc Src/syscalls.o
 .group         0x0000000000000000        0xc Src/syscalls.o
 .group         0x0000000000000000        0xc Src/syscalls.o
 .group         0x0000000000000000        0xc Src/syscalls.o
 .group         0x0000000000000000        0xc Src/syscalls.o
 .group         0x0000000000000000        0xc Src/syscalls.o
 .group         0x0000000000000000        0xc Src/syscalls.o
 .group         0x0000000000000000        0xc Src/syscalls.o
 .group         0x0000000000000000        0xc Src/syscalls.o
 .group         0x0000000000000000        0xc Src/syscalls.o
 .group         0x0000000000000000        0xc Src/syscalls.o
 .group         0x0000000000000000        0xc Src/syscalls.o
 .group         0x0000000000000000        0xc Src/syscalls.o
 .group         0x0000000000000000        0xc Src/syscalls.o
 .group         0x0000000000000000        0xc Src/syscalls.o
 .group         0x0000000000000000        0xc Src/syscalls.o
 .group         0x0000000000000000        0xc Src/syscalls.o
 .group         0x0000000000000000        0xc Src/syscalls.o
 .group         0x0000000000000000        0xc Src/syscalls.o
 .group         0x0000000000000000        0xc Src/syscalls.o
 .group         0x0000000000000000        0xc Src/syscalls.o
 .group         0x0000000000000000        0xc Src/syscalls.o
 .group         0x0000000000000000        0xc Src/syscalls.o
 .group         0x0000000000000000        0xc Src/syscalls.o
 .group         0x0000000000000000        0xc Src/syscalls.o
 .group         0x0000000000000000        0xc Src/syscalls.o
 .group         0x0000000000000000        0xc Src/syscalls.o
 .group         0x0000000000000000        0xc Src/syscalls.o
 .text          0x0000000000000000        0x0 Src/syscalls.o
 .data          0x0000000000000000        0x0 Src/syscalls.o
 .bss           0x0000000000000000        0x0 Src/syscalls.o
 .bss.__env     0x0000000000000000        0x4 Src/syscalls.o
 .data.environ  0x0000000000000000        0x4 Src/syscalls.o
 .text.initialise_monitor_handles
                0x0000000000000000        0xc Src/syscalls.o
 .text._getpid  0x0000000000000000        0xe Src/syscalls.o
 .text._kill    0x0000000000000000       0x20 Src/syscalls.o
 .text._exit    0x0000000000000000       0x14 Src/syscalls.o
 .text._read    0x0000000000000000       0x3a Src/syscalls.o
 .text._write   0x0000000000000000       0x38 Src/syscalls.o
 .text._close   0x0000000000000000       0x16 Src/syscalls.o
 .text._fstat   0x0000000000000000       0x1e Src/syscalls.o
 .text._isatty  0x0000000000000000       0x14 Src/syscalls.o
 .text._lseek   0x0000000000000000       0x18 Src/syscalls.o
 .text._open    0x0000000000000000       0x1a Src/syscalls.o
 .text._wait    0x0000000000000000       0x1e Src/syscalls.o
 .text._unlink  0x0000000000000000       0x1e Src/syscalls.o
 .text._times   0x0000000000000000       0x16 Src/syscalls.o
 .text._stat    0x0000000000000000       0x1e Src/syscalls.o
 .text._link    0x0000000000000000       0x20 Src/syscalls.o
 .text._fork    0x0000000000000000       0x16 Src/syscalls.o
 .text._execve  0x0000000000000000       0x22 Src/syscalls.o
 .debug_info    0x0000000000000000     0x1038 Src/syscalls.o
 .debug_abbrev  0x0000000000000000      0x254 Src/syscalls.o
 .debug_loc     0x0000000000000000      0x5b8 Src/syscalls.o
 .debug_aranges
                0x0000000000000000       0xa8 Src/syscalls.o
 .debug_ranges  0x0000000000000000       0x98 Src/syscalls.o
 .debug_macro   0x0000000000000000      0x243 Src/syscalls.o
 .debug_macro   0x0000000000000000      0xa60 Src/syscalls.o
 .debug_macro   0x0000000000000000       0x22 Src/syscalls.o
 .debug_macro   0x0000000000000000       0x40 Src/syscalls.o
 .debug_macro   0x0000000000000000       0x18 Src/syscalls.o
 .debug_macro   0x0000000000000000       0x94 Src/syscalls.o
 .debug_macro   0x0000000000000000       0x3c Src/syscalls.o
 .debug_macro   0x0000000000000000       0x34 Src/syscalls.o
 .debug_macro   0x0000000000000000       0x57 Src/syscalls.o
 .debug_macro   0x0000000000000000      0x174 Src/syscalls.o
 .debug_macro   0x0000000000000000      0x330 Src/syscalls.o
 .debug_macro   0x0000000000000000       0x52 Src/syscalls.o
 .debug_macro   0x0000000000000000       0x1f Src/syscalls.o
 .debug_macro   0x0000000000000000       0x43 Src/syscalls.o
 .debug_macro   0x0000000000000000       0x20 Src/syscalls.o
 .debug_macro   0x0000000000000000      0x1a3 Src/syscalls.o
 .debug_macro   0x0000000000000000       0x10 Src/syscalls.o
 .debug_macro   0x0000000000000000       0x35 Src/syscalls.o
 .debug_macro   0x0000000000000000       0x10 Src/syscalls.o
 .debug_macro   0x0000000000000000       0x10 Src/syscalls.o
 .debug_macro   0x0000000000000000       0x10 Src/syscalls.o
 .debug_macro   0x0000000000000000       0x6a Src/syscalls.o
 .debug_macro   0x0000000000000000       0x1c Src/syscalls.o
 .debug_macro   0x0000000000000000       0x52 Src/syscalls.o
 .debug_macro   0x0000000000000000       0x40 Src/syscalls.o
 .debug_macro   0x0000000000000000       0x10 Src/syscalls.o
 .debug_macro   0x0000000000000000       0x40 Src/syscalls.o
 .debug_macro   0x0000000000000000       0xd7 Src/syscalls.o
 .debug_macro   0x0000000000000000       0x1c Src/syscalls.o
 .debug_macro   0x0000000000000000       0x3d Src/syscalls.o
 .debug_macro   0x0000000000000000       0x35 Src/syscalls.o
 .debug_macro   0x0000000000000000      0x122 Src/syscalls.o
 .debug_macro   0x0000000000000000       0x16 Src/syscalls.o
 .debug_macro   0x0000000000000000       0x16 Src/syscalls.o
 .debug_macro   0x0000000000000000       0x29 Src/syscalls.o
 .debug_macro   0x0000000000000000       0x10 Src/syscalls.o
 .debug_macro   0x0000000000000000      0x241 Src/syscalls.o
 .debug_macro   0x0000000000000000       0x1c Src/syscalls.o
 .debug_macro   0x0000000000000000       0x10 Src/syscalls.o
 .debug_macro   0x0000000000000000       0x10 Src/syscalls.o
 .debug_macro   0x0000000000000000       0x16 Src/syscalls.o
 .debug_macro   0x0000000000000000      0x145 Src/syscalls.o
 .debug_macro   0x0000000000000000      0x189 Src/syscalls.o
 .debug_macro   0x0000000000000000       0x16 Src/syscalls.o
 .debug_macro   0x0000000000000000       0x88 Src/syscalls.o
 .debug_line    0x0000000000000000      0x739 Src/syscalls.o
 .debug_str     0x0000000000000000     0x8873 Src/syscalls.o
 .comment       0x0000000000000000       0x7c Src/syscalls.o
 .debug_frame   0x0000000000000000      0x2ac Src/syscalls.o
 .ARM.attributes
                0x0000000000000000       0x33 Src/syscalls.o
 .group         0x0000000000000000        0xc Src/sysmem.o
 .group         0x0000000000000000        0xc Src/sysmem.o
 .group         0x0000000000000000        0xc Src/sysmem.o
 .group         0x0000000000000000        0xc Src/sysmem.o
 .group         0x0000000000000000        0xc Src/sysmem.o
 .group         0x0000000000000000        0xc Src/sysmem.o
 .group         0x0000000000000000        0xc Src/sysmem.o
 .group         0x0000000000000000        0xc Src/sysmem.o
 .group         0x0000000000000000        0xc Src/sysmem.o
 .group         0x0000000000000000        0xc Src/sysmem.o
 .group         0x0000000000000000        0xc Src/sysmem.o
 .group         0x0000000000000000        0xc Src/sysmem.o
 .group         0x0000000000000000        0xc Src/sysmem.o
 .group         0x0000000000000000        0xc Src/sysmem.o
 .group         0x0000000000000000        0xc Src/sysmem.o
 .group         0x0000000000000000        0xc Src/sysmem.o
 .group         0x0000000000000000        0xc Src/sysmem.o
 .group         0x0000000000000000        0xc Src/sysmem.o
 .group         0x0000000000000000        0xc Src/sysmem.o
 .text          0x0000000000000000        0x0 Src/sysmem.o
 .data          0x0000000000000000        0x0 Src/sysmem.o
 .bss           0x0000000000000000        0x0 Src/sysmem.o
 .bss.__sbrk_heap_end
                0x0000000000000000        0x4 Src/sysmem.o
 .text._sbrk    0x0000000000000000       0x6c Src/sysmem.o
 .debug_info    0x0000000000000000      0xa7c Src/sysmem.o
 .debug_abbrev  0x0000000000000000      0x18e Src/sysmem.o
 .debug_loc     0x0000000000000000       0x50 Src/sysmem.o
 .debug_aranges
                0x0000000000000000       0x20 Src/sysmem.o
 .debug_ranges  0x0000000000000000       0x10 Src/sysmem.o
 .debug_macro   0x0000000000000000       0xee Src/sysmem.o
 .debug_macro   0x0000000000000000      0xa60 Src/sysmem.o
 .debug_macro   0x0000000000000000       0x10 Src/sysmem.o
 .debug_macro   0x0000000000000000       0x22 Src/sysmem.o
 .debug_macro   0x0000000000000000       0x40 Src/sysmem.o
 .debug_macro   0x0000000000000000       0x18 Src/sysmem.o
 .debug_macro   0x0000000000000000       0x94 Src/sysmem.o
 .debug_macro   0x0000000000000000       0x3c Src/sysmem.o
 .debug_macro   0x0000000000000000       0x34 Src/sysmem.o
 .debug_macro   0x0000000000000000      0x174 Src/sysmem.o
 .debug_macro   0x0000000000000000       0x57 Src/sysmem.o
 .debug_macro   0x0000000000000000       0x52 Src/sysmem.o
 .debug_macro   0x0000000000000000       0x1f Src/sysmem.o
 .debug_macro   0x0000000000000000       0x43 Src/sysmem.o
 .debug_macro   0x0000000000000000       0x20 Src/sysmem.o
 .debug_macro   0x0000000000000000      0x1a3 Src/sysmem.o
 .debug_macro   0x0000000000000000      0x23b Src/sysmem.o
 .debug_macro   0x0000000000000000       0xef Src/sysmem.o
 .debug_macro   0x0000000000000000       0x6a Src/sysmem.o
 .debug_macro   0x0000000000000000      0x1df Src/sysmem.o
 .debug_line    0x0000000000000000      0x4c2 Src/sysmem.o
 .debug_str     0x0000000000000000     0x5f41 Src/sysmem.o
 .comment       0x0000000000000000       0x7c Src/sysmem.o
 .debug_frame   0x0000000000000000       0x34 Src/sysmem.o
 .ARM.attributes
                0x0000000000000000       0x33 Src/sysmem.o
 .text          0x0000000000000000       0x14 Startup/startup_stm32f103c6tx.o
 .data          0x0000000000000000        0x0 Startup/startup_stm32f103c6tx.o
 .bss           0x0000000000000000        0x0 Startup/startup_stm32f103c6tx.o
 .group         0x0000000000000000        0xc stm32f103c6_Drivers/EXTI.o
 .group         0x0000000000000000        0xc stm32f103c6_Drivers/EXTI.o
 .group         0x0000000000000000        0xc stm32f103c6_Drivers/EXTI.o
 .group         0x0000000000000000        0xc stm32f103c6_Drivers/EXTI.o
 .group         0x0000000000000000        0xc stm32f103c6_Drivers/EXTI.o
 .group         0x0000000000000000        0xc stm32f103c6_Drivers/EXTI.o
 .group         0x0000000000000000        0xc stm32f103c6_Drivers/EXTI.o
 .group         0x0000000000000000        0xc stm32f103c6_Drivers/EXTI.o
 .group         0x0000000000000000        0xc stm32f103c6_Drivers/EXTI.o
 .group         0x0000000000000000        0xc stm32f103c6_Drivers/EXTI.o
 .group         0x0000000000000000        0xc stm32f103c6_Drivers/EXTI.o
 .group         0x0000000000000000        0xc stm32f103c6_Drivers/EXTI.o
 .group         0x0000000000000000        0xc stm32f103c6_Drivers/EXTI.o
 .group         0x0000000000000000        0xc stm32f103c6_Drivers/EXTI.o
 .group         0x0000000000000000        0xc stm32f103c6_Drivers/EXTI.o
 .group         0x0000000000000000        0xc stm32f103c6_Drivers/EXTI.o
 .group         0x0000000000000000        0xc stm32f103c6_Drivers/EXTI.o
 .group         0x0000000000000000        0xc stm32f103c6_Drivers/EXTI.o
 .group         0x0000000000000000        0xc stm32f103c6_Drivers/EXTI.o
 .group         0x0000000000000000        0xc stm32f103c6_Drivers/EXTI.o
 .group         0x0000000000000000        0xc stm32f103c6_Drivers/EXTI.o
 .group         0x0000000000000000        0xc stm32f103c6_Drivers/EXTI.o
 .group         0x0000000000000000        0xc stm32f103c6_Drivers/EXTI.o
 .group         0x0000000000000000        0xc stm32f103c6_Drivers/EXTI.o
 .group         0x0000000000000000        0xc stm32f103c6_Drivers/EXTI.o
 .text          0x0000000000000000        0x0 stm32f103c6_Drivers/EXTI.o
 .data          0x0000000000000000        0x0 stm32f103c6_Drivers/EXTI.o
 .bss           0x0000000000000000        0x0 stm32f103c6_Drivers/EXTI.o
 .text.NVIC_Enable
                0x0000000000000000       0xcc stm32f103c6_Drivers/EXTI.o
 .text.NVIC_Disable
                0x0000000000000000       0xcc stm32f103c6_Drivers/EXTI.o
 .text.Update_EXTI
                0x0000000000000000      0x1d8 stm32f103c6_Drivers/EXTI.o
 .text.MCAL_EXTI_GPIO_Init
                0x0000000000000000       0x16 stm32f103c6_Drivers/EXTI.o
 .text.MCAL_EXTI_GPIO_Deinit
                0x0000000000000000       0x94 stm32f103c6_Drivers/EXTI.o
 .text.MCAL_EXTI_GPIO_Updare
                0x0000000000000000       0x16 stm32f103c6_Drivers/EXTI.o
 .debug_macro   0x0000000000000000      0xa60 stm32f103c6_Drivers/EXTI.o
 .debug_macro   0x0000000000000000       0x22 stm32f103c6_Drivers/EXTI.o
 .debug_macro   0x0000000000000000       0x8e stm32f103c6_Drivers/EXTI.o
 .debug_macro   0x0000000000000000       0x51 stm32f103c6_Drivers/EXTI.o
 .debug_macro   0x0000000000000000       0xef stm32f103c6_Drivers/EXTI.o
 .debug_macro   0x0000000000000000       0x6a stm32f103c6_Drivers/EXTI.o
 .debug_macro   0x0000000000000000      0x1df stm32f103c6_Drivers/EXTI.o
 .debug_macro   0x0000000000000000       0x18 stm32f103c6_Drivers/EXTI.o
 .debug_macro   0x0000000000000000       0x46 stm32f103c6_Drivers/EXTI.o
 .debug_macro   0x0000000000000000       0x3c stm32f103c6_Drivers/EXTI.o
 .debug_macro   0x0000000000000000       0x34 stm32f103c6_Drivers/EXTI.o
 .debug_macro   0x0000000000000000       0x16 stm32f103c6_Drivers/EXTI.o
 .debug_macro   0x0000000000000000      0x10e stm32f103c6_Drivers/EXTI.o
 .debug_macro   0x0000000000000000       0x8d stm32f103c6_Drivers/EXTI.o
 .debug_macro   0x0000000000000000       0x52 stm32f103c6_Drivers/EXTI.o
 .debug_macro   0x0000000000000000       0x1f stm32f103c6_Drivers/EXTI.o
 .debug_macro   0x0000000000000000       0x43 stm32f103c6_Drivers/EXTI.o
 .debug_macro   0x0000000000000000       0x20 stm32f103c6_Drivers/EXTI.o
 .debug_macro   0x0000000000000000      0x1a3 stm32f103c6_Drivers/EXTI.o
 .debug_macro   0x0000000000000000      0x330 stm32f103c6_Drivers/EXTI.o
 .debug_macro   0x0000000000000000       0x16 stm32f103c6_Drivers/EXTI.o
 .debug_macro   0x0000000000000000       0x29 stm32f103c6_Drivers/EXTI.o
 .debug_macro   0x0000000000000000      0x310 stm32f103c6_Drivers/EXTI.o
 .debug_macro   0x0000000000000000       0xd0 stm32f103c6_Drivers/EXTI.o
 .group         0x0000000000000000        0xc stm32f103c6_Drivers/GPIO.o
 .group         0x0000000000000000        0xc stm32f103c6_Drivers/GPIO.o
 .group         0x0000000000000000        0xc stm32f103c6_Drivers/GPIO.o
 .group         0x0000000000000000        0xc stm32f103c6_Drivers/GPIO.o
 .group         0x0000000000000000        0xc stm32f103c6_Drivers/GPIO.o
 .group         0x0000000000000000        0xc stm32f103c6_Drivers/GPIO.o
 .group         0x0000000000000000        0xc stm32f103c6_Drivers/GPIO.o
 .group         0x0000000000000000        0xc stm32f103c6_Drivers/GPIO.o
 .group         0x0000000000000000        0xc stm32f103c6_Drivers/GPIO.o
 .group         0x0000000000000000        0xc stm32f103c6_Drivers/GPIO.o
 .group         0x0000000000000000        0xc stm32f103c6_Drivers/GPIO.o
 .group         0x0000000000000000        0xc stm32f103c6_Drivers/GPIO.o
 .group         0x0000000000000000        0xc stm32f103c6_Drivers/GPIO.o
 .group         0x0000000000000000        0xc stm32f103c6_Drivers/GPIO.o
 .group         0x0000000000000000        0xc stm32f103c6_Drivers/GPIO.o
 .group         0x0000000000000000        0xc stm32f103c6_Drivers/GPIO.o
 .group         0x0000000000000000        0xc stm32f103c6_Drivers/GPIO.o
 .group         0x0000000000000000        0xc stm32f103c6_Drivers/GPIO.o
 .group         0x0000000000000000        0xc stm32f103c6_Drivers/GPIO.o
 .group         0x0000000000000000        0xc stm32f103c6_Drivers/GPIO.o
 .group         0x0000000000000000        0xc stm32f103c6_Drivers/GPIO.o
 .group         0x0000000000000000        0xc stm32f103c6_Drivers/GPIO.o
 .group         0x0000000000000000        0xc stm32f103c6_Drivers/GPIO.o
 .group         0x0000000000000000        0xc stm32f103c6_Drivers/GPIO.o
 .text          0x0000000000000000        0x0 stm32f103c6_Drivers/GPIO.o
 .data          0x0000000000000000        0x0 stm32f103c6_Drivers/GPIO.o
 .bss           0x0000000000000000        0x0 stm32f103c6_Drivers/GPIO.o
 .text.MCAL_GPIO_DeINIT
                0x0000000000000000       0xd4 stm32f103c6_Drivers/GPIO.o
 .text.MCAL_GPIO_READ_PIN
                0x0000000000000000       0x2e stm32f103c6_Drivers/GPIO.o
 .text.MCAL_GPIO_READ_PORT
                0x0000000000000000       0x1a stm32f103c6_Drivers/GPIO.o
 .text.MCAL_GPIO_Write_PORT
                0x0000000000000000       0x1c stm32f103c6_Drivers/GPIO.o
 .text.MCAL_GPIO_TOGGLE_PIN
                0x0000000000000000       0x22 stm32f103c6_Drivers/GPIO.o
 .text.MCAL_GPIO_LOCKPIN
                0x0000000000000000       0x4e stm32f103c6_Drivers/GPIO.o
 .debug_macro   0x0000000000000000      0xa60 stm32f103c6_Drivers/GPIO.o
 .debug_macro   0x0000000000000000       0x22 stm32f103c6_Drivers/GPIO.o
 .debug_macro   0x0000000000000000       0x8e stm32f103c6_Drivers/GPIO.o
 .debug_macro   0x0000000000000000       0x51 stm32f103c6_Drivers/GPIO.o
 .debug_macro   0x0000000000000000       0xef stm32f103c6_Drivers/GPIO.o
 .debug_macro   0x0000000000000000       0x6a stm32f103c6_Drivers/GPIO.o
 .debug_macro   0x0000000000000000      0x1df stm32f103c6_Drivers/GPIO.o
 .debug_macro   0x0000000000000000       0x18 stm32f103c6_Drivers/GPIO.o
 .debug_macro   0x0000000000000000       0x46 stm32f103c6_Drivers/GPIO.o
 .debug_macro   0x0000000000000000       0x3c stm32f103c6_Drivers/GPIO.o
 .debug_macro   0x0000000000000000       0x34 stm32f103c6_Drivers/GPIO.o
 .debug_macro   0x0000000000000000       0x16 stm32f103c6_Drivers/GPIO.o
 .debug_macro   0x0000000000000000      0x10e stm32f103c6_Drivers/GPIO.o
 .debug_macro   0x0000000000000000       0x8d stm32f103c6_Drivers/GPIO.o
 .debug_macro   0x0000000000000000       0x52 stm32f103c6_Drivers/GPIO.o
 .debug_macro   0x0000000000000000       0x1f stm32f103c6_Drivers/GPIO.o
 .debug_macro   0x0000000000000000       0x43 stm32f103c6_Drivers/GPIO.o
 .debug_macro   0x0000000000000000       0x20 stm32f103c6_Drivers/GPIO.o
 .debug_macro   0x0000000000000000      0x1a3 stm32f103c6_Drivers/GPIO.o
 .debug_macro   0x0000000000000000      0x330 stm32f103c6_Drivers/GPIO.o
 .debug_macro   0x0000000000000000       0x16 stm32f103c6_Drivers/GPIO.o
 .debug_macro   0x0000000000000000       0x29 stm32f103c6_Drivers/GPIO.o
 .debug_macro   0x0000000000000000      0x310 stm32f103c6_Drivers/GPIO.o
 .debug_macro   0x0000000000000000       0xca stm32f103c6_Drivers/GPIO.o
 .group         0x0000000000000000        0xc stm32f103c6_Drivers/RCC.o
 .group         0x0000000000000000        0xc stm32f103c6_Drivers/RCC.o
 .group         0x0000000000000000        0xc stm32f103c6_Drivers/RCC.o
 .group         0x0000000000000000        0xc stm32f103c6_Drivers/RCC.o
 .group         0x0000000000000000        0xc stm32f103c6_Drivers/RCC.o
 .group         0x0000000000000000        0xc stm32f103c6_Drivers/RCC.o
 .group         0x0000000000000000        0xc stm32f103c6_Drivers/RCC.o
 .group         0x0000000000000000        0xc stm32f103c6_Drivers/RCC.o
 .group         0x0000000000000000        0xc stm32f103c6_Drivers/RCC.o
 .group         0x0000000000000000        0xc stm32f103c6_Drivers/RCC.o
 .group         0x0000000000000000        0xc stm32f103c6_Drivers/RCC.o
 .group         0x0000000000000000        0xc stm32f103c6_Drivers/RCC.o
 .group         0x0000000000000000        0xc stm32f103c6_Drivers/RCC.o
 .group         0x0000000000000000        0xc stm32f103c6_Drivers/RCC.o
 .group         0x0000000000000000        0xc stm32f103c6_Drivers/RCC.o
 .group         0x0000000000000000        0xc stm32f103c6_Drivers/RCC.o
 .group         0x0000000000000000        0xc stm32f103c6_Drivers/RCC.o
 .group         0x0000000000000000        0xc stm32f103c6_Drivers/RCC.o
 .group         0x0000000000000000        0xc stm32f103c6_Drivers/RCC.o
 .group         0x0000000000000000        0xc stm32f103c6_Drivers/RCC.o
 .group         0x0000000000000000        0xc stm32f103c6_Drivers/RCC.o
 .group         0x0000000000000000        0xc stm32f103c6_Drivers/RCC.o
 .group         0x0000000000000000        0xc stm32f103c6_Drivers/RCC.o
 .group         0x0000000000000000        0xc stm32f103c6_Drivers/RCC.o
 .group         0x0000000000000000        0xc stm32f103c6_Drivers/RCC.o
 .text          0x0000000000000000        0x0 stm32f103c6_Drivers/RCC.o
 .data          0x0000000000000000        0x0 stm32f103c6_Drivers/RCC.o
 .bss           0x0000000000000000        0x0 stm32f103c6_Drivers/RCC.o
 .debug_macro   0x0000000000000000      0xa60 stm32f103c6_Drivers/RCC.o
 .debug_macro   0x0000000000000000       0x22 stm32f103c6_Drivers/RCC.o
 .debug_macro   0x0000000000000000       0x8e stm32f103c6_Drivers/RCC.o
 .debug_macro   0x0000000000000000       0x51 stm32f103c6_Drivers/RCC.o
 .debug_macro   0x0000000000000000       0xef stm32f103c6_Drivers/RCC.o
 .debug_macro   0x0000000000000000       0x6a stm32f103c6_Drivers/RCC.o
 .debug_macro   0x0000000000000000      0x1df stm32f103c6_Drivers/RCC.o
 .debug_macro   0x0000000000000000       0x18 stm32f103c6_Drivers/RCC.o
 .debug_macro   0x0000000000000000       0x46 stm32f103c6_Drivers/RCC.o
 .debug_macro   0x0000000000000000       0x3c stm32f103c6_Drivers/RCC.o
 .debug_macro   0x0000000000000000       0x34 stm32f103c6_Drivers/RCC.o
 .debug_macro   0x0000000000000000       0x16 stm32f103c6_Drivers/RCC.o
 .debug_macro   0x0000000000000000      0x10e stm32f103c6_Drivers/RCC.o
 .debug_macro   0x0000000000000000       0x8d stm32f103c6_Drivers/RCC.o
 .debug_macro   0x0000000000000000       0x52 stm32f103c6_Drivers/RCC.o
 .debug_macro   0x0000000000000000       0x1f stm32f103c6_Drivers/RCC.o
 .debug_macro   0x0000000000000000       0x43 stm32f103c6_Drivers/RCC.o
 .debug_macro   0x0000000000000000       0x20 stm32f103c6_Drivers/RCC.o
 .debug_macro   0x0000000000000000      0x1a3 stm32f103c6_Drivers/RCC.o
 .debug_macro   0x0000000000000000      0x330 stm32f103c6_Drivers/RCC.o
 .debug_macro   0x0000000000000000       0x16 stm32f103c6_Drivers/RCC.o
 .debug_macro   0x0000000000000000       0x29 stm32f103c6_Drivers/RCC.o
 .debug_macro   0x0000000000000000      0x310 stm32f103c6_Drivers/RCC.o
 .debug_macro   0x0000000000000000       0xd0 stm32f103c6_Drivers/RCC.o
 .group         0x0000000000000000        0xc stm32f103c6_Drivers/SPI.o
 .group         0x0000000000000000        0xc stm32f103c6_Drivers/SPI.o
 .group         0x0000000000000000        0xc stm32f103c6_Drivers/SPI.o
 .group         0x0000000000000000        0xc stm32f103c6_Drivers/SPI.o
 .group         0x0000000000000000        0xc stm32f103c6_Drivers/SPI.o
 .group         0x0000000000000000        0xc stm32f103c6_Drivers/SPI.o
 .group         0x0000000000000000        0xc stm32f103c6_Drivers/SPI.o
 .group         0x0000000000000000        0xc stm32f103c6_Drivers/SPI.o
 .group         0x0000000000000000        0xc stm32f103c6_Drivers/SPI.o
 .group         0x0000000000000000        0xc stm32f103c6_Drivers/SPI.o
 .group         0x0000000000000000        0xc stm32f103c6_Drivers/SPI.o
 .group         0x0000000000000000        0xc stm32f103c6_Drivers/SPI.o
 .group         0x0000000000000000        0xc stm32f103c6_Drivers/SPI.o
 .group         0x0000000000000000        0xc stm32f103c6_Drivers/SPI.o
 .group         0x0000000000000000        0xc stm32f103c6_Drivers/SPI.o
 .group         0x0000000000000000        0xc stm32f103c6_Drivers/SPI.o
 .group         0x0000000000000000        0xc stm32f103c6_Drivers/SPI.o
 .group         0x0000000000000000        0xc stm32f103c6_Drivers/SPI.o
 .group         0x0000000000000000        0xc stm32f103c6_Drivers/SPI.o
 .group         0x0000000000000000        0xc stm32f103c6_Drivers/SPI.o
 .group         0x0000000000000000        0xc stm32f103c6_Drivers/SPI.o
 .group         0x0000000000000000        0xc stm32f103c6_Drivers/SPI.o
 .group         0x0000000000000000        0xc stm32f103c6_Drivers/SPI.o
 .group         0x0000000000000000        0xc stm32f103c6_Drivers/SPI.o
 .group         0x0000000000000000        0xc stm32f103c6_Drivers/SPI.o
 .text          0x0000000000000000        0x0 stm32f103c6_Drivers/SPI.o
 .data          0x0000000000000000        0x0 stm32f103c6_Drivers/SPI.o
 .bss           0x0000000000000000        0x0 stm32f103c6_Drivers/SPI.o
 .text.MCAL_SPI_DeINIT
                0x0000000000000000       0x68 stm32f103c6_Drivers/SPI.o
 .text.MCAL_SPI_SendData
                0x0000000000000000       0x36 stm32f103c6_Drivers/SPI.o
 .text.MCAL_SPI_ReceiveData
                0x0000000000000000       0x36 stm32f103c6_Drivers/SPI.o
 .debug_macro   0x0000000000000000      0xa60 stm32f103c6_Drivers/SPI.o
 .debug_macro   0x0000000000000000       0x22 stm32f103c6_Drivers/SPI.o
 .debug_macro   0x0000000000000000       0x8e stm32f103c6_Drivers/SPI.o
 .debug_macro   0x0000000000000000       0x51 stm32f103c6_Drivers/SPI.o
 .debug_macro   0x0000000000000000       0xef stm32f103c6_Drivers/SPI.o
 .debug_macro   0x0000000000000000       0x6a stm32f103c6_Drivers/SPI.o
 .debug_macro   0x0000000000000000      0x1df stm32f103c6_Drivers/SPI.o
 .debug_macro   0x0000000000000000       0x18 stm32f103c6_Drivers/SPI.o
 .debug_macro   0x0000000000000000       0x46 stm32f103c6_Drivers/SPI.o
 .debug_macro   0x0000000000000000       0x3c stm32f103c6_Drivers/SPI.o
 .debug_macro   0x0000000000000000       0x34 stm32f103c6_Drivers/SPI.o
 .debug_macro   0x0000000000000000       0x16 stm32f103c6_Drivers/SPI.o
 .debug_macro   0x0000000000000000      0x10e stm32f103c6_Drivers/SPI.o
 .debug_macro   0x0000000000000000       0x8d stm32f103c6_Drivers/SPI.o
 .debug_macro   0x0000000000000000       0x52 stm32f103c6_Drivers/SPI.o
 .debug_macro   0x0000000000000000       0x1f stm32f103c6_Drivers/SPI.o
 .debug_macro   0x0000000000000000       0x43 stm32f103c6_Drivers/SPI.o
 .debug_macro   0x0000000000000000       0x20 stm32f103c6_Drivers/SPI.o
 .debug_macro   0x0000000000000000      0x1a3 stm32f103c6_Drivers/SPI.o
 .debug_macro   0x0000000000000000      0x330 stm32f103c6_Drivers/SPI.o
 .debug_macro   0x0000000000000000       0x16 stm32f103c6_Drivers/SPI.o
 .debug_macro   0x0000000000000000       0x29 stm32f103c6_Drivers/SPI.o
 .debug_macro   0x0000000000000000      0x310 stm32f103c6_Drivers/SPI.o
 .debug_macro   0x0000000000000000       0xd0 stm32f103c6_Drivers/SPI.o
 .group         0x0000000000000000        0xc stm32f103c6_Drivers/UART.o
 .group         0x0000000000000000        0xc stm32f103c6_Drivers/UART.o
 .group         0x0000000000000000        0xc stm32f103c6_Drivers/UART.o
 .group         0x0000000000000000        0xc stm32f103c6_Drivers/UART.o
 .group         0x0000000000000000        0xc stm32f103c6_Drivers/UART.o
 .group         0x0000000000000000        0xc stm32f103c6_Drivers/UART.o
 .group         0x0000000000000000        0xc stm32f103c6_Drivers/UART.o
 .group         0x0000000000000000        0xc stm32f103c6_Drivers/UART.o
 .group         0x0000000000000000        0xc stm32f103c6_Drivers/UART.o
 .group         0x0000000000000000        0xc stm32f103c6_Drivers/UART.o
 .group         0x0000000000000000        0xc stm32f103c6_Drivers/UART.o
 .group         0x0000000000000000        0xc stm32f103c6_Drivers/UART.o
 .group         0x0000000000000000        0xc stm32f103c6_Drivers/UART.o
 .group         0x0000000000000000        0xc stm32f103c6_Drivers/UART.o
 .group         0x0000000000000000        0xc stm32f103c6_Drivers/UART.o
 .group         0x0000000000000000        0xc stm32f103c6_Drivers/UART.o
 .group         0x0000000000000000        0xc stm32f103c6_Drivers/UART.o
 .group         0x0000000000000000        0xc stm32f103c6_Drivers/UART.o
 .group         0x0000000000000000        0xc stm32f103c6_Drivers/UART.o
 .group         0x0000000000000000        0xc stm32f103c6_Drivers/UART.o
 .group         0x0000000000000000        0xc stm32f103c6_Drivers/UART.o
 .group         0x0000000000000000        0xc stm32f103c6_Drivers/UART.o
 .group         0x0000000000000000        0xc stm32f103c6_Drivers/UART.o
 .group         0x0000000000000000        0xc stm32f103c6_Drivers/UART.o
 .group         0x0000000000000000        0xc stm32f103c6_Drivers/UART.o
 .group         0x0000000000000000        0xc stm32f103c6_Drivers/UART.o
 .text          0x0000000000000000        0x0 stm32f103c6_Drivers/UART.o
 .data          0x0000000000000000        0x0 stm32f103c6_Drivers/UART.o
 .bss           0x0000000000000000        0x0 stm32f103c6_Drivers/UART.o
 .text.MCAL_USART_DeInit
                0x0000000000000000       0x8c stm32f103c6_Drivers/UART.o
 .text.MCAL_USART_Send_String
                0x0000000000000000       0x58 stm32f103c6_Drivers/UART.o
 .text.MCAL_USART_Wait_Tc
                0x0000000000000000       0x20 stm32f103c6_Drivers/UART.o
 .debug_macro   0x0000000000000000      0xa60 stm32f103c6_Drivers/UART.o
 .debug_macro   0x0000000000000000       0x22 stm32f103c6_Drivers/UART.o
 .debug_macro   0x0000000000000000       0x8e stm32f103c6_Drivers/UART.o
 .debug_macro   0x0000000000000000       0x51 stm32f103c6_Drivers/UART.o
 .debug_macro   0x0000000000000000       0xef stm32f103c6_Drivers/UART.o
 .debug_macro   0x0000000000000000       0x6a stm32f103c6_Drivers/UART.o
 .debug_macro   0x0000000000000000      0x1df stm32f103c6_Drivers/UART.o
 .debug_macro   0x0000000000000000       0x18 stm32f103c6_Drivers/UART.o
 .debug_macro   0x0000000000000000       0x46 stm32f103c6_Drivers/UART.o
 .debug_macro   0x0000000000000000       0x3c stm32f103c6_Drivers/UART.o
 .debug_macro   0x0000000000000000       0x34 stm32f103c6_Drivers/UART.o
 .debug_macro   0x0000000000000000       0x16 stm32f103c6_Drivers/UART.o
 .debug_macro   0x0000000000000000      0x10e stm32f103c6_Drivers/UART.o
 .debug_macro   0x0000000000000000       0x8d stm32f103c6_Drivers/UART.o
 .debug_macro   0x0000000000000000       0x52 stm32f103c6_Drivers/UART.o
 .debug_macro   0x0000000000000000       0x1f stm32f103c6_Drivers/UART.o
 .debug_macro   0x0000000000000000       0x43 stm32f103c6_Drivers/UART.o
 .debug_macro   0x0000000000000000       0x20 stm32f103c6_Drivers/UART.o
 .debug_macro   0x0000000000000000      0x1a3 stm32f103c6_Drivers/UART.o
 .debug_macro   0x0000000000000000      0x330 stm32f103c6_Drivers/UART.o
 .debug_macro   0x0000000000000000       0x16 stm32f103c6_Drivers/UART.o
 .debug_macro   0x0000000000000000       0x29 stm32f103c6_Drivers/UART.o
 .debug_macro   0x0000000000000000      0x310 stm32f103c6_Drivers/UART.o
 .debug_macro   0x0000000000000000       0xd0 stm32f103c6_Drivers/UART.o
 .debug_macro   0x0000000000000000       0x16 stm32f103c6_Drivers/UART.o
 .debug_macro   0x0000000000000000       0xe2 stm32f103c6_Drivers/UART.o
 .text          0x0000000000000000        0x0 c:/st/stm32cubeide_1.4.0/stm32cubeide/plugins/com.st.stm32cube.ide.mcu.externaltools.gnu-tools-for-stm32.7-2018-q2-update.win32_1.4.0.202007081208/tools/bin/../lib/gcc/arm-none-eabi/7.3.1/../../../../arm-none-eabi/lib/thumb/v7-m\libc_nano.a(lib_a-errno.o)
 .data          0x0000000000000000        0x0 c:/st/stm32cubeide_1.4.0/stm32cubeide/plugins/com.st.stm32cube.ide.mcu.externaltools.gnu-tools-for-stm32.7-2018-q2-update.win32_1.4.0.202007081208/tools/bin/../lib/gcc/arm-none-eabi/7.3.1/../../../../arm-none-eabi/lib/thumb/v7-m\libc_nano.a(lib_a-errno.o)
 .bss           0x0000000000000000        0x0 c:/st/stm32cubeide_1.4.0/stm32cubeide/plugins/com.st.stm32cube.ide.mcu.externaltools.gnu-tools-for-stm32.7-2018-q2-update.win32_1.4.0.202007081208/tools/bin/../lib/gcc/arm-none-eabi/7.3.1/../../../../arm-none-eabi/lib/thumb/v7-m\libc_nano.a(lib_a-errno.o)
 .text.__errno  0x0000000000000000        0xc c:/st/stm32cubeide_1.4.0/stm32cubeide/plugins/com.st.stm32cube.ide.mcu.externaltools.gnu-tools-for-stm32.7-2018-q2-update.win32_1.4.0.202007081208/tools/bin/../lib/gcc/arm-none-eabi/7.3.1/../../../../arm-none-eabi/lib/thumb/v7-m\libc_nano.a(lib_a-errno.o)
 .debug_frame   0x0000000000000000       0x20 c:/st/stm32cubeide_1.4.0/stm32cubeide/plugins/com.st.stm32cube.ide.mcu.externaltools.gnu-tools-for-stm32.7-2018-q2-update.win32_1.4.0.202007081208/tools/bin/../lib/gcc/arm-none-eabi/7.3.1/../../../../arm-none-eabi/lib/thumb/v7-m\libc_nano.a(lib_a-errno.o)
 .ARM.attributes
                0x0000000000000000       0x2d c:/st/stm32cubeide_1.4.0/stm32cubeide/plugins/com.st.stm32cube.ide.mcu.externaltools.gnu-tools-for-stm32.7-2018-q2-update.win32_1.4.0.202007081208/tools/bin/../lib/gcc/arm-none-eabi/7.3.1/../../../../arm-none-eabi/lib/thumb/v7-m\libc_nano.a(lib_a-errno.o)
 .text          0x0000000000000000        0x0 c:/st/stm32cubeide_1.4.0/stm32cubeide/plugins/com.st.stm32cube.ide.mcu.externaltools.gnu-tools-for-stm32.7-2018-q2-update.win32_1.4.0.202007081208/tools/bin/../lib/gcc/arm-none-eabi/7.3.1/../../../../arm-none-eabi/lib/thumb/v7-m\libc_nano.a(lib_a-exit.o)
 .data          0x0000000000000000        0x0 c:/st/stm32cubeide_1.4.0/stm32cubeide/plugins/com.st.stm32cube.ide.mcu.externaltools.gnu-tools-for-stm32.7-2018-q2-update.win32_1.4.0.202007081208/tools/bin/../lib/gcc/arm-none-eabi/7.3.1/../../../../arm-none-eabi/lib/thumb/v7-m\libc_nano.a(lib_a-exit.o)
 .bss           0x0000000000000000        0x0 c:/st/stm32cubeide_1.4.0/stm32cubeide/plugins/com.st.stm32cube.ide.mcu.externaltools.gnu-tools-for-stm32.7-2018-q2-update.win32_1.4.0.202007081208/tools/bin/../lib/gcc/arm-none-eabi/7.3.1/../../../../arm-none-eabi/lib/thumb/v7-m\libc_nano.a(lib_a-exit.o)
 .text.exit     0x0000000000000000       0x28 c:/st/stm32cubeide_1.4.0/stm32cubeide/plugins/com.st.stm32cube.ide.mcu.externaltools.gnu-tools-for-stm32.7-2018-q2-update.win32_1.4.0.202007081208/tools/bin/../lib/gcc/arm-none-eabi/7.3.1/../../../../arm-none-eabi/lib/thumb/v7-m\libc_nano.a(lib_a-exit.o)
 .debug_frame   0x0000000000000000       0x28 c:/st/stm32cubeide_1.4.0/stm32cubeide/plugins/com.st.stm32cube.ide.mcu.externaltools.gnu-tools-for-stm32.7-2018-q2-update.win32_1.4.0.202007081208/tools/bin/../lib/gcc/arm-none-eabi/7.3.1/../../../../arm-none-eabi/lib/thumb/v7-m\libc_nano.a(lib_a-exit.o)
 .ARM.attributes
                0x0000000000000000       0x2d c:/st/stm32cubeide_1.4.0/stm32cubeide/plugins/com.st.stm32cube.ide.mcu.externaltools.gnu-tools-for-stm32.7-2018-q2-update.win32_1.4.0.202007081208/tools/bin/../lib/gcc/arm-none-eabi/7.3.1/../../../../arm-none-eabi/lib/thumb/v7-m\libc_nano.a(lib_a-exit.o)
 .text          0x0000000000000000        0x0 c:/st/stm32cubeide_1.4.0/stm32cubeide/plugins/com.st.stm32cube.ide.mcu.externaltools.gnu-tools-for-stm32.7-2018-q2-update.win32_1.4.0.202007081208/tools/bin/../lib/gcc/arm-none-eabi/7.3.1/../../../../arm-none-eabi/lib/thumb/v7-m\libc_nano.a(lib_a-impure.o)
 .data          0x0000000000000000        0x0 c:/st/stm32cubeide_1.4.0/stm32cubeide/plugins/com.st.stm32cube.ide.mcu.externaltools.gnu-tools-for-stm32.7-2018-q2-update.win32_1.4.0.202007081208/tools/bin/../lib/gcc/arm-none-eabi/7.3.1/../../../../arm-none-eabi/lib/thumb/v7-m\libc_nano.a(lib_a-impure.o)
 .bss           0x0000000000000000        0x0 c:/st/stm32cubeide_1.4.0/stm32cubeide/plugins/com.st.stm32cube.ide.mcu.externaltools.gnu-tools-for-stm32.7-2018-q2-update.win32_1.4.0.202007081208/tools/bin/../lib/gcc/arm-none-eabi/7.3.1/../../../../arm-none-eabi/lib/thumb/v7-m\libc_nano.a(lib_a-impure.o)
 .data._impure_ptr
                0x0000000000000000        0x4 c:/st/stm32cubeide_1.4.0/stm32cubeide/plugins/com.st.stm32cube.ide.mcu.externaltools.gnu-tools-for-stm32.7-2018-q2-update.win32_1.4.0.202007081208/tools/bin/../lib/gcc/arm-none-eabi/7.3.1/../../../../arm-none-eabi/lib/thumb/v7-m\libc_nano.a(lib_a-impure.o)
 .data.impure_data
                0x0000000000000000       0x60 c:/st/stm32cubeide_1.4.0/stm32cubeide/plugins/com.st.stm32cube.ide.mcu.externaltools.gnu-tools-for-stm32.7-2018-q2-update.win32_1.4.0.202007081208/tools/bin/../lib/gcc/arm-none-eabi/7.3.1/../../../../arm-none-eabi/lib/thumb/v7-m\libc_nano.a(lib_a-impure.o)
 .rodata._global_impure_ptr
                0x0000000000000000        0x4 c:/st/stm32cubeide_1.4.0/stm32cubeide/plugins/com.st.stm32cube.ide.mcu.externaltools.gnu-tools-for-stm32.7-2018-q2-update.win32_1.4.0.202007081208/tools/bin/../lib/gcc/arm-none-eabi/7.3.1/../../../../arm-none-eabi/lib/thumb/v7-m\libc_nano.a(lib_a-impure.o)
 .ARM.attributes
                0x0000000000000000       0x2d c:/st/stm32cubeide_1.4.0/stm32cubeide/plugins/com.st.stm32cube.ide.mcu.externaltools.gnu-tools-for-stm32.7-2018-q2-update.win32_1.4.0.202007081208/tools/bin/../lib/gcc/arm-none-eabi/7.3.1/../../../../arm-none-eabi/lib/thumb/v7-m\libc_nano.a(lib_a-impure.o)
 .text          0x0000000000000000        0x0 c:/st/stm32cubeide_1.4.0/stm32cubeide/plugins/com.st.stm32cube.ide.mcu.externaltools.gnu-tools-for-stm32.7-2018-q2-update.win32_1.4.0.202007081208/tools/bin/../lib/gcc/arm-none-eabi/7.3.1/../../../../arm-none-eabi/lib/thumb/v7-m\libc_nano.a(lib_a-init.o)
 .data          0x0000000000000000        0x0 c:/st/stm32cubeide_1.4.0/stm32cubeide/plugins/com.st.stm32cube.ide.mcu.externaltools.gnu-tools-for-stm32.7-2018-q2-update.win32_1.4.0.202007081208/tools/bin/../lib/gcc/arm-none-eabi/7.3.1/../../../../arm-none-eabi/lib/thumb/v7-m\libc_nano.a(lib_a-init.o)
 .bss           0x0000000000000000        0x0 c:/st/stm32cubeide_1.4.0/stm32cubeide/plugins/com.st.stm32cube.ide.mcu.externaltools.gnu-tools-for-stm32.7-2018-q2-update.win32_1.4.0.202007081208/tools/bin/../lib/gcc/arm-none-eabi/7.3.1/../../../../arm-none-eabi/lib/thumb/v7-m\libc_nano.a(lib_a-init.o)
 .text          0x0000000000000000        0x0 c:/st/stm32cubeide_1.4.0/stm32cubeide/plugins/com.st.stm32cube.ide.mcu.externaltools.gnu-tools-for-stm32.7-2018-q2-update.win32_1.4.0.202007081208/tools/bin/../lib/gcc/arm-none-eabi/7.3.1/../../../../arm-none-eabi/lib/thumb/v7-m\libc_nano.a(lib_a-memset.o)
 .data          0x0000000000000000        0x0 c:/st/stm32cubeide_1.4.0/stm32cubeide/plugins/com.st.stm32cube.ide.mcu.externaltools.gnu-tools-for-stm32.7-2018-q2-update.win32_1.4.0.202007081208/tools/bin/../lib/gcc/arm-none-eabi/7.3.1/../../../../arm-none-eabi/lib/thumb/v7-m\libc_nano.a(lib_a-memset.o)
 .bss           0x0000000000000000        0x0 c:/st/stm32cubeide_1.4.0/stm32cubeide/plugins/com.st.stm32cube.ide.mcu.externaltools.gnu-tools-for-stm32.7-2018-q2-update.win32_1.4.0.202007081208/tools/bin/../lib/gcc/arm-none-eabi/7.3.1/../../../../arm-none-eabi/lib/thumb/v7-m\libc_nano.a(lib_a-memset.o)
 .text.memset   0x0000000000000000       0x10 c:/st/stm32cubeide_1.4.0/stm32cubeide/plugins/com.st.stm32cube.ide.mcu.externaltools.gnu-tools-for-stm32.7-2018-q2-update.win32_1.4.0.202007081208/tools/bin/../lib/gcc/arm-none-eabi/7.3.1/../../../../arm-none-eabi/lib/thumb/v7-m\libc_nano.a(lib_a-memset.o)
 .debug_frame   0x0000000000000000       0x20 c:/st/stm32cubeide_1.4.0/stm32cubeide/plugins/com.st.stm32cube.ide.mcu.externaltools.gnu-tools-for-stm32.7-2018-q2-update.win32_1.4.0.202007081208/tools/bin/../lib/gcc/arm-none-eabi/7.3.1/../../../../arm-none-eabi/lib/thumb/v7-m\libc_nano.a(lib_a-memset.o)
 .ARM.attributes
                0x0000000000000000       0x2d c:/st/stm32cubeide_1.4.0/stm32cubeide/plugins/com.st.stm32cube.ide.mcu.externaltools.gnu-tools-for-stm32.7-2018-q2-update.win32_1.4.0.202007081208/tools/bin/../lib/gcc/arm-none-eabi/7.3.1/../../../../arm-none-eabi/lib/thumb/v7-m\libc_nano.a(lib_a-memset.o)
 .text          0x0000000000000000        0x0 c:/st/stm32cubeide_1.4.0/stm32cubeide/plugins/com.st.stm32cube.ide.mcu.externaltools.gnu-tools-for-stm32.7-2018-q2-update.win32_1.4.0.202007081208/tools/bin/../lib/gcc/arm-none-eabi/7.3.1/thumb/v7-m/crtend.o
 .data          0x0000000000000000        0x0 c:/st/stm32cubeide_1.4.0/stm32cubeide/plugins/com.st.stm32cube.ide.mcu.externaltools.gnu-tools-for-stm32.7-2018-q2-update.win32_1.4.0.202007081208/tools/bin/../lib/gcc/arm-none-eabi/7.3.1/thumb/v7-m/crtend.o
 .bss           0x0000000000000000        0x0 c:/st/stm32cubeide_1.4.0/stm32cubeide/plugins/com.st.stm32cube.ide.mcu.externaltools.gnu-tools-for-stm32.7-2018-q2-update.win32_1.4.0.202007081208/tools/bin/../lib/gcc/arm-none-eabi/7.3.1/thumb/v7-m/crtend.o
 .eh_frame      0x0000000000000000        0x4 c:/st/stm32cubeide_1.4.0/stm32cubeide/plugins/com.st.stm32cube.ide.mcu.externaltools.gnu-tools-for-stm32.7-2018-q2-update.win32_1.4.0.202007081208/tools/bin/../lib/gcc/arm-none-eabi/7.3.1/thumb/v7-m/crtend.o
 .ARM.attributes
                0x0000000000000000       0x2d c:/st/stm32cubeide_1.4.0/stm32cubeide/plugins/com.st.stm32cube.ide.mcu.externaltools.gnu-tools-for-stm32.7-2018-q2-update.win32_1.4.0.202007081208/tools/bin/../lib/gcc/arm-none-eabi/7.3.1/thumb/v7-m/crtend.o
 .text          0x0000000000000000        0x0 c:/st/stm32cubeide_1.4.0/stm32cubeide/plugins/com.st.stm32cube.ide.mcu.externaltools.gnu-tools-for-stm32.7-2018-q2-update.win32_1.4.0.202007081208/tools/bin/../lib/gcc/arm-none-eabi/7.3.1/thumb/v7-m/crtn.o
 .data          0x0000000000000000        0x0 c:/st/stm32cubeide_1.4.0/stm32cubeide/plugins/com.st.stm32cube.ide.mcu.externaltools.gnu-tools-for-stm32.7-2018-q2-update.win32_1.4.0.202007081208/tools/bin/../lib/gcc/arm-none-eabi/7.3.1/thumb/v7-m/crtn.o
 .bss           0x0000000000000000        0x0 c:/st/stm32cubeide_1.4.0/stm32cubeide/plugins/com.st.stm32cube.ide.mcu.externaltools.gnu-tools-for-stm32.7-2018-q2-update.win32_1.4.0.202007081208/tools/bin/../lib/gcc/arm-none-eabi/7.3.1/thumb/v7-m/crtn.o

Memory Configuration

Name             Origin             Length             Attributes
RAM              0x0000000020000000 0x0000000000002800 xrw
ROM              0x0000000008000000 0x0000000000008000 xr
*default*        0x0000000000000000 0xffffffffffffffff

Linker script and memory map

LOAD c:/st/stm32cubeide_1.4.0/stm32cubeide/plugins/com.st.stm32cube.ide.mcu.externaltools.gnu-tools-for-stm32.7-2018-q2-update.win32_1.4.0.202007081208/tools/bin/../lib/gcc/arm-none-eabi/7.3.1/thumb/v7-m/crti.o
LOAD c:/st/stm32cubeide_1.4.0/stm32cubeide/plugins/com.st.stm32cube.ide.mcu.externaltools.gnu-tools-for-stm32.7-2018-q2-update.win32_1.4.0.202007081208/tools/bin/../lib/gcc/arm-none-eabi/7.3.1/thumb/v7-m/crtbegin.o
LOAD c:/st/stm32cubeide_1.4.0/stm32cubeide/plugins/com.st.stm32cube.ide.mcu.externaltools.gnu-tools-for-stm32.7-2018-q2-update.win32_1.4.0.202007081208/tools/bin/../lib/gcc/arm-none-eabi/7.3.1/../../../../arm-none-eabi/lib/thumb/v7-m/crt0.o
LOAD HAL/Keypad.o
LOAD HAL/LCD.o
LOAD Src/main.o
LOAD Src/syscalls.o
LOAD Src/sysmem.o
LOAD Startup/startup_stm32f103c6tx.o
LOAD stm32f103c6_Drivers/EXTI.o
LOAD stm32f103c6_Drivers/GPIO.o
LOAD stm32f103c6_Drivers/RCC.o
LOAD stm32f103c6_Drivers/SPI.o
LOAD stm32f103c6_Drivers/UART.o
START GROUP
LOAD c:/st/stm32cubeide_1.4.0/stm32cubeide/plugins/com.st.stm32cube.ide.mcu.externaltools.gnu-tools-for-stm32.7-2018-q2-update.win32_1.4.0.202007081208/tools/bin/../lib/gcc/arm-none-eabi/7.3.1/../../../../arm-none-eabi/lib/thumb/v7-m\libc_nano.a
LOAD c:/st/stm32cubeide_1.4.0/stm32cubeide/plugins/com.st.stm32cube.ide.mcu.externaltools.gnu-tools-for-stm32.7-2018-q2-update.win32_1.4.0.202007081208/tools/bin/../lib/gcc/arm-none-eabi/7.3.1/../../../../arm-none-eabi/lib/thumb/v7-m\libm.a
END GROUP
START GROUP
LOAD c:/st/stm32cubeide_1.4.0/stm32cubeide/plugins/com.st.stm32cube.ide.mcu.externaltools.gnu-tools-for-stm32.7-2018-q2-update.win32_1.4.0.202007081208/tools/bin/../lib/gcc/arm-none-eabi/7.3.1/thumb/v7-m\libgcc.a
LOAD c:/st/stm32cubeide_1.4.0/stm32cubeide/plugins/com.st.stm32cube.ide.mcu.externaltools.gnu-tools-for-stm32.7-2018-q2-update.win32_1.4.0.202007081208/tools/bin/../lib/gcc/arm-none-eabi/7.3.1/../../../../arm-none-eabi/lib/thumb/v7-m\libg_nano.a
LOAD c:/st/stm32cubeide_1.4.0/stm32cubeide/plugins/com.st.stm32cube.ide.mcu.externaltools.gnu-tools-for-stm32.7-2018-q2-update.win32_1.4.0.202007081208/tools/bin/../lib/gcc/arm-none-eabi/7.3.1/../../../../arm-none-eabi/lib/thumb/v7-m\libc_nano.a
END GROUP
START GROUP
LOAD c:/st/stm32cubeide_1.4.0/stm32cubeide/plugins/com.st.stm32cube.ide.mcu.externaltools.gnu-tools-for-stm32.7-2018-q2-update.win32_1.4.0.202007081208/tools/bin/../lib/gcc/arm-none-eabi/7.3.1/thumb/v7-m\libgcc.a
LOAD c:/st/stm32cubeide_1.4.0/stm32cubeide/plugins/com.st.stm32cube.ide.mcu.externaltools.gnu-tools-for-stm32.7-2018-q2-update.win32_1.4.0.202007081208/tools/bin/../lib/gcc/arm-none-eabi/7.3.1/../../../../arm-none-eabi/lib/thumb/v7-m\libc_nano.a
LOAD c:/st/stm32cubeide_1.4.0/stm32cubeide/plugins/com.st.stm32cube.ide.mcu.externaltools.gnu-tools-for-stm32.7-2018-q2-update.win32_1.4.0.202007081208/tools/bin/../lib/gcc/arm-none-eabi/7.3.1/../../../../arm-none-eabi/lib/thumb/v7-m\libnosys.a
END GROUP
START GROUP
LOAD c:/st/stm32cubeide_1.4.0/stm32cubeide/plugins/com.st.stm32cube.ide.mcu.externaltools.gnu-tools-for-stm32.7-2018-q2-update.win32_1.4.0.202007081208/tools/bin/../lib/gcc/arm-none-eabi/7.3.1/thumb/v7-m\libgcc.a
LOAD c:/st/stm32cubeide_1.4.0/stm32cubeide/plugins/com.st.stm32cube.ide.mcu.externaltools.gnu-tools-for-stm32.7-2018-q2-update.win32_1.4.0.202007081208/tools/bin/../lib/gcc/arm-none-eabi/7.3.1/../../../../arm-none-eabi/lib/thumb/v7-m\libc_nano.a
LOAD c:/st/stm32cubeide_1.4.0/stm32cubeide/plugins/com.st.stm32cube.ide.mcu.externaltools.gnu-tools-for-stm32.7-2018-q2-update.win32_1.4.0.202007081208/tools/bin/../lib/gcc/arm-none-eabi/7.3.1/../../../../arm-none-eabi/lib/thumb/v7-m\libnosys.a
END GROUP
LOAD c:/st/stm32cubeide_1.4.0/stm32cubeide/plugins/com.st.stm32cube.ide.mcu.externaltools.gnu-tools-for-stm32.7-2018-q2-update.win32_1.4.0.202007081208/tools/bin/../lib/gcc/arm-none-eabi/7.3.1/thumb/v7-m/crtend.o
LOAD c:/st/stm32cubeide_1.4.0/stm32cubeide/plugins/com.st.stm32cube.ide.mcu.externaltools.gnu-tools-for-stm32.7-2018-q2-update.win32_1.4.0.202007081208/tools/bin/../lib/gcc/arm-none-eabi/7.3.1/thumb/v7-m/crtn.o
                0x0000000020002800                _estack = (ORIGIN (RAM) + LENGTH (RAM))
                0x0000000000000200                _Min_Heap_Size = 0x200
                0x0000000000000400                _Min_Stack_Size = 0x400

.isr_vector     0x0000000008000000      0x130
                0x0000000008000000                . = ALIGN (0x4)
 *(.isr_vector)
 .isr_vector    0x0000000008000000      0x130 Startup/startup_stm32f103c6tx.o
                0x0000000008000000                g_pfnVectors
                0x0000000008000130                . = ALIGN (0x4)

.text           0x0000000008000130      0xe50
                0x0000000008000130                . = ALIGN (0x4)
 *(.text)
 .text          0x0000000008000130       0x40 c:/st/stm32cubeide_1.4.0/stm32cubeide/plugins/com.st.stm32cube.ide.mcu.externaltools.gnu-tools-for-stm32.7-2018-q2-update.win32_1.4.0.202007081208/tools/bin/../lib/gcc/arm-none-eabi/7.3.1/thumb/v7-m/crtbegin.o
 *(.text*)
 .text.Clock_Enable
                0x0000000008000170       0x34 Src/main.o
                0x0000000008000170                Clock_Enable
 .text.RecieveString
                0x00000000080001a4       0x4c Src/main.o
                0x00000000080001a4                RecieveString
 .text.main     0x00000000080001f0       0xbc Src/main.o
                0x00000000080001f0                main
 .text.Reset_Handler
                0x00000000080002ac       0x50 Startup/startup_stm32f103c6tx.o
                0x00000000080002ac                Reset_Handler
 .text.Default_Handler
                0x00000000080002fc        0x2 Startup/startup_stm32f103c6tx.o
                0x00000000080002fc                TIM8_TRG_COM_IRQHandler
                0x00000000080002fc                TIM8_CC_IRQHandler
                0x00000000080002fc                DebugMon_Handler
                0x00000000080002fc                TIM1_CC_IRQHandler
                0x00000000080002fc                HardFault_Handler
                0x00000000080002fc                TIM6_IRQHandler
                0x00000000080002fc                SysTick_Handler
                0x00000000080002fc                PVD_IRQHandler
                0x00000000080002fc                SDIO_IRQHandler
                0x00000000080002fc                PendSV_Handler
                0x00000000080002fc                NMI_Handler
                0x00000000080002fc                USB_HP_CAN_TX_IRQHandler
                0x00000000080002fc                I2C2_EV_IRQHandler
                0x00000000080002fc                UsageFault_Handler
                0x00000000080002fc                ADC1_2_IRQHandler
                0x00000000080002fc                CAN_SCE_IRQHandler
                0x00000000080002fc                TAMPER_IRQHandler
                0x00000000080002fc                TIM8_UP_IRQHandler
                0x00000000080002fc                DMA2_Channel2_IRQHandler
                0x00000000080002fc                DMA1_Channel4_IRQHandler
                0x00000000080002fc                RTC_IRQHandler
                0x00000000080002fc                DMA1_Channel7_IRQHandler
                0x00000000080002fc                UART5_IRQHandler
                0x00000000080002fc                ADC3_IRQHandler
                0x00000000080002fc                TIM4_IRQHandler
                0x00000000080002fc                CAN_RX1_IRQHandler
                0x00000000080002fc                DMA2_Channel1_IRQHandler
                0x00000000080002fc                I2C1_EV_IRQHandler
                0x00000000080002fc                DMA1_Channel6_IRQHandler
                0x00000000080002fc                UART4_IRQHandler
                0x00000000080002fc                TIM3_IRQHandler
                0x00000000080002fc                RCC_IRQHandler
                0x00000000080002fc                TIM1_TRG_COM_IRQHandler
                0x00000000080002fc                DMA1_Channel1_IRQHandler
                0x00000000080002fc                Default_Handler
                0x00000000080002fc                TIM7_IRQHandler
                0x00000000080002fc                TIM5_IRQHandler
                0x00000000080002fc                USB_LP_CAN_RX0_IRQHandler
                0x00000000080002fc                MemManage_Handler
                0x00000000080002fc                SVC_Handler
                0x00000000080002fc                DMA1_Channel5_IRQHandler
                0x00000000080002fc                DMA1_Channel3_IRQHandler
                0x00000000080002fc                FSMC_IRQHandler
                0x00000000080002fc                TIM1_UP_IRQHandler
                0x00000000080002fc                WWDG_IRQHandler
                0x00000000080002fc                TIM2_IRQHandler
                0x00000000080002fc                TIM1_BRK_IRQHandler
                0x00000000080002fc                RTCAlarm_IRQHandler
                0x00000000080002fc                DMA2_Channel4_5_IRQHandler
                0x00000000080002fc                I2C2_ER_IRQHandler
                0x00000000080002fc                DMA1_Channel2_IRQHandler
                0x00000000080002fc                TIM8_BRK_IRQHandler
                0x00000000080002fc                FLASH_IRQHandler
                0x00000000080002fc                BusFault_Handler
                0x00000000080002fc                SPI3_IRQHandler
                0x00000000080002fc                I2C1_ER_IRQHandler
                0x00000000080002fc                DMA2_Channel3_IRQHandler
 *fill*         0x00000000080002fe        0x2 
 .text.EXTI0_IRQHandler
                0x0000000008000300       0x24 stm32f103c6_Drivers/EXTI.o
                0x0000000008000300                EXTI0_IRQHandler
 .text.EXTI1_IRQHandler
                0x0000000008000324       0x24 stm32f103c6_Drivers/EXTI.o
                0x0000000008000324                EXTI1_IRQHandler
 .text.EXTI2_IRQHandler
                0x0000000008000348       0x24 stm32f103c6_Drivers/EXTI.o
                0x0000000008000348                EXTI2_IRQHandler
 .text.EXTI3_IRQHandler
                0x000000000800036c       0x24 stm32f103c6_Drivers/EXTI.o
                0x000000000800036c                EXTI3_IRQHandler
 .text.EXTI4_IRQHandler
                0x0000000008000390       0x24 stm32f103c6_Drivers/EXTI.o
                0x0000000008000390                EXTI4_IRQHandler
 .text.EXTI9_5_IRQHandler
                0x00000000080003b4       0xa8 stm32f103c6_Drivers/EXTI.o
                0x00000000080003b4                EXTI9_5_IRQHandler
 .text.EXTI15_10_IRQHandler
                0x000000000800045c       0xc4 stm32f103c6_Drivers/EXTI.o
                0x000000000800045c                EXTI15_10_IRQHandler
 .text.Get_CRLH_Position
                0x0000000008000520       0xec stm32f103c6_Drivers/GPIO.o
 .text.MCAL_GPIO_INIT
                0x000000000800060c      0x108 stm32f103c6_Drivers/GPIO.o
                0x000000000800060c                MCAL_GPIO_INIT
 .text.MCAL_GPIO_Write_PIN
                0x0000000008000714       0x2e stm32f103c6_Drivers/GPIO.o
                0x0000000008000714                MCAL_GPIO_Write_PIN
 *fill*         0x0000000008000742        0x2 
 .text.MCAL_RCC_GetSYSCLK
                0x0000000008000744       0x3c stm32f103c6_Drivers/RCC.o
                0x0000000008000744                MCAL_RCC_GetSYSCLK
 .text.MCAL_RCC_GetHCLK
                0x0000000008000780       0x28 stm32f103c6_Drivers/RCC.o
                0x0000000008000780                MCAL_RCC_GetHCLK
 .text.MCAL_RCC_GetPCLK1
                0x00000000080007a8       0x28 stm32f103c6_Drivers/RCC.o
                0x00000000080007a8                MCAL_RCC_GetPCLK1
 .text.MCAL_RCC_GetPCLK2
                0x00000000080007d0       0x28 stm32f103c6_Drivers/RCC.o
                0x00000000080007d0                MCAL_RCC_GetPCLK2
 .text.MCAL_SPI_INIT
                0x00000000080007f8      0x118 stm32f103c6_Drivers/SPI.o
                0x00000000080007f8                MCAL_SPI_INIT
 .text.MCAL_SPI_TX_RX
                0x0000000008000910       0x54 stm32f103c6_Drivers/SPI.o
                0x0000000008000910                MCAL_SPI_TX_RX
 .text.MCAL_SPI_GPIO_Set_Pins
                0x0000000008000964      0x224 stm32f103c6_Drivers/SPI.o
                0x0000000008000964                MCAL_SPI_GPIO_Set_Pins
 .text.SPI1_IRQHandler
                0x0000000008000b88       0x5c stm32f103c6_Drivers/SPI.o
                0x0000000008000b88                SPI1_IRQHandler
 .text.SPI2_IRQHandler
                0x0000000008000be4       0x5c stm32f103c6_Drivers/SPI.o
                0x0000000008000be4                SPI2_IRQHandler
 .text.MCAL_USART_Init
                0x0000000008000c40      0x144 stm32f103c6_Drivers/UART.o
                0x0000000008000c40                MCAL_USART_Init
 .text.MCAL_USART_SendData
                0x0000000008000d84       0x36 stm32f103c6_Drivers/UART.o
                0x0000000008000d84                MCAL_USART_SendData
 *fill*         0x0000000008000dba        0x2 
 .text.MCAL_USART_RecieveData
                0x0000000008000dbc       0x5c stm32f103c6_Drivers/UART.o
                0x0000000008000dbc                MCAL_USART_RecieveData
 .text.MCAL_USART_GPIO_Set_Pins
                0x0000000008000e18       0xcc stm32f103c6_Drivers/UART.o
                0x0000000008000e18                MCAL_USART_GPIO_Set_Pins
 .text.USART1_IRQHandler
                0x0000000008000ee4       0x14 stm32f103c6_Drivers/UART.o
                0x0000000008000ee4                USART1_IRQHandler
 .text.USART2_IRQHandler
                0x0000000008000ef8       0x14 stm32f103c6_Drivers/UART.o
                0x0000000008000ef8                USART2_IRQHandler
 .text.USART3_IRQHandler
                0x0000000008000f0c       0x14 stm32f103c6_Drivers/UART.o
                0x0000000008000f0c                USART3_IRQHandler
 .text.__libc_init_array
                0x0000000008000f20       0x48 c:/st/stm32cubeide_1.4.0/stm32cubeide/plugins/com.st.stm32cube.ide.mcu.externaltools.gnu-tools-for-stm32.7-2018-q2-update.win32_1.4.0.202007081208/tools/bin/../lib/gcc/arm-none-eabi/7.3.1/../../../../arm-none-eabi/lib/thumb/v7-m\libc_nano.a(lib_a-init.o)
                0x0000000008000f20                __libc_init_array
 *(.glue_7)
 .glue_7        0x0000000008000f68        0x0 linker stubs
 *(.glue_7t)
 .glue_7t       0x0000000008000f68        0x0 linker stubs
 *(.eh_frame)
 .eh_frame      0x0000000008000f68        0x0 c:/st/stm32cubeide_1.4.0/stm32cubeide/plugins/com.st.stm32cube.ide.mcu.externaltools.gnu-tools-for-stm32.7-2018-q2-update.win32_1.4.0.202007081208/tools/bin/../lib/gcc/arm-none-eabi/7.3.1/thumb/v7-m/crtbegin.o
 *(.init)
 .init          0x0000000008000f68        0x4 c:/st/stm32cubeide_1.4.0/stm32cubeide/plugins/com.st.stm32cube.ide.mcu.externaltools.gnu-tools-for-stm32.7-2018-q2-update.win32_1.4.0.202007081208/tools/bin/../lib/gcc/arm-none-eabi/7.3.1/thumb/v7-m/crti.o
                0x0000000008000f68                _init
 .init          0x0000000008000f6c        0x8 c:/st/stm32cubeide_1.4.0/stm32cubeide/plugins/com.st.stm32cube.ide.mcu.externaltools.gnu-tools-for-stm32.7-2018-q2-update.win32_1.4.0.202007081208/tools/bin/../lib/gcc/arm-none-eabi/7.3.1/thumb/v7-m/crtn.o
 *(.fini)
 .fini          0x0000000008000f74        0x4 c:/st/stm32cubeide_1.4.0/stm32cubeide/plugins/com.st.stm32cube.ide.mcu.externaltools.gnu-tools-for-stm32.7-2018-q2-update.win32_1.4.0.202007081208/tools/bin/../lib/gcc/arm-none-eabi/7.3.1/thumb/v7-m/crti.o
                0x0000000008000f74                _fini
 .fini          0x0000000008000f78        0x8 c:/st/stm32cubeide_1.4.0/stm32cubeide/plugins/com.st.stm32cube.ide.mcu.externaltools.gnu-tools-for-stm32.7-2018-q2-update.win32_1.4.0.202007081208/tools/bin/../lib/gcc/arm-none-eabi/7.3.1/thumb/v7-m/crtn.o
                0x0000000008000f80                . = ALIGN (0x4)
                0x0000000008000f80                _etext = .

.vfp11_veneer   0x0000000008000f80        0x0
 .vfp11_veneer  0x0000000008000f80        0x0 linker stubs

.v4_bx          0x0000000008000f80        0x0
 .v4_bx         0x0000000008000f80        0x0 linker stubs

.iplt           0x0000000008000f80        0x0
 .iplt          0x0000000008000f80        0x0 c:/st/stm32cubeide_1.4.0/stm32cubeide/plugins/com.st.stm32cube.ide.mcu.externaltools.gnu-tools-for-stm32.7-2018-q2-update.win32_1.4.0.202007081208/tools/bin/../lib/gcc/arm-none-eabi/7.3.1/thumb/v7-m/crtbegin.o

.rodata         0x0000000008000f80       0x18
                0x0000000008000f80                . = ALIGN (0x4)
 *(.rodata)
 *(.rodata*)
 .rodata.APBprescTablep
                0x0000000008000f80        0x8 stm32f103c6_Drivers/RCC.o
                0x0000000008000f80                APBprescTablep
 .rodata.AHBprescTablep
                0x0000000008000f88       0x10 stm32f103c6_Drivers/RCC.o
                0x0000000008000f88                AHBprescTablep
                0x0000000008000f98                . = ALIGN (0x4)

.rel.dyn        0x0000000008000f98        0x0
 .rel.iplt      0x0000000008000f98        0x0 c:/st/stm32cubeide_1.4.0/stm32cubeide/plugins/com.st.stm32cube.ide.mcu.externaltools.gnu-tools-for-stm32.7-2018-q2-update.win32_1.4.0.202007081208/tools/bin/../lib/gcc/arm-none-eabi/7.3.1/thumb/v7-m/crtbegin.o

.ARM.extab      0x0000000008000f98        0x0
                0x0000000008000f98                . = ALIGN (0x4)
 *(.ARM.extab* .gnu.linkonce.armextab.*)
                0x0000000008000f98                . = ALIGN (0x4)

.ARM            0x0000000008000f98        0x0
                0x0000000008000f98                . = ALIGN (0x4)
                0x0000000008000f98                __exidx_start = .
 *(.ARM.exidx*)
                0x0000000008000f98                __exidx_end = .
                0x0000000008000f98                . = ALIGN (0x4)

.preinit_array  0x0000000008000f98        0x0
                0x0000000008000f98                . = ALIGN (0x4)
                0x0000000008000f98                PROVIDE (__preinit_array_start = .)
 *(.preinit_array*)
                0x0000000008000f98                PROVIDE (__preinit_array_end = .)
                0x0000000008000f98                . = ALIGN (0x4)

.init_array     0x0000000008000f98        0x4
                0x0000000008000f98                . = ALIGN (0x4)
                0x0000000008000f98                PROVIDE (__init_array_start = .)
 *(SORT_BY_NAME(.init_array.*))
 *(.init_array*)
 .init_array    0x0000000008000f98        0x4 c:/st/stm32cubeide_1.4.0/stm32cubeide/plugins/com.st.stm32cube.ide.mcu.externaltools.gnu-tools-for-stm32.7-2018-q2-update.win32_1.4.0.202007081208/tools/bin/../lib/gcc/arm-none-eabi/7.3.1/thumb/v7-m/crtbegin.o
                0x0000000008000f9c                PROVIDE (__init_array_end = .)
                0x0000000008000f9c                . = ALIGN (0x4)

.fini_array     0x0000000008000f9c        0x4
                0x0000000008000f9c                . = ALIGN (0x4)
                [!provide]                        PROVIDE (__fini_array_start = .)
 *(SORT_BY_NAME(.fini_array.*))
 *(.fini_array*)
 .fini_array    0x0000000008000f9c        0x4 c:/st/stm32cubeide_1.4.0/stm32cubeide/plugins/com.st.stm32cube.ide.mcu.externaltools.gnu-tools-for-stm32.7-2018-q2-update.win32_1.4.0.202007081208/tools/bin/../lib/gcc/arm-none-eabi/7.3.1/thumb/v7-m/crtbegin.o
                [!provide]                        PROVIDE (__fini_array_end = .)
                0x0000000008000fa0                . = ALIGN (0x4)
                0x0000000008000fa0                _sidata = LOADADDR (.data)

.data           0x0000000020000000        0x0 load address 0x0000000008000fa0
                0x0000000020000000                . = ALIGN (0x4)
                0x0000000020000000                _sdata = .
 *(.data)
 *(.data*)
                0x0000000020000000                . = ALIGN (0x4)
                0x0000000020000000                _edata = .

.igot.plt       0x0000000020000000        0x0 load address 0x0000000008000fa0
 .igot.plt      0x0000000020000000        0x0 c:/st/stm32cubeide_1.4.0/stm32cubeide/plugins/com.st.stm32cube.ide.mcu.externaltools.gnu-tools-for-stm32.7-2018-q2-update.win32_1.4.0.202007081208/tools/bin/../lib/gcc/arm-none-eabi/7.3.1/thumb/v7-m/crtbegin.o
                0x0000000020000000                . = ALIGN (0x4)

.bss            0x0000000020000000       0x68 load address 0x0000000008000fa0
                0x0000000020000000                _sbss = .
                0x0000000020000000                __bss_start__ = _sbss
 *(.bss)
 .bss           0x0000000020000000       0x1c c:/st/stm32cubeide_1.4.0/stm32cubeide/plugins/com.st.stm32cube.ide.mcu.externaltools.gnu-tools-for-stm32.7-2018-q2-update.win32_1.4.0.202007081208/tools/bin/../lib/gcc/arm-none-eabi/7.3.1/thumb/v7-m/crtbegin.o
 *(.bss*)
 .bss.Global_SPI_Config
                0x000000002000001c        0x8 stm32f103c6_Drivers/SPI.o
                0x000000002000001c                Global_SPI_Config
 .bss.Global_Usart_ConFig
                0x0000000020000024        0x4 stm32f103c6_Drivers/UART.o
                0x0000000020000024                Global_Usart_ConFig
 *(COMMON)
 COMMON         0x0000000020000028        0x2 Src/main.o
                0x0000000020000028                Buffer
 *fill*         0x000000002000002a        0x2 
 COMMON         0x000000002000002c       0x3c stm32f103c6_Drivers/EXTI.o
                0x000000002000002c                GP_IRQ_CallBack
                0x0000000020000068                . = ALIGN (0x4)
                0x0000000020000068                _ebss = .
                0x0000000020000068                __bss_end__ = _ebss

._user_heap_stack
                0x0000000020000068      0x600 load address 0x0000000008000fa0
                0x0000000020000068                . = ALIGN (0x8)
                [!provide]                        PROVIDE (end = .)
                0x0000000020000068                PROVIDE (_end = .)
                0x0000000020000268                . = (. + _Min_Heap_Size)
 *fill*         0x0000000020000068      0x200 
                0x0000000020000668                . = (. + _Min_Stack_Size)
 *fill*         0x0000000020000268      0x400 
                0x0000000020000668                . = ALIGN (0x8)

/DISCARD/
 libc.a(*)
 libm.a(*)
 libgcc.a(*)

.ARM.attributes
                0x0000000000000000       0x29
 *(.ARM.attributes)
 .ARM.attributes
                0x0000000000000000       0x1d c:/st/stm32cubeide_1.4.0/stm32cubeide/plugins/com.st.stm32cube.ide.mcu.externaltools.gnu-tools-for-stm32.7-2018-q2-update.win32_1.4.0.202007081208/tools/bin/../lib/gcc/arm-none-eabi/7.3.1/thumb/v7-m/crti.o
 .ARM.attributes
                0x000000000000001d       0x2d c:/st/stm32cubeide_1.4.0/stm32cubeide/plugins/com.st.stm32cube.ide.mcu.externaltools.gnu-tools-for-stm32.7-2018-q2-update.win32_1.4.0.202007081208/tools/bin/../lib/gcc/arm-none-eabi/7.3.1/thumb/v7-m/crtbegin.o
 .ARM.attributes
                0x000000000000004a       0x33 Src/main.o
 .ARM.attributes
                0x000000000000007d       0x21 Startup/startup_stm32f103c6tx.o
 .ARM.attributes
                0x000000000000009e       0x33 stm32f103c6_Drivers/EXTI.o
 .ARM.attributes
                0x00000000000000d1       0x33 stm32f103c6_Drivers/GPIO.o
 .ARM.attributes
                0x0000000000000104       0x33 stm32f103c6_Drivers/RCC.o
 .ARM.attributes
                0x0000000000000137       0x33 stm32f103c6_Drivers/SPI.o
 .ARM.attributes
                0x000000000000016a       0x33 stm32f103c6_Drivers/UART.o
 .ARM.attributes
                0x000000000000019d       0x2d c:/st/stm32cubeide_1.4.0/stm32cubeide/plugins/com.st.stm32cube.ide.mcu.externaltools.gnu-tools-for-stm32.7-2018-q2-update.win32_1.4.0.202007081208/tools/bin/../lib/gcc/arm-none-eabi/7.3.1/../../../../arm-none-eabi/lib/thumb/v7-m\libc_nano.a(lib_a-init.o)
 .ARM.attributes
                0x00000000000001ca       0x1d c:/st/stm32cubeide_1.4.0/stm32cubeide/plugins/com.st.stm32cube.ide.mcu.externaltools.gnu-tools-for-stm32.7-2018-q2-update.win32_1.4.0.202007081208/tools/bin/../lib/gcc/arm-none-eabi/7.3.1/thumb/v7-m/crtn.o
OUTPUT(drivers.elf elf32-littlearm)

.debug_info     0x0000000000000000     0x5251
 .debug_info    0x0000000000000000      0xe5f Src/main.o
 .debug_info    0x0000000000000e5f       0x22 Startup/startup_stm32f103c6tx.o
 .debug_info    0x0000000000000e81      0xdbc stm32f103c6_Drivers/EXTI.o
 .debug_info    0x0000000000001c3d      0xd78 stm32f103c6_Drivers/GPIO.o
 .debug_info    0x00000000000029b5      0xb21 stm32f103c6_Drivers/RCC.o
 .debug_info    0x00000000000034d6      0xf04 stm32f103c6_Drivers/SPI.o
 .debug_info    0x00000000000043da      0xe77 stm32f103c6_Drivers/UART.o

.debug_abbrev   0x0000000000000000      0xbff
 .debug_abbrev  0x0000000000000000      0x202 Src/main.o
 .debug_abbrev  0x0000000000000202       0x12 Startup/startup_stm32f103c6tx.o
 .debug_abbrev  0x0000000000000214      0x228 stm32f103c6_Drivers/EXTI.o
 .debug_abbrev  0x000000000000043c      0x1dc stm32f103c6_Drivers/GPIO.o
 .debug_abbrev  0x0000000000000618      0x197 stm32f103c6_Drivers/RCC.o
 .debug_abbrev  0x00000000000007af      0x23e stm32f103c6_Drivers/SPI.o
 .debug_abbrev  0x00000000000009ed      0x212 stm32f103c6_Drivers/UART.o

.debug_loc      0x0000000000000000      0xd60
 .debug_loc     0x0000000000000000       0xa8 Src/main.o
 .debug_loc     0x00000000000000a8      0x320 stm32f103c6_Drivers/EXTI.o
 .debug_loc     0x00000000000003c8      0x330 stm32f103c6_Drivers/GPIO.o
 .debug_loc     0x00000000000006f8       0xc8 stm32f103c6_Drivers/RCC.o
 .debug_loc     0x00000000000007c0      0x2bc stm32f103c6_Drivers/SPI.o
 .debug_loc     0x0000000000000a7c      0x2e4 stm32f103c6_Drivers/UART.o

.debug_aranges  0x0000000000000000      0x230
 .debug_aranges
                0x0000000000000000       0x30 Src/main.o
 .debug_aranges
                0x0000000000000030       0x28 Startup/startup_stm32f103c6tx.o
 .debug_aranges
                0x0000000000000058       0x80 stm32f103c6_Drivers/EXTI.o
 .debug_aranges
                0x00000000000000d8       0x60 stm32f103c6_Drivers/GPIO.o
 .debug_aranges
                0x0000000000000138       0x38 stm32f103c6_Drivers/RCC.o
 .debug_aranges
                0x0000000000000170       0x58 stm32f103c6_Drivers/SPI.o
 .debug_aranges
                0x00000000000001c8       0x68 stm32f103c6_Drivers/UART.o

.debug_ranges   0x0000000000000000      0x1c8
 .debug_ranges  0x0000000000000000       0x20 Src/main.o
 .debug_ranges  0x0000000000000020       0x20 Startup/startup_stm32f103c6tx.o
 .debug_ranges  0x0000000000000040       0x70 stm32f103c6_Drivers/EXTI.o
 .debug_ranges  0x00000000000000b0       0x50 stm32f103c6_Drivers/GPIO.o
 .debug_ranges  0x0000000000000100       0x28 stm32f103c6_Drivers/RCC.o
 .debug_ranges  0x0000000000000128       0x48 stm32f103c6_Drivers/SPI.o
 .debug_ranges  0x0000000000000170       0x58 stm32f103c6_Drivers/UART.o

.debug_macro    0x0000000000000000      0xd17
 .debug_macro   0x0000000000000000      0x166 Src/main.o
 .debug_macro   0x0000000000000166       0xd0 Src/main.o
 .debug_macro   0x0000000000000236       0x16 Src/main.o
 .debug_macro   0x000000000000024c       0xe2 Src/main.o
 .debug_macro   0x000000000000032e       0xca Src/main.o
 .debug_macro   0x00000000000003f8      0x154 stm32f103c6_Drivers/EXTI.o
 .debug_macro   0x000000000000054c      0x1a7 stm32f103c6_Drivers/EXTI.o
 .debug_macro   0x00000000000006f3      0x145 stm32f103c6_Drivers/GPIO.o
 .debug_macro   0x0000000000000838      0x14e stm32f103c6_Drivers/RCC.o
 .debug_macro   0x0000000000000986       0x10 stm32f103c6_Drivers/RCC.o
 .debug_macro   0x0000000000000996      0x166 stm32f103c6_Drivers/SPI.o
 .debug_macro   0x0000000000000afc       0xc4 stm32f103c6_Drivers/SPI.o
 .debug_macro   0x0000000000000bc0      0x157 stm32f103c6_Drivers/UART.o

.debug_line     0x0000000000000000     0x2730
 .debug_line    0x0000000000000000      0x5cb Src/main.o
 .debug_line    0x00000000000005cb       0x84 Startup/startup_stm32f103c6tx.o
 .debug_line    0x000000000000064f      0x733 stm32f103c6_Drivers/EXTI.o
 .debug_line    0x0000000000000d82      0x69f stm32f103c6_Drivers/GPIO.o
 .debug_line    0x0000000000001421      0x5b6 stm32f103c6_Drivers/RCC.o
 .debug_line    0x00000000000019d7      0x6a5 stm32f103c6_Drivers/SPI.o
 .debug_line    0x000000000000207c      0x6b4 stm32f103c6_Drivers/UART.o

.debug_str      0x0000000000000000     0xa51d
 .debug_str     0x0000000000000000     0x8d1a Src/main.o
                                       0x8fa5 (size before relaxing)
 .debug_str     0x0000000000008d1a       0x64 Startup/startup_stm32f103c6tx.o
 .debug_str     0x0000000000008d7e     0x1362 stm32f103c6_Drivers/EXTI.o
                                       0x954a (size before relaxing)
 .debug_str     0x000000000000a0e0      0x12c stm32f103c6_Drivers/GPIO.o
                                       0x8371 (size before relaxing)
 .debug_str     0x000000000000a20c       0x83 stm32f103c6_Drivers/RCC.o
                                       0x828b (size before relaxing)
 .debug_str     0x000000000000a28f      0x169 stm32f103c6_Drivers/SPI.o
                                       0x89ea (size before relaxing)
 .debug_str     0x000000000000a3f8      0x125 stm32f103c6_Drivers/UART.o
                                       0x8a5d (size before relaxing)

.comment        0x0000000000000000       0x7b
 .comment       0x0000000000000000       0x7b Src/main.o
                                         0x7c (size before relaxing)
 .comment       0x000000000000007b       0x7c stm32f103c6_Drivers/EXTI.o
 .comment       0x000000000000007b       0x7c stm32f103c6_Drivers/GPIO.o
 .comment       0x000000000000007b       0x7c stm32f103c6_Drivers/RCC.o
 .comment       0x000000000000007b       0x7c stm32f103c6_Drivers/SPI.o
 .comment       0x000000000000007b       0x7c stm32f103c6_Drivers/UART.o

.debug_frame    0x0000000000000000      0x6fc
 .debug_frame   0x0000000000000000       0x6c Src/main.o
 .debug_frame   0x000000000000006c      0x1b0 stm32f103c6_Drivers/EXTI.o
 .debug_frame   0x000000000000021c      0x178 stm32f103c6_Drivers/GPIO.o
 .debug_frame   0x0000000000000394       0x84 stm32f103c6_Drivers/RCC.o
 .debug_frame   0x0000000000000418      0x148 stm32f103c6_Drivers/SPI.o
 .debug_frame   0x0000000000000560      0x170 stm32f103c6_Drivers/UART.o
 .debug_frame   0x00000000000006d0       0x2c c:/st/stm32cubeide_1.4.0/stm32cubeide/plugins/com.st.stm32cube.ide.mcu.externaltools.gnu-tools-for-stm32.7-2018-q2-update.win32_1.4.0.202007081208/tools/bin/../lib/gcc/arm-none-eabi/7.3.1/../../../../arm-none-eabi/lib/thumb/v7-m\libc_nano.a(lib_a-init.o)
