Archive member included to satisfy reference by file (symbol)

c:/st/stm32cubeide_1.4.0/stm32cubeide/plugins/com.st.stm32cube.ide.mcu.externaltools.gnu-tools-for-stm32.7-2018-q2-update.win32_1.4.0.202007081208/tools/bin/../lib/gcc/arm-none-eabi/7.3.1/../../../../arm-none-eabi/lib/thumb/v7-m\libc_nano.a(lib_a-errno.o)
                              Src/syscalls.o (__errno)
c:/st/stm32cubeide_1.4.0/stm32cubeide/plugins/com.st.stm32cube.ide.mcu.externaltools.gnu-tools-for-stm32.7-2018-q2-update.win32_1.4.0.202007081208/tools/bin/../lib/gcc/arm-none-eabi/7.3.1/../../../../arm-none-eabi/lib/thumb/v7-m\libc_nano.a(lib_a-exit.o)
                              c:/st/stm32cubeide_1.4.0/stm32cubeide/plugins/com.st.stm32cube.ide.mcu.externaltools.gnu-tools-for-stm32.7-2018-q2-update.win32_1.4.0.202007081208/tools/bin/../lib/gcc/arm-none-eabi/7.3.1/../../../../arm-none-eabi/lib/thumb/v7-m/crt0.o (exit)
c:/st/stm32cubeide_1.4.0/stm32cubeide/plugins/com.st.stm32cube.ide.mcu.externaltools.gnu-tools-for-stm32.7-2018-q2-update.win32_1.4.0.202007081208/tools/bin/../lib/gcc/arm-none-eabi/7.3.1/../../../../arm-none-eabi/lib/thumb/v7-m\libc_nano.a(lib_a-impure.o)
                              c:/st/stm32cubeide_1.4.0/stm32cubeide/plugins/com.st.stm32cube.ide.mcu.externaltools.gnu-tools-for-stm32.7-2018-q2-update.win32_1.4.0.202007081208/tools/bin/../lib/gcc/arm-none-eabi/7.3.1/../../../../arm-none-eabi/lib/thumb/v7-m\libc_nano.a(lib_a-exit.o) (_global_impure_ptr)
c:/st/stm32cubeide_1.4.0/stm32cubeide/plugins/com.st.stm32cube.ide.mcu.externaltools.gnu-tools-for-stm32.7-2018-q2-update.win32_1.4.0.202007081208/tools/bin/../lib/gcc/arm-none-eabi/7.3.1/../../../../arm-none-eabi/lib/thumb/v7-m\libc_nano.a(lib_a-init.o)
                              c:/st/stm32cubeide_1.4.0/stm32cubeide/plugins/com.st.stm32cube.ide.mcu.externaltools.gnu-tools-for-stm32.7-2018-q2-update.win32_1.4.0.202007081208/tools/bin/../lib/gcc/arm-none-eabi/7.3.1/../../../../arm-none-eabi/lib/thumb/v7-m/crt0.o (__libc_init_array)
c:/st/stm32cubeide_1.4.0/stm32cubeide/plugins/com.st.stm32cube.ide.mcu.externaltools.gnu-tools-for-stm32.7-2018-q2-update.win32_1.4.0.202007081208/tools/bin/../lib/gcc/arm-none-eabi/7.3.1/../../../../arm-none-eabi/lib/thumb/v7-m\libc_nano.a(lib_a-memset.o)
                              c:/st/stm32cubeide_1.4.0/stm32cubeide/plugins/com.st.stm32cube.ide.mcu.externaltools.gnu-tools-for-stm32.7-2018-q2-update.win32_1.4.0.202007081208/tools/bin/../lib/gcc/arm-none-eabi/7.3.1/../../../../arm-none-eabi/lib/thumb/v7-m/crt0.o (memset)

Allocating common symbols
Common symbol       size              file

PinConfig           0x4               HAL/LCD.o
GP_IRQ_CallBack     0x3c              stm32f103c6_Drivers/EXTI.o

Discarded input sections

 .text          0x0000000000000000        0x0 c:/st/stm32cubeide_1.4.0/stm32cubeide/plugins/com.st.stm32cube.ide.mcu.externaltools.gnu-tools-for-stm32.7-2018-q2-update.win32_1.4.0.202007081208/tools/bin/../lib/gcc/arm-none-eabi/7.3.1/thumb/v7-m/crti.o
 .data          0x0000000000000000        0x0 c:/st/stm32cubeide_1.4.0/stm32cubeide/plugins/com.st.stm32cube.ide.mcu.externaltools.gnu-tools-for-stm32.7-2018-q2-update.win32_1.4.0.202007081208/tools/bin/../lib/gcc/arm-none-eabi/7.3.1/thumb/v7-m/crti.o
 .bss           0x0000000000000000        0x0 c:/st/stm32cubeide_1.4.0/stm32cubeide/plugins/com.st.stm32cube.ide.mcu.externaltools.gnu-tools-for-stm32.7-2018-q2-update.win32_1.4.0.202007081208/tools/bin/../lib/gcc/arm-none-eabi/7.3.1/thumb/v7-m/crti.o
 .data          0x0000000000000000        0x4 c:/st/stm32cubeide_1.4.0/stm32cubeide/plugins/com.st.stm32cube.ide.mcu.externaltools.gnu-tools-for-stm32.7-2018-q2-update.win32_1.4.0.202007081208/tools/bin/../lib/gcc/arm-none-eabi/7.3.1/thumb/v7-m/crtbegin.o
 .text          0x0000000000000000       0x74 c:/st/stm32cubeide_1.4.0/stm32cubeide/plugins/com.st.stm32cube.ide.mcu.externaltools.gnu-tools-for-stm32.7-2018-q2-update.win32_1.4.0.202007081208/tools/bin/../lib/gcc/arm-none-eabi/7.3.1/../../../../arm-none-eabi/lib/thumb/v7-m/crt0.o
 .data          0x0000000000000000        0x0 c:/st/stm32cubeide_1.4.0/stm32cubeide/plugins/com.st.stm32cube.ide.mcu.externaltools.gnu-tools-for-stm32.7-2018-q2-update.win32_1.4.0.202007081208/tools/bin/../lib/gcc/arm-none-eabi/7.3.1/../../../../arm-none-eabi/lib/thumb/v7-m/crt0.o
 .bss           0x0000000000000000        0x0 c:/st/stm32cubeide_1.4.0/stm32cubeide/plugins/com.st.stm32cube.ide.mcu.externaltools.gnu-tools-for-stm32.7-2018-q2-update.win32_1.4.0.202007081208/tools/bin/../lib/gcc/arm-none-eabi/7.3.1/../../../../arm-none-eabi/lib/thumb/v7-m/crt0.o
 .ARM.extab     0x0000000000000000        0x0 c:/st/stm32cubeide_1.4.0/stm32cubeide/plugins/com.st.stm32cube.ide.mcu.externaltools.gnu-tools-for-stm32.7-2018-q2-update.win32_1.4.0.202007081208/tools/bin/../lib/gcc/arm-none-eabi/7.3.1/../../../../arm-none-eabi/lib/thumb/v7-m/crt0.o
 .ARM.exidx     0x0000000000000000        0x8 c:/st/stm32cubeide_1.4.0/stm32cubeide/plugins/com.st.stm32cube.ide.mcu.externaltools.gnu-tools-for-stm32.7-2018-q2-update.win32_1.4.0.202007081208/tools/bin/../lib/gcc/arm-none-eabi/7.3.1/../../../../arm-none-eabi/lib/thumb/v7-m/crt0.o
 .ARM.attributes
                0x0000000000000000       0x1b c:/st/stm32cubeide_1.4.0/stm32cubeide/plugins/com.st.stm32cube.ide.mcu.externaltools.gnu-tools-for-stm32.7-2018-q2-update.win32_1.4.0.202007081208/tools/bin/../lib/gcc/arm-none-eabi/7.3.1/../../../../arm-none-eabi/lib/thumb/v7-m/crt0.o
 .group         0x0000000000000000        0xc HAL/Keypad.o
 .group         0x0000000000000000        0xc HAL/Keypad.o
 .group         0x0000000000000000        0xc HAL/Keypad.o
 .group         0x0000000000000000        0xc HAL/Keypad.o
 .group         0x0000000000000000        0xc HAL/Keypad.o
 .group         0x0000000000000000        0xc HAL/Keypad.o
 .group         0x0000000000000000        0xc HAL/Keypad.o
 .group         0x0000000000000000        0xc HAL/Keypad.o
 .group         0x0000000000000000        0xc HAL/Keypad.o
 .group         0x0000000000000000        0xc HAL/Keypad.o
 .group         0x0000000000000000        0xc HAL/Keypad.o
 .group         0x0000000000000000        0xc HAL/Keypad.o
 .group         0x0000000000000000        0xc HAL/Keypad.o
 .group         0x0000000000000000        0xc HAL/Keypad.o
 .group         0x0000000000000000        0xc HAL/Keypad.o
 .group         0x0000000000000000        0xc HAL/Keypad.o
 .group         0x0000000000000000        0xc HAL/Keypad.o
 .group         0x0000000000000000        0xc HAL/Keypad.o
 .group         0x0000000000000000        0xc HAL/Keypad.o
 .group         0x0000000000000000        0xc HAL/Keypad.o
 .group         0x0000000000000000        0xc HAL/Keypad.o
 .group         0x0000000000000000        0xc HAL/Keypad.o
 .group         0x0000000000000000        0xc HAL/Keypad.o
 .group         0x0000000000000000        0xc HAL/Keypad.o
 .group         0x0000000000000000        0xc HAL/Keypad.o
 .text          0x0000000000000000        0x0 HAL/Keypad.o
 .data          0x0000000000000000        0x0 HAL/Keypad.o
 .bss           0x0000000000000000        0x0 HAL/Keypad.o
 .group         0x0000000000000000        0xc HAL/LCD.o
 .group         0x0000000000000000        0xc HAL/LCD.o
 .group         0x0000000000000000        0xc HAL/LCD.o
 .group         0x0000000000000000        0xc HAL/LCD.o
 .group         0x0000000000000000        0xc HAL/LCD.o
 .group         0x0000000000000000        0xc HAL/LCD.o
 .group         0x0000000000000000        0xc HAL/LCD.o
 .group         0x0000000000000000        0xc HAL/LCD.o
 .group         0x0000000000000000        0xc HAL/LCD.o
 .group         0x0000000000000000        0xc HAL/LCD.o
 .group         0x0000000000000000        0xc HAL/LCD.o
 .group         0x0000000000000000        0xc HAL/LCD.o
 .group         0x0000000000000000        0xc HAL/LCD.o
 .group         0x0000000000000000        0xc HAL/LCD.o
 .group         0x0000000000000000        0xc HAL/LCD.o
 .group         0x0000000000000000        0xc HAL/LCD.o
 .group         0x0000000000000000        0xc HAL/LCD.o
 .group         0x0000000000000000        0xc HAL/LCD.o
 .group         0x0000000000000000        0xc HAL/LCD.o
 .group         0x0000000000000000        0xc HAL/LCD.o
 .group         0x0000000000000000        0xc HAL/LCD.o
 .group         0x0000000000000000        0xc HAL/LCD.o
 .group         0x0000000000000000        0xc HAL/LCD.o
 .group         0x0000000000000000        0xc HAL/LCD.o
 .group         0x0000000000000000        0xc HAL/LCD.o
 .text          0x0000000000000000        0x0 HAL/LCD.o
 .data          0x0000000000000000        0x0 HAL/LCD.o
 .bss           0x0000000000000000        0x0 HAL/LCD.o
 .text.LCD_Store_Customer_Char
                0x0000000000000000       0x56 HAL/LCD.o
 .text.LCD_Display_Customer_Char
                0x0000000000000000       0x2e HAL/LCD.o
 .debug_macro   0x0000000000000000      0xa60 HAL/LCD.o
 .debug_macro   0x0000000000000000       0x22 HAL/LCD.o
 .debug_macro   0x0000000000000000       0x8e HAL/LCD.o
 .debug_macro   0x0000000000000000       0x51 HAL/LCD.o
 .debug_macro   0x0000000000000000       0xef HAL/LCD.o
 .debug_macro   0x0000000000000000       0x6a HAL/LCD.o
 .debug_macro   0x0000000000000000      0x1df HAL/LCD.o
 .debug_macro   0x0000000000000000       0x18 HAL/LCD.o
 .debug_macro   0x0000000000000000       0x46 HAL/LCD.o
 .debug_macro   0x0000000000000000       0x3c HAL/LCD.o
 .debug_macro   0x0000000000000000       0x34 HAL/LCD.o
 .debug_macro   0x0000000000000000       0x16 HAL/LCD.o
 .debug_macro   0x0000000000000000      0x10e HAL/LCD.o
 .debug_macro   0x0000000000000000       0x8d HAL/LCD.o
 .debug_macro   0x0000000000000000       0x52 HAL/LCD.o
 .debug_macro   0x0000000000000000       0x1f HAL/LCD.o
 .debug_macro   0x0000000000000000       0x43 HAL/LCD.o
 .debug_macro   0x0000000000000000       0x20 HAL/LCD.o
 .debug_macro   0x0000000000000000      0x1a3 HAL/LCD.o
 .debug_macro   0x0000000000000000      0x330 HAL/LCD.o
 .debug_macro   0x0000000000000000       0x16 HAL/LCD.o
 .debug_macro   0x0000000000000000       0x29 HAL/LCD.o
 .debug_macro   0x0000000000000000       0xca HAL/LCD.o
 .group         0x0000000000000000        0xc Src/main.o
 .group         0x0000000000000000        0xc Src/main.o
 .group         0x0000000000000000        0xc Src/main.o
 .group         0x0000000000000000        0xc Src/main.o
 .group         0x0000000000000000        0xc Src/main.o
 .group         0x0000000000000000        0xc Src/main.o
 .group         0x0000000000000000        0xc Src/main.o
 .group         0x0000000000000000        0xc Src/main.o
 .group         0x0000000000000000        0xc Src/main.o
 .group         0x0000000000000000        0xc Src/main.o
 .group         0x0000000000000000        0xc Src/main.o
 .group         0x0000000000000000        0xc Src/main.o
 .group         0x0000000000000000        0xc Src/main.o
 .group         0x0000000000000000        0xc Src/main.o
 .group         0x0000000000000000        0xc Src/main.o
 .group         0x0000000000000000        0xc Src/main.o
 .group         0x0000000000000000        0xc Src/main.o
 .group         0x0000000000000000        0xc Src/main.o
 .group         0x0000000000000000        0xc Src/main.o
 .group         0x0000000000000000        0xc Src/main.o
 .group         0x0000000000000000        0xc Src/main.o
 .group         0x0000000000000000        0xc Src/main.o
 .group         0x0000000000000000        0xc Src/main.o
 .group         0x0000000000000000        0xc Src/main.o
 .group         0x0000000000000000        0xc Src/main.o
 .group         0x0000000000000000        0xc Src/main.o
 .text          0x0000000000000000        0x0 Src/main.o
 .data          0x0000000000000000        0x0 Src/main.o
 .bss           0x0000000000000000        0x0 Src/main.o
 .debug_macro   0x0000000000000000      0xa60 Src/main.o
 .debug_macro   0x0000000000000000       0x22 Src/main.o
 .debug_macro   0x0000000000000000       0x8e Src/main.o
 .debug_macro   0x0000000000000000       0x51 Src/main.o
 .debug_macro   0x0000000000000000       0xef Src/main.o
 .debug_macro   0x0000000000000000       0x6a Src/main.o
 .debug_macro   0x0000000000000000      0x1df Src/main.o
 .debug_macro   0x0000000000000000       0x18 Src/main.o
 .debug_macro   0x0000000000000000       0x46 Src/main.o
 .debug_macro   0x0000000000000000       0x3c Src/main.o
 .debug_macro   0x0000000000000000       0x34 Src/main.o
 .debug_macro   0x0000000000000000       0x16 Src/main.o
 .debug_macro   0x0000000000000000      0x10e Src/main.o
 .debug_macro   0x0000000000000000       0x8d Src/main.o
 .debug_macro   0x0000000000000000       0x52 Src/main.o
 .debug_macro   0x0000000000000000       0x1f Src/main.o
 .debug_macro   0x0000000000000000       0x43 Src/main.o
 .debug_macro   0x0000000000000000       0x20 Src/main.o
 .debug_macro   0x0000000000000000      0x1a3 Src/main.o
 .debug_macro   0x0000000000000000      0x330 Src/main.o
 .debug_macro   0x0000000000000000       0x16 Src/main.o
 .debug_macro   0x0000000000000000       0x29 Src/main.o
 .debug_macro   0x0000000000000000      0x21b Src/main.o
 .debug_macro   0x0000000000000000       0xca Src/main.o
 .debug_macro   0x0000000000000000       0xa0 Src/main.o
 .debug_macro   0x0000000000000000       0x3a Src/main.o
 .group         0x0000000000000000        0xc Src/syscalls.o
 .group         0x0000000000000000        0xc Src/syscalls.o
 .group         0x0000000000000000        0xc Src/syscalls.o
 .group         0x0000000000000000        0xc Src/syscalls.o
 .group         0x0000000000000000        0xc Src/syscalls.o
 .group         0x0000000000000000        0xc Src/syscalls.o
 .group         0x0000000000000000        0xc Src/syscalls.o
 .group         0x0000000000000000        0xc Src/syscalls.o
 .group         0x0000000000000000        0xc Src/syscalls.o
 .group         0x0000000000000000        0xc Src/syscalls.o
 .group         0x0000000000000000        0xc Src/syscalls.o
 .group         0x0000000000000000        0xc Src/syscalls.o
 .group         0x0000000000000000        0xc Src/syscalls.o
 .group         0x0000000000000000        0xc Src/syscalls.o
 .group         0x0000000000000000        0xc Src/syscalls.o
 .group         0x0000000000000000        0xc Src/syscalls.o
 .group         0x0000000000000000        0xc Src/syscalls.o
 .group         0x0000000000000000        0xc Src/syscalls.o
 .group         0x0000000000000000        0xc Src/syscalls.o
 .group         0x0000000000000000        0xc Src/syscalls.o
 .group         0x0000000000000000        0xc Src/syscalls.o
 .group         0x0000000000000000        0xc Src/syscalls.o
 .group         0x0000000000000000        0xc Src/syscalls.o
 .group         0x0000000000000000        0xc Src/syscalls.o
 .group         0x0000000000000000        0xc Src/syscalls.o
 .group         0x0000000000000000        0xc Src/syscalls.o
 .group         0x0000000000000000        0xc Src/syscalls.o
 .group         0x0000000000000000        0xc Src/syscalls.o
 .group         0x0000000000000000        0xc Src/syscalls.o
 .group         0x0000000000000000        0xc Src/syscalls.o
 .group         0x0000000000000000        0xc Src/syscalls.o
 .group         0x0000000000000000        0xc Src/syscalls.o
 .group         0x0000000000000000        0xc Src/syscalls.o
 .group         0x0000000000000000        0xc Src/syscalls.o
 .group         0x0000000000000000        0xc Src/syscalls.o
 .group         0x0000000000000000        0xc Src/syscalls.o
 .group         0x0000000000000000        0xc Src/syscalls.o
 .group         0x0000000000000000        0xc Src/syscalls.o
 .group         0x0000000000000000        0xc Src/syscalls.o
 .group         0x0000000000000000        0xc Src/syscalls.o
 .group         0x0000000000000000        0xc Src/syscalls.o
 .group         0x0000000000000000        0xc Src/syscalls.o
 .group         0x0000000000000000        0xc Src/syscalls.o
 .group         0x0000000000000000        0xc Src/syscalls.o
 .text          0x0000000000000000        0x0 Src/syscalls.o
 .data          0x0000000000000000        0x0 Src/syscalls.o
 .bss           0x0000000000000000        0x0 Src/syscalls.o
 .bss.__env     0x0000000000000000        0x4 Src/syscalls.o
 .data.environ  0x0000000000000000        0x4 Src/syscalls.o
 .text.initialise_monitor_handles
                0x0000000000000000        0xc Src/syscalls.o
 .text._getpid  0x0000000000000000        0xe Src/syscalls.o
 .text._kill    0x0000000000000000       0x20 Src/syscalls.o
 .text._exit    0x0000000000000000       0x14 Src/syscalls.o
 .text._read    0x0000000000000000       0x3a Src/syscalls.o
 .text._write   0x0000000000000000       0x38 Src/syscalls.o
 .text._close   0x0000000000000000       0x16 Src/syscalls.o
 .text._fstat   0x0000000000000000       0x1e Src/syscalls.o
 .text._isatty  0x0000000000000000       0x14 Src/syscalls.o
 .text._lseek   0x0000000000000000       0x18 Src/syscalls.o
 .text._open    0x0000000000000000       0x1a Src/syscalls.o
 .text._wait    0x0000000000000000       0x1e Src/syscalls.o
 .text._unlink  0x0000000000000000       0x1e Src/syscalls.o
 .text._times   0x0000000000000000       0x16 Src/syscalls.o
 .text._stat    0x0000000000000000       0x1e Src/syscalls.o
 .text._link    0x0000000000000000       0x20 Src/syscalls.o
 .text._fork    0x0000000000000000       0x16 Src/syscalls.o
 .text._execve  0x0000000000000000       0x22 Src/syscalls.o
 .debug_info    0x0000000000000000     0x1038 Src/syscalls.o
 .debug_abbrev  0x0000000000000000      0x254 Src/syscalls.o
 .debug_loc     0x0000000000000000      0x5b8 Src/syscalls.o
 .debug_aranges
                0x0000000000000000       0xa8 Src/syscalls.o
 .debug_ranges  0x0000000000000000       0x98 Src/syscalls.o
 .debug_macro   0x0000000000000000      0x243 Src/syscalls.o
 .debug_macro   0x0000000000000000      0xa60 Src/syscalls.o
 .debug_macro   0x0000000000000000       0x22 Src/syscalls.o
 .debug_macro   0x0000000000000000       0x40 Src/syscalls.o
 .debug_macro   0x0000000000000000       0x18 Src/syscalls.o
 .debug_macro   0x0000000000000000       0x94 Src/syscalls.o
 .debug_macro   0x0000000000000000       0x3c Src/syscalls.o
 .debug_macro   0x0000000000000000       0x34 Src/syscalls.o
 .debug_macro   0x0000000000000000       0x57 Src/syscalls.o
 .debug_macro   0x0000000000000000      0x174 Src/syscalls.o
 .debug_macro   0x0000000000000000      0x330 Src/syscalls.o
 .debug_macro   0x0000000000000000       0x52 Src/syscalls.o
 .debug_macro   0x0000000000000000       0x1f Src/syscalls.o
 .debug_macro   0x0000000000000000       0x43 Src/syscalls.o
 .debug_macro   0x0000000000000000       0x20 Src/syscalls.o
 .debug_macro   0x0000000000000000      0x1a3 Src/syscalls.o
 .debug_macro   0x0000000000000000       0x10 Src/syscalls.o
 .debug_macro   0x0000000000000000       0x35 Src/syscalls.o
 .debug_macro   0x0000000000000000       0x10 Src/syscalls.o
 .debug_macro   0x0000000000000000       0x10 Src/syscalls.o
 .debug_macro   0x0000000000000000       0x10 Src/syscalls.o
 .debug_macro   0x0000000000000000       0x6a Src/syscalls.o
 .debug_macro   0x0000000000000000       0x1c Src/syscalls.o
 .debug_macro   0x0000000000000000       0x52 Src/syscalls.o
 .debug_macro   0x0000000000000000       0x40 Src/syscalls.o
 .debug_macro   0x0000000000000000       0x10 Src/syscalls.o
 .debug_macro   0x0000000000000000       0x40 Src/syscalls.o
 .debug_macro   0x0000000000000000       0xd7 Src/syscalls.o
 .debug_macro   0x0000000000000000       0x1c Src/syscalls.o
 .debug_macro   0x0000000000000000       0x3d Src/syscalls.o
 .debug_macro   0x0000000000000000       0x35 Src/syscalls.o
 .debug_macro   0x0000000000000000      0x122 Src/syscalls.o
 .debug_macro   0x0000000000000000       0x16 Src/syscalls.o
 .debug_macro   0x0000000000000000       0x16 Src/syscalls.o
 .debug_macro   0x0000000000000000       0x29 Src/syscalls.o
 .debug_macro   0x0000000000000000       0x10 Src/syscalls.o
 .debug_macro   0x0000000000000000      0x241 Src/syscalls.o
 .debug_macro   0x0000000000000000       0x1c Src/syscalls.o
 .debug_macro   0x0000000000000000       0x10 Src/syscalls.o
 .debug_macro   0x0000000000000000       0x10 Src/syscalls.o
 .debug_macro   0x0000000000000000       0x16 Src/syscalls.o
 .debug_macro   0x0000000000000000      0x145 Src/syscalls.o
 .debug_macro   0x0000000000000000      0x189 Src/syscalls.o
 .debug_macro   0x0000000000000000       0x16 Src/syscalls.o
 .debug_macro   0x0000000000000000       0x88 Src/syscalls.o
 .debug_line    0x0000000000000000      0x739 Src/syscalls.o
 .debug_str     0x0000000000000000     0x8873 Src/syscalls.o
 .comment       0x0000000000000000       0x7c Src/syscalls.o
 .debug_frame   0x0000000000000000      0x2ac Src/syscalls.o
 .ARM.attributes
                0x0000000000000000       0x33 Src/syscalls.o
 .group         0x0000000000000000        0xc Src/sysmem.o
 .group         0x0000000000000000        0xc Src/sysmem.o
 .group         0x0000000000000000        0xc Src/sysmem.o
 .group         0x0000000000000000        0xc Src/sysmem.o
 .group         0x0000000000000000        0xc Src/sysmem.o
 .group         0x0000000000000000        0xc Src/sysmem.o
 .group         0x0000000000000000        0xc Src/sysmem.o
 .group         0x0000000000000000        0xc Src/sysmem.o
 .group         0x0000000000000000        0xc Src/sysmem.o
 .group         0x0000000000000000        0xc Src/sysmem.o
 .group         0x0000000000000000        0xc Src/sysmem.o
 .group         0x0000000000000000        0xc Src/sysmem.o
 .group         0x0000000000000000        0xc Src/sysmem.o
 .group         0x0000000000000000        0xc Src/sysmem.o
 .group         0x0000000000000000        0xc Src/sysmem.o
 .group         0x0000000000000000        0xc Src/sysmem.o
 .group         0x0000000000000000        0xc Src/sysmem.o
 .group         0x0000000000000000        0xc Src/sysmem.o
 .group         0x0000000000000000        0xc Src/sysmem.o
 .text          0x0000000000000000        0x0 Src/sysmem.o
 .data          0x0000000000000000        0x0 Src/sysmem.o
 .bss           0x0000000000000000        0x0 Src/sysmem.o
 .bss.__sbrk_heap_end
                0x0000000000000000        0x4 Src/sysmem.o
 .text._sbrk    0x0000000000000000       0x6c Src/sysmem.o
 .debug_info    0x0000000000000000      0xa7c Src/sysmem.o
 .debug_abbrev  0x0000000000000000      0x18e Src/sysmem.o
 .debug_loc     0x0000000000000000       0x50 Src/sysmem.o
 .debug_aranges
                0x0000000000000000       0x20 Src/sysmem.o
 .debug_ranges  0x0000000000000000       0x10 Src/sysmem.o
 .debug_macro   0x0000000000000000       0xee Src/sysmem.o
 .debug_macro   0x0000000000000000      0xa60 Src/sysmem.o
 .debug_macro   0x0000000000000000       0x10 Src/sysmem.o
 .debug_macro   0x0000000000000000       0x22 Src/sysmem.o
 .debug_macro   0x0000000000000000       0x40 Src/sysmem.o
 .debug_macro   0x0000000000000000       0x18 Src/sysmem.o
 .debug_macro   0x0000000000000000       0x94 Src/sysmem.o
 .debug_macro   0x0000000000000000       0x3c Src/sysmem.o
 .debug_macro   0x0000000000000000       0x34 Src/sysmem.o
 .debug_macro   0x0000000000000000      0x174 Src/sysmem.o
 .debug_macro   0x0000000000000000       0x57 Src/sysmem.o
 .debug_macro   0x0000000000000000       0x52 Src/sysmem.o
 .debug_macro   0x0000000000000000       0x1f Src/sysmem.o
 .debug_macro   0x0000000000000000       0x43 Src/sysmem.o
 .debug_macro   0x0000000000000000       0x20 Src/sysmem.o
 .debug_macro   0x0000000000000000      0x1a3 Src/sysmem.o
 .debug_macro   0x0000000000000000      0x23b Src/sysmem.o
 .debug_macro   0x0000000000000000       0xef Src/sysmem.o
 .debug_macro   0x0000000000000000       0x6a Src/sysmem.o
 .debug_macro   0x0000000000000000      0x1df Src/sysmem.o
 .debug_line    0x0000000000000000      0x4c2 Src/sysmem.o
 .debug_str     0x0000000000000000     0x5f41 Src/sysmem.o
 .comment       0x0000000000000000       0x7c Src/sysmem.o
 .debug_frame   0x0000000000000000       0x34 Src/sysmem.o
 .ARM.attributes
                0x0000000000000000       0x33 Src/sysmem.o
 .text          0x0000000000000000       0x14 Startup/startup_stm32f103c6tx.o
 .data          0x0000000000000000        0x0 Startup/startup_stm32f103c6tx.o
 .bss           0x0000000000000000        0x0 Startup/startup_stm32f103c6tx.o
 .group         0x0000000000000000        0xc stm32f103c6_Drivers/EXTI.o
 .group         0x0000000000000000        0xc stm32f103c6_Drivers/EXTI.o
 .group         0x0000000000000000        0xc stm32f103c6_Drivers/EXTI.o
 .group         0x0000000000000000        0xc stm32f103c6_Drivers/EXTI.o
 .group         0x0000000000000000        0xc stm32f103c6_Drivers/EXTI.o
 .group         0x0000000000000000        0xc stm32f103c6_Drivers/EXTI.o
 .group         0x0000000000000000        0xc stm32f103c6_Drivers/EXTI.o
 .group         0x0000000000000000        0xc stm32f103c6_Drivers/EXTI.o
 .group         0x0000000000000000        0xc stm32f103c6_Drivers/EXTI.o
 .group         0x0000000000000000        0xc stm32f103c6_Drivers/EXTI.o
 .group         0x0000000000000000        0xc stm32f103c6_Drivers/EXTI.o
 .group         0x0000000000000000        0xc stm32f103c6_Drivers/EXTI.o
 .group         0x0000000000000000        0xc stm32f103c6_Drivers/EXTI.o
 .group         0x0000000000000000        0xc stm32f103c6_Drivers/EXTI.o
 .group         0x0000000000000000        0xc stm32f103c6_Drivers/EXTI.o
 .group         0x0000000000000000        0xc stm32f103c6_Drivers/EXTI.o
 .group         0x0000000000000000        0xc stm32f103c6_Drivers/EXTI.o
 .group         0x0000000000000000        0xc stm32f103c6_Drivers/EXTI.o
 .group         0x0000000000000000        0xc stm32f103c6_Drivers/EXTI.o
 .group         0x0000000000000000        0xc stm32f103c6_Drivers/EXTI.o
 .group         0x0000000000000000        0xc stm32f103c6_Drivers/EXTI.o
 .group         0x0000000000000000        0xc stm32f103c6_Drivers/EXTI.o
 .group         0x0000000000000000        0xc stm32f103c6_Drivers/EXTI.o
 .group         0x0000000000000000        0xc stm32f103c6_Drivers/EXTI.o
 .group         0x0000000000000000        0xc stm32f103c6_Drivers/EXTI.o
 .text          0x0000000000000000        0x0 stm32f103c6_Drivers/EXTI.o
 .data          0x0000000000000000        0x0 stm32f103c6_Drivers/EXTI.o
 .bss           0x0000000000000000        0x0 stm32f103c6_Drivers/EXTI.o
 .text.NVIC_Enable
                0x0000000000000000       0xcc stm32f103c6_Drivers/EXTI.o
 .text.NVIC_Disable
                0x0000000000000000       0xcc stm32f103c6_Drivers/EXTI.o
 .text.Update_EXTI
                0x0000000000000000      0x1d8 stm32f103c6_Drivers/EXTI.o
 .text.MCAL_EXTI_GPIO_Init
                0x0000000000000000       0x16 stm32f103c6_Drivers/EXTI.o
 .text.MCAL_EXTI_GPIO_Deinit
                0x0000000000000000       0x94 stm32f103c6_Drivers/EXTI.o
 .text.MCAL_EXTI_GPIO_Updare
                0x0000000000000000       0x16 stm32f103c6_Drivers/EXTI.o
 .debug_macro   0x0000000000000000      0xa60 stm32f103c6_Drivers/EXTI.o
 .debug_macro   0x0000000000000000       0x22 stm32f103c6_Drivers/EXTI.o
 .debug_macro   0x0000000000000000       0x8e stm32f103c6_Drivers/EXTI.o
 .debug_macro   0x0000000000000000       0x51 stm32f103c6_Drivers/EXTI.o
 .debug_macro   0x0000000000000000       0xef stm32f103c6_Drivers/EXTI.o
 .debug_macro   0x0000000000000000       0x6a stm32f103c6_Drivers/EXTI.o
 .debug_macro   0x0000000000000000      0x1df stm32f103c6_Drivers/EXTI.o
 .debug_macro   0x0000000000000000       0x18 stm32f103c6_Drivers/EXTI.o
 .debug_macro   0x0000000000000000       0x46 stm32f103c6_Drivers/EXTI.o
 .debug_macro   0x0000000000000000       0x3c stm32f103c6_Drivers/EXTI.o
 .debug_macro   0x0000000000000000       0x34 stm32f103c6_Drivers/EXTI.o
 .debug_macro   0x0000000000000000       0x16 stm32f103c6_Drivers/EXTI.o
 .debug_macro   0x0000000000000000      0x10e stm32f103c6_Drivers/EXTI.o
 .debug_macro   0x0000000000000000       0x8d stm32f103c6_Drivers/EXTI.o
 .debug_macro   0x0000000000000000       0x52 stm32f103c6_Drivers/EXTI.o
 .debug_macro   0x0000000000000000       0x1f stm32f103c6_Drivers/EXTI.o
 .debug_macro   0x0000000000000000       0x43 stm32f103c6_Drivers/EXTI.o
 .debug_macro   0x0000000000000000       0x20 stm32f103c6_Drivers/EXTI.o
 .debug_macro   0x0000000000000000      0x1a3 stm32f103c6_Drivers/EXTI.o
 .debug_macro   0x0000000000000000      0x330 stm32f103c6_Drivers/EXTI.o
 .debug_macro   0x0000000000000000       0x16 stm32f103c6_Drivers/EXTI.o
 .debug_macro   0x0000000000000000       0x29 stm32f103c6_Drivers/EXTI.o
 .debug_macro   0x0000000000000000      0x21b stm32f103c6_Drivers/EXTI.o
 .group         0x0000000000000000        0xc stm32f103c6_Drivers/GPIO.o
 .group         0x0000000000000000        0xc stm32f103c6_Drivers/GPIO.o
 .group         0x0000000000000000        0xc stm32f103c6_Drivers/GPIO.o
 .group         0x0000000000000000        0xc stm32f103c6_Drivers/GPIO.o
 .group         0x0000000000000000        0xc stm32f103c6_Drivers/GPIO.o
 .group         0x0000000000000000        0xc stm32f103c6_Drivers/GPIO.o
 .group         0x0000000000000000        0xc stm32f103c6_Drivers/GPIO.o
 .group         0x0000000000000000        0xc stm32f103c6_Drivers/GPIO.o
 .group         0x0000000000000000        0xc stm32f103c6_Drivers/GPIO.o
 .group         0x0000000000000000        0xc stm32f103c6_Drivers/GPIO.o
 .group         0x0000000000000000        0xc stm32f103c6_Drivers/GPIO.o
 .group         0x0000000000000000        0xc stm32f103c6_Drivers/GPIO.o
 .group         0x0000000000000000        0xc stm32f103c6_Drivers/GPIO.o
 .group         0x0000000000000000        0xc stm32f103c6_Drivers/GPIO.o
 .group         0x0000000000000000        0xc stm32f103c6_Drivers/GPIO.o
 .group         0x0000000000000000        0xc stm32f103c6_Drivers/GPIO.o
 .group         0x0000000000000000        0xc stm32f103c6_Drivers/GPIO.o
 .group         0x0000000000000000        0xc stm32f103c6_Drivers/GPIO.o
 .group         0x0000000000000000        0xc stm32f103c6_Drivers/GPIO.o
 .group         0x0000000000000000        0xc stm32f103c6_Drivers/GPIO.o
 .group         0x0000000000000000        0xc stm32f103c6_Drivers/GPIO.o
 .group         0x0000000000000000        0xc stm32f103c6_Drivers/GPIO.o
 .group         0x0000000000000000        0xc stm32f103c6_Drivers/GPIO.o
 .group         0x0000000000000000        0xc stm32f103c6_Drivers/GPIO.o
 .text          0x0000000000000000        0x0 stm32f103c6_Drivers/GPIO.o
 .data          0x0000000000000000        0x0 stm32f103c6_Drivers/GPIO.o
 .bss           0x0000000000000000        0x0 stm32f103c6_Drivers/GPIO.o
 .text.MCAL_GPIO_DeINIT
                0x0000000000000000       0xd4 stm32f103c6_Drivers/GPIO.o
 .text.MCAL_GPIO_READ_PORT
                0x0000000000000000       0x1a stm32f103c6_Drivers/GPIO.o
 .text.MCAL_GPIO_TOGGLE_PIN
                0x0000000000000000       0x22 stm32f103c6_Drivers/GPIO.o
 .text.MCAL_GPIO_LOCKPIN
                0x0000000000000000       0x4e stm32f103c6_Drivers/GPIO.o
 .debug_macro   0x0000000000000000      0xa60 stm32f103c6_Drivers/GPIO.o
 .debug_macro   0x0000000000000000       0x22 stm32f103c6_Drivers/GPIO.o
 .debug_macro   0x0000000000000000       0x8e stm32f103c6_Drivers/GPIO.o
 .debug_macro   0x0000000000000000       0x51 stm32f103c6_Drivers/GPIO.o
 .debug_macro   0x0000000000000000       0xef stm32f103c6_Drivers/GPIO.o
 .debug_macro   0x0000000000000000       0x6a stm32f103c6_Drivers/GPIO.o
 .debug_macro   0x0000000000000000      0x1df stm32f103c6_Drivers/GPIO.o
 .debug_macro   0x0000000000000000       0x18 stm32f103c6_Drivers/GPIO.o
 .debug_macro   0x0000000000000000       0x46 stm32f103c6_Drivers/GPIO.o
 .debug_macro   0x0000000000000000       0x3c stm32f103c6_Drivers/GPIO.o
 .debug_macro   0x0000000000000000       0x34 stm32f103c6_Drivers/GPIO.o
 .debug_macro   0x0000000000000000       0x16 stm32f103c6_Drivers/GPIO.o
 .debug_macro   0x0000000000000000      0x10e stm32f103c6_Drivers/GPIO.o
 .debug_macro   0x0000000000000000       0x8d stm32f103c6_Drivers/GPIO.o
 .debug_macro   0x0000000000000000       0x52 stm32f103c6_Drivers/GPIO.o
 .debug_macro   0x0000000000000000       0x1f stm32f103c6_Drivers/GPIO.o
 .debug_macro   0x0000000000000000       0x43 stm32f103c6_Drivers/GPIO.o
 .debug_macro   0x0000000000000000       0x20 stm32f103c6_Drivers/GPIO.o
 .debug_macro   0x0000000000000000      0x1a3 stm32f103c6_Drivers/GPIO.o
 .debug_macro   0x0000000000000000      0x330 stm32f103c6_Drivers/GPIO.o
 .debug_macro   0x0000000000000000       0x16 stm32f103c6_Drivers/GPIO.o
 .debug_macro   0x0000000000000000       0x29 stm32f103c6_Drivers/GPIO.o
 .debug_macro   0x0000000000000000      0x21b stm32f103c6_Drivers/GPIO.o
 .debug_macro   0x0000000000000000       0xca stm32f103c6_Drivers/GPIO.o
 .text          0x0000000000000000        0x0 c:/st/stm32cubeide_1.4.0/stm32cubeide/plugins/com.st.stm32cube.ide.mcu.externaltools.gnu-tools-for-stm32.7-2018-q2-update.win32_1.4.0.202007081208/tools/bin/../lib/gcc/arm-none-eabi/7.3.1/../../../../arm-none-eabi/lib/thumb/v7-m\libc_nano.a(lib_a-errno.o)
 .data          0x0000000000000000        0x0 c:/st/stm32cubeide_1.4.0/stm32cubeide/plugins/com.st.stm32cube.ide.mcu.externaltools.gnu-tools-for-stm32.7-2018-q2-update.win32_1.4.0.202007081208/tools/bin/../lib/gcc/arm-none-eabi/7.3.1/../../../../arm-none-eabi/lib/thumb/v7-m\libc_nano.a(lib_a-errno.o)
 .bss           0x0000000000000000        0x0 c:/st/stm32cubeide_1.4.0/stm32cubeide/plugins/com.st.stm32cube.ide.mcu.externaltools.gnu-tools-for-stm32.7-2018-q2-update.win32_1.4.0.202007081208/tools/bin/../lib/gcc/arm-none-eabi/7.3.1/../../../../arm-none-eabi/lib/thumb/v7-m\libc_nano.a(lib_a-errno.o)
 .text.__errno  0x0000000000000000        0xc c:/st/stm32cubeide_1.4.0/stm32cubeide/plugins/com.st.stm32cube.ide.mcu.externaltools.gnu-tools-for-stm32.7-2018-q2-update.win32_1.4.0.202007081208/tools/bin/../lib/gcc/arm-none-eabi/7.3.1/../../../../arm-none-eabi/lib/thumb/v7-m\libc_nano.a(lib_a-errno.o)
 .debug_frame   0x0000000000000000       0x20 c:/st/stm32cubeide_1.4.0/stm32cubeide/plugins/com.st.stm32cube.ide.mcu.externaltools.gnu-tools-for-stm32.7-2018-q2-update.win32_1.4.0.202007081208/tools/bin/../lib/gcc/arm-none-eabi/7.3.1/../../../../arm-none-eabi/lib/thumb/v7-m\libc_nano.a(lib_a-errno.o)
 .ARM.attributes
                0x0000000000000000       0x2d c:/st/stm32cubeide_1.4.0/stm32cubeide/plugins/com.st.stm32cube.ide.mcu.externaltools.gnu-tools-for-stm32.7-2018-q2-update.win32_1.4.0.202007081208/tools/bin/../lib/gcc/arm-none-eabi/7.3.1/../../../../arm-none-eabi/lib/thumb/v7-m\libc_nano.a(lib_a-errno.o)
 .text          0x0000000000000000        0x0 c:/st/stm32cubeide_1.4.0/stm32cubeide/plugins/com.st.stm32cube.ide.mcu.externaltools.gnu-tools-for-stm32.7-2018-q2-update.win32_1.4.0.202007081208/tools/bin/../lib/gcc/arm-none-eabi/7.3.1/../../../../arm-none-eabi/lib/thumb/v7-m\libc_nano.a(lib_a-exit.o)
 .data          0x0000000000000000        0x0 c:/st/stm32cubeide_1.4.0/stm32cubeide/plugins/com.st.stm32cube.ide.mcu.externaltools.gnu-tools-for-stm32.7-2018-q2-update.win32_1.4.0.202007081208/tools/bin/../lib/gcc/arm-none-eabi/7.3.1/../../../../arm-none-eabi/lib/thumb/v7-m\libc_nano.a(lib_a-exit.o)
 .bss           0x0000000000000000        0x0 c:/st/stm32cubeide_1.4.0/stm32cubeide/plugins/com.st.stm32cube.ide.mcu.externaltools.gnu-tools-for-stm32.7-2018-q2-update.win32_1.4.0.202007081208/tools/bin/../lib/gcc/arm-none-eabi/7.3.1/../../../../arm-none-eabi/lib/thumb/v7-m\libc_nano.a(lib_a-exit.o)
 .text.exit     0x0000000000000000       0x28 c:/st/stm32cubeide_1.4.0/stm32cubeide/plugins/com.st.stm32cube.ide.mcu.externaltools.gnu-tools-for-stm32.7-2018-q2-update.win32_1.4.0.202007081208/tools/bin/../lib/gcc/arm-none-eabi/7.3.1/../../../../arm-none-eabi/lib/thumb/v7-m\libc_nano.a(lib_a-exit.o)
 .debug_frame   0x0000000000000000       0x28 c:/st/stm32cubeide_1.4.0/stm32cubeide/plugins/com.st.stm32cube.ide.mcu.externaltools.gnu-tools-for-stm32.7-2018-q2-update.win32_1.4.0.202007081208/tools/bin/../lib/gcc/arm-none-eabi/7.3.1/../../../../arm-none-eabi/lib/thumb/v7-m\libc_nano.a(lib_a-exit.o)
 .ARM.attributes
                0x0000000000000000       0x2d c:/st/stm32cubeide_1.4.0/stm32cubeide/plugins/com.st.stm32cube.ide.mcu.externaltools.gnu-tools-for-stm32.7-2018-q2-update.win32_1.4.0.202007081208/tools/bin/../lib/gcc/arm-none-eabi/7.3.1/../../../../arm-none-eabi/lib/thumb/v7-m\libc_nano.a(lib_a-exit.o)
 .text          0x0000000000000000        0x0 c:/st/stm32cubeide_1.4.0/stm32cubeide/plugins/com.st.stm32cube.ide.mcu.externaltools.gnu-tools-for-stm32.7-2018-q2-update.win32_1.4.0.202007081208/tools/bin/../lib/gcc/arm-none-eabi/7.3.1/../../../../arm-none-eabi/lib/thumb/v7-m\libc_nano.a(lib_a-impure.o)
 .data          0x0000000000000000        0x0 c:/st/stm32cubeide_1.4.0/stm32cubeide/plugins/com.st.stm32cube.ide.mcu.externaltools.gnu-tools-for-stm32.7-2018-q2-update.win32_1.4.0.202007081208/tools/bin/../lib/gcc/arm-none-eabi/7.3.1/../../../../arm-none-eabi/lib/thumb/v7-m\libc_nano.a(lib_a-impure.o)
 .bss           0x0000000000000000        0x0 c:/st/stm32cubeide_1.4.0/stm32cubeide/plugins/com.st.stm32cube.ide.mcu.externaltools.gnu-tools-for-stm32.7-2018-q2-update.win32_1.4.0.202007081208/tools/bin/../lib/gcc/arm-none-eabi/7.3.1/../../../../arm-none-eabi/lib/thumb/v7-m\libc_nano.a(lib_a-impure.o)
 .data._impure_ptr
                0x0000000000000000        0x4 c:/st/stm32cubeide_1.4.0/stm32cubeide/plugins/com.st.stm32cube.ide.mcu.externaltools.gnu-tools-for-stm32.7-2018-q2-update.win32_1.4.0.202007081208/tools/bin/../lib/gcc/arm-none-eabi/7.3.1/../../../../arm-none-eabi/lib/thumb/v7-m\libc_nano.a(lib_a-impure.o)
 .data.impure_data
                0x0000000000000000       0x60 c:/st/stm32cubeide_1.4.0/stm32cubeide/plugins/com.st.stm32cube.ide.mcu.externaltools.gnu-tools-for-stm32.7-2018-q2-update.win32_1.4.0.202007081208/tools/bin/../lib/gcc/arm-none-eabi/7.3.1/../../../../arm-none-eabi/lib/thumb/v7-m\libc_nano.a(lib_a-impure.o)
 .rodata._global_impure_ptr
                0x0000000000000000        0x4 c:/st/stm32cubeide_1.4.0/stm32cubeide/plugins/com.st.stm32cube.ide.mcu.externaltools.gnu-tools-for-stm32.7-2018-q2-update.win32_1.4.0.202007081208/tools/bin/../lib/gcc/arm-none-eabi/7.3.1/../../../../arm-none-eabi/lib/thumb/v7-m\libc_nano.a(lib_a-impure.o)
 .ARM.attributes
                0x0000000000000000       0x2d c:/st/stm32cubeide_1.4.0/stm32cubeide/plugins/com.st.stm32cube.ide.mcu.externaltools.gnu-tools-for-stm32.7-2018-q2-update.win32_1.4.0.202007081208/tools/bin/../lib/gcc/arm-none-eabi/7.3.1/../../../../arm-none-eabi/lib/thumb/v7-m\libc_nano.a(lib_a-impure.o)
 .text          0x0000000000000000        0x0 c:/st/stm32cubeide_1.4.0/stm32cubeide/plugins/com.st.stm32cube.ide.mcu.externaltools.gnu-tools-for-stm32.7-2018-q2-update.win32_1.4.0.202007081208/tools/bin/../lib/gcc/arm-none-eabi/7.3.1/../../../../arm-none-eabi/lib/thumb/v7-m\libc_nano.a(lib_a-init.o)
 .data          0x0000000000000000        0x0 c:/st/stm32cubeide_1.4.0/stm32cubeide/plugins/com.st.stm32cube.ide.mcu.externaltools.gnu-tools-for-stm32.7-2018-q2-update.win32_1.4.0.202007081208/tools/bin/../lib/gcc/arm-none-eabi/7.3.1/../../../../arm-none-eabi/lib/thumb/v7-m\libc_nano.a(lib_a-init.o)
 .bss           0x0000000000000000        0x0 c:/st/stm32cubeide_1.4.0/stm32cubeide/plugins/com.st.stm32cube.ide.mcu.externaltools.gnu-tools-for-stm32.7-2018-q2-update.win32_1.4.0.202007081208/tools/bin/../lib/gcc/arm-none-eabi/7.3.1/../../../../arm-none-eabi/lib/thumb/v7-m\libc_nano.a(lib_a-init.o)
 .text          0x0000000000000000        0x0 c:/st/stm32cubeide_1.4.0/stm32cubeide/plugins/com.st.stm32cube.ide.mcu.externaltools.gnu-tools-for-stm32.7-2018-q2-update.win32_1.4.0.202007081208/tools/bin/../lib/gcc/arm-none-eabi/7.3.1/../../../../arm-none-eabi/lib/thumb/v7-m\libc_nano.a(lib_a-memset.o)
 .data          0x0000000000000000        0x0 c:/st/stm32cubeide_1.4.0/stm32cubeide/plugins/com.st.stm32cube.ide.mcu.externaltools.gnu-tools-for-stm32.7-2018-q2-update.win32_1.4.0.202007081208/tools/bin/../lib/gcc/arm-none-eabi/7.3.1/../../../../arm-none-eabi/lib/thumb/v7-m\libc_nano.a(lib_a-memset.o)
 .bss           0x0000000000000000        0x0 c:/st/stm32cubeide_1.4.0/stm32cubeide/plugins/com.st.stm32cube.ide.mcu.externaltools.gnu-tools-for-stm32.7-2018-q2-update.win32_1.4.0.202007081208/tools/bin/../lib/gcc/arm-none-eabi/7.3.1/../../../../arm-none-eabi/lib/thumb/v7-m\libc_nano.a(lib_a-memset.o)
 .text.memset   0x0000000000000000       0x10 c:/st/stm32cubeide_1.4.0/stm32cubeide/plugins/com.st.stm32cube.ide.mcu.externaltools.gnu-tools-for-stm32.7-2018-q2-update.win32_1.4.0.202007081208/tools/bin/../lib/gcc/arm-none-eabi/7.3.1/../../../../arm-none-eabi/lib/thumb/v7-m\libc_nano.a(lib_a-memset.o)
 .debug_frame   0x0000000000000000       0x20 c:/st/stm32cubeide_1.4.0/stm32cubeide/plugins/com.st.stm32cube.ide.mcu.externaltools.gnu-tools-for-stm32.7-2018-q2-update.win32_1.4.0.202007081208/tools/bin/../lib/gcc/arm-none-eabi/7.3.1/../../../../arm-none-eabi/lib/thumb/v7-m\libc_nano.a(lib_a-memset.o)
 .ARM.attributes
                0x0000000000000000       0x2d c:/st/stm32cubeide_1.4.0/stm32cubeide/plugins/com.st.stm32cube.ide.mcu.externaltools.gnu-tools-for-stm32.7-2018-q2-update.win32_1.4.0.202007081208/tools/bin/../lib/gcc/arm-none-eabi/7.3.1/../../../../arm-none-eabi/lib/thumb/v7-m\libc_nano.a(lib_a-memset.o)
 .text          0x0000000000000000        0x0 c:/st/stm32cubeide_1.4.0/stm32cubeide/plugins/com.st.stm32cube.ide.mcu.externaltools.gnu-tools-for-stm32.7-2018-q2-update.win32_1.4.0.202007081208/tools/bin/../lib/gcc/arm-none-eabi/7.3.1/thumb/v7-m/crtend.o
 .data          0x0000000000000000        0x0 c:/st/stm32cubeide_1.4.0/stm32cubeide/plugins/com.st.stm32cube.ide.mcu.externaltools.gnu-tools-for-stm32.7-2018-q2-update.win32_1.4.0.202007081208/tools/bin/../lib/gcc/arm-none-eabi/7.3.1/thumb/v7-m/crtend.o
 .bss           0x0000000000000000        0x0 c:/st/stm32cubeide_1.4.0/stm32cubeide/plugins/com.st.stm32cube.ide.mcu.externaltools.gnu-tools-for-stm32.7-2018-q2-update.win32_1.4.0.202007081208/tools/bin/../lib/gcc/arm-none-eabi/7.3.1/thumb/v7-m/crtend.o
 .eh_frame      0x0000000000000000        0x4 c:/st/stm32cubeide_1.4.0/stm32cubeide/plugins/com.st.stm32cube.ide.mcu.externaltools.gnu-tools-for-stm32.7-2018-q2-update.win32_1.4.0.202007081208/tools/bin/../lib/gcc/arm-none-eabi/7.3.1/thumb/v7-m/crtend.o
 .ARM.attributes
                0x0000000000000000       0x2d c:/st/stm32cubeide_1.4.0/stm32cubeide/plugins/com.st.stm32cube.ide.mcu.externaltools.gnu-tools-for-stm32.7-2018-q2-update.win32_1.4.0.202007081208/tools/bin/../lib/gcc/arm-none-eabi/7.3.1/thumb/v7-m/crtend.o
 .text          0x0000000000000000        0x0 c:/st/stm32cubeide_1.4.0/stm32cubeide/plugins/com.st.stm32cube.ide.mcu.externaltools.gnu-tools-for-stm32.7-2018-q2-update.win32_1.4.0.202007081208/tools/bin/../lib/gcc/arm-none-eabi/7.3.1/thumb/v7-m/crtn.o
 .data          0x0000000000000000        0x0 c:/st/stm32cubeide_1.4.0/stm32cubeide/plugins/com.st.stm32cube.ide.mcu.externaltools.gnu-tools-for-stm32.7-2018-q2-update.win32_1.4.0.202007081208/tools/bin/../lib/gcc/arm-none-eabi/7.3.1/thumb/v7-m/crtn.o
 .bss           0x0000000000000000        0x0 c:/st/stm32cubeide_1.4.0/stm32cubeide/plugins/com.st.stm32cube.ide.mcu.externaltools.gnu-tools-for-stm32.7-2018-q2-update.win32_1.4.0.202007081208/tools/bin/../lib/gcc/arm-none-eabi/7.3.1/thumb/v7-m/crtn.o

Memory Configuration

Name             Origin             Length             Attributes
RAM              0x0000000020000000 0x0000000000002800 xrw
ROM              0x0000000008000000 0x0000000000008000 xr
*default*        0x0000000000000000 0xffffffffffffffff

Linker script and memory map

LOAD c:/st/stm32cubeide_1.4.0/stm32cubeide/plugins/com.st.stm32cube.ide.mcu.externaltools.gnu-tools-for-stm32.7-2018-q2-update.win32_1.4.0.202007081208/tools/bin/../lib/gcc/arm-none-eabi/7.3.1/thumb/v7-m/crti.o
LOAD c:/st/stm32cubeide_1.4.0/stm32cubeide/plugins/com.st.stm32cube.ide.mcu.externaltools.gnu-tools-for-stm32.7-2018-q2-update.win32_1.4.0.202007081208/tools/bin/../lib/gcc/arm-none-eabi/7.3.1/thumb/v7-m/crtbegin.o
LOAD c:/st/stm32cubeide_1.4.0/stm32cubeide/plugins/com.st.stm32cube.ide.mcu.externaltools.gnu-tools-for-stm32.7-2018-q2-update.win32_1.4.0.202007081208/tools/bin/../lib/gcc/arm-none-eabi/7.3.1/../../../../arm-none-eabi/lib/thumb/v7-m/crt0.o
LOAD HAL/Keypad.o
LOAD HAL/LCD.o
LOAD Src/main.o
LOAD Src/syscalls.o
LOAD Src/sysmem.o
LOAD Startup/startup_stm32f103c6tx.o
LOAD stm32f103c6_Drivers/EXTI.o
LOAD stm32f103c6_Drivers/GPIO.o
START GROUP
LOAD c:/st/stm32cubeide_1.4.0/stm32cubeide/plugins/com.st.stm32cube.ide.mcu.externaltools.gnu-tools-for-stm32.7-2018-q2-update.win32_1.4.0.202007081208/tools/bin/../lib/gcc/arm-none-eabi/7.3.1/../../../../arm-none-eabi/lib/thumb/v7-m\libc_nano.a
LOAD c:/st/stm32cubeide_1.4.0/stm32cubeide/plugins/com.st.stm32cube.ide.mcu.externaltools.gnu-tools-for-stm32.7-2018-q2-update.win32_1.4.0.202007081208/tools/bin/../lib/gcc/arm-none-eabi/7.3.1/../../../../arm-none-eabi/lib/thumb/v7-m\libm.a
END GROUP
START GROUP
LOAD c:/st/stm32cubeide_1.4.0/stm32cubeide/plugins/com.st.stm32cube.ide.mcu.externaltools.gnu-tools-for-stm32.7-2018-q2-update.win32_1.4.0.202007081208/tools/bin/../lib/gcc/arm-none-eabi/7.3.1/thumb/v7-m\libgcc.a
LOAD c:/st/stm32cubeide_1.4.0/stm32cubeide/plugins/com.st.stm32cube.ide.mcu.externaltools.gnu-tools-for-stm32.7-2018-q2-update.win32_1.4.0.202007081208/tools/bin/../lib/gcc/arm-none-eabi/7.3.1/../../../../arm-none-eabi/lib/thumb/v7-m\libg_nano.a
LOAD c:/st/stm32cubeide_1.4.0/stm32cubeide/plugins/com.st.stm32cube.ide.mcu.externaltools.gnu-tools-for-stm32.7-2018-q2-update.win32_1.4.0.202007081208/tools/bin/../lib/gcc/arm-none-eabi/7.3.1/../../../../arm-none-eabi/lib/thumb/v7-m\libc_nano.a
END GROUP
START GROUP
LOAD c:/st/stm32cubeide_1.4.0/stm32cubeide/plugins/com.st.stm32cube.ide.mcu.externaltools.gnu-tools-for-stm32.7-2018-q2-update.win32_1.4.0.202007081208/tools/bin/../lib/gcc/arm-none-eabi/7.3.1/thumb/v7-m\libgcc.a
LOAD c:/st/stm32cubeide_1.4.0/stm32cubeide/plugins/com.st.stm32cube.ide.mcu.externaltools.gnu-tools-for-stm32.7-2018-q2-update.win32_1.4.0.202007081208/tools/bin/../lib/gcc/arm-none-eabi/7.3.1/../../../../arm-none-eabi/lib/thumb/v7-m\libc_nano.a
LOAD c:/st/stm32cubeide_1.4.0/stm32cubeide/plugins/com.st.stm32cube.ide.mcu.externaltools.gnu-tools-for-stm32.7-2018-q2-update.win32_1.4.0.202007081208/tools/bin/../lib/gcc/arm-none-eabi/7.3.1/../../../../arm-none-eabi/lib/thumb/v7-m\libnosys.a
END GROUP
START GROUP
LOAD c:/st/stm32cubeide_1.4.0/stm32cubeide/plugins/com.st.stm32cube.ide.mcu.externaltools.gnu-tools-for-stm32.7-2018-q2-update.win32_1.4.0.202007081208/tools/bin/../lib/gcc/arm-none-eabi/7.3.1/thumb/v7-m\libgcc.a
LOAD c:/st/stm32cubeide_1.4.0/stm32cubeide/plugins/com.st.stm32cube.ide.mcu.externaltools.gnu-tools-for-stm32.7-2018-q2-update.win32_1.4.0.202007081208/tools/bin/../lib/gcc/arm-none-eabi/7.3.1/../../../../arm-none-eabi/lib/thumb/v7-m\libc_nano.a
LOAD c:/st/stm32cubeide_1.4.0/stm32cubeide/plugins/com.st.stm32cube.ide.mcu.externaltools.gnu-tools-for-stm32.7-2018-q2-update.win32_1.4.0.202007081208/tools/bin/../lib/gcc/arm-none-eabi/7.3.1/../../../../arm-none-eabi/lib/thumb/v7-m\libnosys.a
END GROUP
LOAD c:/st/stm32cubeide_1.4.0/stm32cubeide/plugins/com.st.stm32cube.ide.mcu.externaltools.gnu-tools-for-stm32.7-2018-q2-update.win32_1.4.0.202007081208/tools/bin/../lib/gcc/arm-none-eabi/7.3.1/thumb/v7-m/crtend.o
LOAD c:/st/stm32cubeide_1.4.0/stm32cubeide/plugins/com.st.stm32cube.ide.mcu.externaltools.gnu-tools-for-stm32.7-2018-q2-update.win32_1.4.0.202007081208/tools/bin/../lib/gcc/arm-none-eabi/7.3.1/thumb/v7-m/crtn.o
                0x0000000020002800                _estack = (ORIGIN (RAM) + LENGTH (RAM))
                0x0000000000000200                _Min_Heap_Size = 0x200
                0x0000000000000400                _Min_Stack_Size = 0x400

.isr_vector     0x0000000008000000      0x130
                0x0000000008000000                . = ALIGN (0x4)
 *(.isr_vector)
 .isr_vector    0x0000000008000000      0x130 Startup/startup_stm32f103c6tx.o
                0x0000000008000000                g_pfnVectors
                0x0000000008000130                . = ALIGN (0x4)

.text           0x0000000008000130      0xd10
                0x0000000008000130                . = ALIGN (0x4)
 *(.text)
 .text          0x0000000008000130       0x40 c:/st/stm32cubeide_1.4.0/stm32cubeide/plugins/com.st.stm32cube.ide.mcu.externaltools.gnu-tools-for-stm32.7-2018-q2-update.win32_1.4.0.202007081208/tools/bin/../lib/gcc/arm-none-eabi/7.3.1/thumb/v7-m/crtbegin.o
 *(.text*)
 .text.KeYPad_Init
                0x0000000008000170       0x80 HAL/Keypad.o
                0x0000000008000170                KeYPad_Init
 .text.KeyPAd_Scan
                0x00000000080001f0      0x1d8 HAL/Keypad.o
                0x00000000080001f0                KeyPAd_Scan
 .text.LCD_Clear_Screen
                0x00000000080003c8        0xe HAL/LCD.o
                0x00000000080003c8                LCD_Clear_Screen
 *fill*         0x00000000080003d6        0x2 
 .text.LCD_Enable
                0x00000000080003d8       0x2c HAL/LCD.o
                0x00000000080003d8                LCD_Enable
 .text._delay_ms
                0x0000000008000404       0x38 HAL/LCD.o
                0x0000000008000404                _delay_ms
 .text.LCD_Init
                0x000000000800043c      0x18c HAL/LCD.o
                0x000000000800043c                LCD_Init
 .text.LCD_Wirte_Cmd
                0x00000000080005c8       0x48 HAL/LCD.o
                0x00000000080005c8                LCD_Wirte_Cmd
 .text.Lcd_Write_Char
                0x0000000008000610       0x44 HAL/LCD.o
                0x0000000008000610                Lcd_Write_Char
 .text.LCD_Write_String
                0x0000000008000654       0xbe HAL/LCD.o
                0x0000000008000654                LCD_Write_String
 .text.LCD_GO_TO_INDEX
                0x0000000008000712       0x40 HAL/LCD.o
                0x0000000008000712                LCD_GO_TO_INDEX
 *fill*         0x0000000008000752        0x2 
 .text.Clock_Init
                0x0000000008000754       0x28 Src/main.o
                0x0000000008000754                Clock_Init
 .text.Main_GPIO_init
                0x000000000800077c       0xbc Src/main.o
                0x000000000800077c                Main_GPIO_init
 .text.main     0x0000000008000838       0xc8 Src/main.o
                0x0000000008000838                main
 .text.Reset_Handler
                0x0000000008000900       0x50 Startup/startup_stm32f103c6tx.o
                0x0000000008000900                Reset_Handler
 .text.Default_Handler
                0x0000000008000950        0x2 Startup/startup_stm32f103c6tx.o
                0x0000000008000950                TIM8_TRG_COM_IRQHandler
                0x0000000008000950                TIM8_CC_IRQHandler
                0x0000000008000950                DebugMon_Handler
                0x0000000008000950                TIM1_CC_IRQHandler
                0x0000000008000950                HardFault_Handler
                0x0000000008000950                TIM6_IRQHandler
                0x0000000008000950                SysTick_Handler
                0x0000000008000950                PVD_IRQHandler
                0x0000000008000950                SDIO_IRQHandler
                0x0000000008000950                PendSV_Handler
                0x0000000008000950                NMI_Handler
                0x0000000008000950                USB_HP_CAN_TX_IRQHandler
                0x0000000008000950                I2C2_EV_IRQHandler
                0x0000000008000950                UsageFault_Handler
                0x0000000008000950                ADC1_2_IRQHandler
                0x0000000008000950                SPI1_IRQHandler
                0x0000000008000950                CAN_SCE_IRQHandler
                0x0000000008000950                TAMPER_IRQHandler
                0x0000000008000950                TIM8_UP_IRQHandler
                0x0000000008000950                DMA2_Channel2_IRQHandler
                0x0000000008000950                DMA1_Channel4_IRQHandler
                0x0000000008000950                USART3_IRQHandler
                0x0000000008000950                RTC_IRQHandler
                0x0000000008000950                DMA1_Channel7_IRQHandler
                0x0000000008000950                UART5_IRQHandler
                0x0000000008000950                ADC3_IRQHandler
                0x0000000008000950                TIM4_IRQHandler
                0x0000000008000950                CAN_RX1_IRQHandler
                0x0000000008000950                DMA2_Channel1_IRQHandler
                0x0000000008000950                I2C1_EV_IRQHandler
                0x0000000008000950                DMA1_Channel6_IRQHandler
                0x0000000008000950                UART4_IRQHandler
                0x0000000008000950                TIM3_IRQHandler
                0x0000000008000950                RCC_IRQHandler
                0x0000000008000950                TIM1_TRG_COM_IRQHandler
                0x0000000008000950                DMA1_Channel1_IRQHandler
                0x0000000008000950                Default_Handler
                0x0000000008000950                TIM7_IRQHandler
                0x0000000008000950                TIM5_IRQHandler
                0x0000000008000950                SPI2_IRQHandler
                0x0000000008000950                USB_LP_CAN_RX0_IRQHandler
                0x0000000008000950                MemManage_Handler
                0x0000000008000950                SVC_Handler
                0x0000000008000950                DMA1_Channel5_IRQHandler
                0x0000000008000950                DMA1_Channel3_IRQHandler
                0x0000000008000950                FSMC_IRQHandler
                0x0000000008000950                TIM1_UP_IRQHandler
                0x0000000008000950                WWDG_IRQHandler
                0x0000000008000950                TIM2_IRQHandler
                0x0000000008000950                TIM1_BRK_IRQHandler
                0x0000000008000950                RTCAlarm_IRQHandler
                0x0000000008000950                DMA2_Channel4_5_IRQHandler
                0x0000000008000950                USART2_IRQHandler
                0x0000000008000950                I2C2_ER_IRQHandler
                0x0000000008000950                DMA1_Channel2_IRQHandler
                0x0000000008000950                TIM8_BRK_IRQHandler
                0x0000000008000950                FLASH_IRQHandler
                0x0000000008000950                BusFault_Handler
                0x0000000008000950                USART1_IRQHandler
                0x0000000008000950                SPI3_IRQHandler
                0x0000000008000950                I2C1_ER_IRQHandler
                0x0000000008000950                DMA2_Channel3_IRQHandler
 *fill*         0x0000000008000952        0x2 
 .text.EXTI0_IRQHandler
                0x0000000008000954       0x24 stm32f103c6_Drivers/EXTI.o
                0x0000000008000954                EXTI0_IRQHandler
 .text.EXTI1_IRQHandler
                0x0000000008000978       0x24 stm32f103c6_Drivers/EXTI.o
                0x0000000008000978                EXTI1_IRQHandler
 .text.EXTI2_IRQHandler
                0x000000000800099c       0x24 stm32f103c6_Drivers/EXTI.o
                0x000000000800099c                EXTI2_IRQHandler
 .text.EXTI3_IRQHandler
                0x00000000080009c0       0x24 stm32f103c6_Drivers/EXTI.o
                0x00000000080009c0                EXTI3_IRQHandler
 .text.EXTI4_IRQHandler
                0x00000000080009e4       0x24 stm32f103c6_Drivers/EXTI.o
                0x00000000080009e4                EXTI4_IRQHandler
 .text.EXTI9_5_IRQHandler
                0x0000000008000a08       0xa8 stm32f103c6_Drivers/EXTI.o
                0x0000000008000a08                EXTI9_5_IRQHandler
 .text.EXTI15_10_IRQHandler
                0x0000000008000ab0       0xc4 stm32f103c6_Drivers/EXTI.o
                0x0000000008000ab0                EXTI15_10_IRQHandler
 .text.Get_CRLH_Position
                0x0000000008000b74       0xec stm32f103c6_Drivers/GPIO.o
 .text.MCAL_GPIO_INIT
                0x0000000008000c60      0x108 stm32f103c6_Drivers/GPIO.o
                0x0000000008000c60                MCAL_GPIO_INIT
 .text.MCAL_GPIO_READ_PIN
                0x0000000008000d68       0x2e stm32f103c6_Drivers/GPIO.o
                0x0000000008000d68                MCAL_GPIO_READ_PIN
 .text.MCAL_GPIO_Write_PIN
                0x0000000008000d96       0x2e stm32f103c6_Drivers/GPIO.o
                0x0000000008000d96                MCAL_GPIO_Write_PIN
 .text.MCAL_GPIO_Write_PORT
                0x0000000008000dc4       0x1c stm32f103c6_Drivers/GPIO.o
                0x0000000008000dc4                MCAL_GPIO_Write_PORT
 .text.__libc_init_array
                0x0000000008000de0       0x48 c:/st/stm32cubeide_1.4.0/stm32cubeide/plugins/com.st.stm32cube.ide.mcu.externaltools.gnu-tools-for-stm32.7-2018-q2-update.win32_1.4.0.202007081208/tools/bin/../lib/gcc/arm-none-eabi/7.3.1/../../../../arm-none-eabi/lib/thumb/v7-m\libc_nano.a(lib_a-init.o)
                0x0000000008000de0                __libc_init_array
 *(.glue_7)
 .glue_7        0x0000000008000e28        0x0 linker stubs
 *(.glue_7t)
 .glue_7t       0x0000000008000e28        0x0 linker stubs
 *(.eh_frame)
 .eh_frame      0x0000000008000e28        0x0 c:/st/stm32cubeide_1.4.0/stm32cubeide/plugins/com.st.stm32cube.ide.mcu.externaltools.gnu-tools-for-stm32.7-2018-q2-update.win32_1.4.0.202007081208/tools/bin/../lib/gcc/arm-none-eabi/7.3.1/thumb/v7-m/crtbegin.o
 *(.init)
 .init          0x0000000008000e28        0x4 c:/st/stm32cubeide_1.4.0/stm32cubeide/plugins/com.st.stm32cube.ide.mcu.externaltools.gnu-tools-for-stm32.7-2018-q2-update.win32_1.4.0.202007081208/tools/bin/../lib/gcc/arm-none-eabi/7.3.1/thumb/v7-m/crti.o
                0x0000000008000e28                _init
 .init          0x0000000008000e2c        0x8 c:/st/stm32cubeide_1.4.0/stm32cubeide/plugins/com.st.stm32cube.ide.mcu.externaltools.gnu-tools-for-stm32.7-2018-q2-update.win32_1.4.0.202007081208/tools/bin/../lib/gcc/arm-none-eabi/7.3.1/thumb/v7-m/crtn.o
 *(.fini)
 .fini          0x0000000008000e34        0x4 c:/st/stm32cubeide_1.4.0/stm32cubeide/plugins/com.st.stm32cube.ide.mcu.externaltools.gnu-tools-for-stm32.7-2018-q2-update.win32_1.4.0.202007081208/tools/bin/../lib/gcc/arm-none-eabi/7.3.1/thumb/v7-m/crti.o
                0x0000000008000e34                _fini
 .fini          0x0000000008000e38        0x8 c:/st/stm32cubeide_1.4.0/stm32cubeide/plugins/com.st.stm32cube.ide.mcu.externaltools.gnu-tools-for-stm32.7-2018-q2-update.win32_1.4.0.202007081208/tools/bin/../lib/gcc/arm-none-eabi/7.3.1/thumb/v7-m/crtn.o
                0x0000000008000e40                . = ALIGN (0x4)
                0x0000000008000e40                _etext = .

.vfp11_veneer   0x0000000008000e40        0x0
 .vfp11_veneer  0x0000000008000e40        0x0 linker stubs

.v4_bx          0x0000000008000e40        0x0
 .v4_bx         0x0000000008000e40        0x0 linker stubs

.iplt           0x0000000008000e40        0x0
 .iplt          0x0000000008000e40        0x0 c:/st/stm32cubeide_1.4.0/stm32cubeide/plugins/com.st.stm32cube.ide.mcu.externaltools.gnu-tools-for-stm32.7-2018-q2-update.win32_1.4.0.202007081208/tools/bin/../lib/gcc/arm-none-eabi/7.3.1/thumb/v7-m/crtbegin.o

.rodata         0x0000000008000e40       0x30
                0x0000000008000e40                . = ALIGN (0x4)
 *(.rodata)
 .rodata        0x0000000008000e40       0x2f Src/main.o
 *(.rodata*)
                0x0000000008000e70                . = ALIGN (0x4)
 *fill*         0x0000000008000e6f        0x1 

.rel.dyn        0x0000000008000e70        0x0
 .rel.iplt      0x0000000008000e70        0x0 c:/st/stm32cubeide_1.4.0/stm32cubeide/plugins/com.st.stm32cube.ide.mcu.externaltools.gnu-tools-for-stm32.7-2018-q2-update.win32_1.4.0.202007081208/tools/bin/../lib/gcc/arm-none-eabi/7.3.1/thumb/v7-m/crtbegin.o

.ARM.extab      0x0000000008000e70        0x0
                0x0000000008000e70                . = ALIGN (0x4)
 *(.ARM.extab* .gnu.linkonce.armextab.*)
                0x0000000008000e70                . = ALIGN (0x4)

.ARM            0x0000000008000e70        0x0
                0x0000000008000e70                . = ALIGN (0x4)
                0x0000000008000e70                __exidx_start = .
 *(.ARM.exidx*)
                0x0000000008000e70                __exidx_end = .
                0x0000000008000e70                . = ALIGN (0x4)

.preinit_array  0x0000000008000e70        0x0
                0x0000000008000e70                . = ALIGN (0x4)
                0x0000000008000e70                PROVIDE (__preinit_array_start = .)
 *(.preinit_array*)
                0x0000000008000e70                PROVIDE (__preinit_array_end = .)
                0x0000000008000e70                . = ALIGN (0x4)

.init_array     0x0000000008000e70        0x4
                0x0000000008000e70                . = ALIGN (0x4)
                0x0000000008000e70                PROVIDE (__init_array_start = .)
 *(SORT_BY_NAME(.init_array.*))
 *(.init_array*)
 .init_array    0x0000000008000e70        0x4 c:/st/stm32cubeide_1.4.0/stm32cubeide/plugins/com.st.stm32cube.ide.mcu.externaltools.gnu-tools-for-stm32.7-2018-q2-update.win32_1.4.0.202007081208/tools/bin/../lib/gcc/arm-none-eabi/7.3.1/thumb/v7-m/crtbegin.o
                0x0000000008000e74                PROVIDE (__init_array_end = .)
                0x0000000008000e74                . = ALIGN (0x4)

.fini_array     0x0000000008000e74        0x4
                0x0000000008000e74                . = ALIGN (0x4)
                [!provide]                        PROVIDE (__fini_array_start = .)
 *(SORT_BY_NAME(.fini_array.*))
 *(.fini_array*)
 .fini_array    0x0000000008000e74        0x4 c:/st/stm32cubeide_1.4.0/stm32cubeide/plugins/com.st.stm32cube.ide.mcu.externaltools.gnu-tools-for-stm32.7-2018-q2-update.win32_1.4.0.202007081208/tools/bin/../lib/gcc/arm-none-eabi/7.3.1/thumb/v7-m/crtbegin.o
                [!provide]                        PROVIDE (__fini_array_end = .)
                0x0000000008000e78                . = ALIGN (0x4)
                0x0000000008000e78                _sidata = LOADADDR (.data)

.data           0x0000000020000000       0x10 load address 0x0000000008000e78
                0x0000000020000000                . = ALIGN (0x4)
                0x0000000020000000                _sdata = .
 *(.data)
 *(.data*)
 .data.ROWS     0x0000000020000000        0x8 HAL/Keypad.o
                0x0000000020000000                ROWS
 .data.COL      0x0000000020000008        0x8 HAL/Keypad.o
                0x0000000020000008                COL
                0x0000000020000010                . = ALIGN (0x4)
                0x0000000020000010                _edata = .

.igot.plt       0x0000000020000010        0x0 load address 0x0000000008000e88
 .igot.plt      0x0000000020000010        0x0 c:/st/stm32cubeide_1.4.0/stm32cubeide/plugins/com.st.stm32cube.ide.mcu.externaltools.gnu-tools-for-stm32.7-2018-q2-update.win32_1.4.0.202007081208/tools/bin/../lib/gcc/arm-none-eabi/7.3.1/thumb/v7-m/crtbegin.o
                0x0000000020000010                . = ALIGN (0x4)

.bss            0x0000000020000010       0x5c load address 0x0000000008000e88
                0x0000000020000010                _sbss = .
                0x0000000020000010                __bss_start__ = _sbss
 *(.bss)
 .bss           0x0000000020000010       0x1c c:/st/stm32cubeide_1.4.0/stm32cubeide/plugins/com.st.stm32cube.ide.mcu.externaltools.gnu-tools-for-stm32.7-2018-q2-update.win32_1.4.0.202007081208/tools/bin/../lib/gcc/arm-none-eabi/7.3.1/thumb/v7-m/crtbegin.o
 *(.bss*)
 *(COMMON)
 COMMON         0x000000002000002c        0x4 HAL/LCD.o
                0x000000002000002c                PinConfig
 COMMON         0x0000000020000030       0x3c stm32f103c6_Drivers/EXTI.o
                0x0000000020000030                GP_IRQ_CallBack
                0x000000002000006c                . = ALIGN (0x4)
                0x000000002000006c                _ebss = .
                0x000000002000006c                __bss_end__ = _ebss

._user_heap_stack
                0x000000002000006c      0x604 load address 0x0000000008000e88
                0x0000000020000070                . = ALIGN (0x8)
 *fill*         0x000000002000006c        0x4 
                [!provide]                        PROVIDE (end = .)
                0x0000000020000070                PROVIDE (_end = .)
                0x0000000020000270                . = (. + _Min_Heap_Size)
 *fill*         0x0000000020000070      0x200 
                0x0000000020000670                . = (. + _Min_Stack_Size)
 *fill*         0x0000000020000270      0x400 
                0x0000000020000670                . = ALIGN (0x8)

/DISCARD/
 libc.a(*)
 libm.a(*)
 libgcc.a(*)

.ARM.attributes
                0x0000000000000000       0x29
 *(.ARM.attributes)
 .ARM.attributes
                0x0000000000000000       0x1d c:/st/stm32cubeide_1.4.0/stm32cubeide/plugins/com.st.stm32cube.ide.mcu.externaltools.gnu-tools-for-stm32.7-2018-q2-update.win32_1.4.0.202007081208/tools/bin/../lib/gcc/arm-none-eabi/7.3.1/thumb/v7-m/crti.o
 .ARM.attributes
                0x000000000000001d       0x2d c:/st/stm32cubeide_1.4.0/stm32cubeide/plugins/com.st.stm32cube.ide.mcu.externaltools.gnu-tools-for-stm32.7-2018-q2-update.win32_1.4.0.202007081208/tools/bin/../lib/gcc/arm-none-eabi/7.3.1/thumb/v7-m/crtbegin.o
 .ARM.attributes
                0x000000000000004a       0x33 HAL/Keypad.o
 .ARM.attributes
                0x000000000000007d       0x33 HAL/LCD.o
 .ARM.attributes
                0x00000000000000b0       0x33 Src/main.o
 .ARM.attributes
                0x00000000000000e3       0x21 Startup/startup_stm32f103c6tx.o
 .ARM.attributes
                0x0000000000000104       0x33 stm32f103c6_Drivers/EXTI.o
 .ARM.attributes
                0x0000000000000137       0x33 stm32f103c6_Drivers/GPIO.o
 .ARM.attributes
                0x000000000000016a       0x2d c:/st/stm32cubeide_1.4.0/stm32cubeide/plugins/com.st.stm32cube.ide.mcu.externaltools.gnu-tools-for-stm32.7-2018-q2-update.win32_1.4.0.202007081208/tools/bin/../lib/gcc/arm-none-eabi/7.3.1/../../../../arm-none-eabi/lib/thumb/v7-m\libc_nano.a(lib_a-init.o)
 .ARM.attributes
                0x0000000000000197       0x1d c:/st/stm32cubeide_1.4.0/stm32cubeide/plugins/com.st.stm32cube.ide.mcu.externaltools.gnu-tools-for-stm32.7-2018-q2-update.win32_1.4.0.202007081208/tools/bin/../lib/gcc/arm-none-eabi/7.3.1/thumb/v7-m/crtn.o
OUTPUT(drivers.elf elf32-littlearm)

.debug_info     0x0000000000000000     0x3f39
 .debug_info    0x0000000000000000      0xb45 HAL/Keypad.o
 .debug_info    0x0000000000000b45      0xcbe HAL/LCD.o
 .debug_info    0x0000000000001803      0xbe0 Src/main.o
 .debug_info    0x00000000000023e3       0x22 Startup/startup_stm32f103c6tx.o
 .debug_info    0x0000000000002405      0xdbc stm32f103c6_Drivers/EXTI.o
 .debug_info    0x00000000000031c1      0xd78 stm32f103c6_Drivers/GPIO.o

.debug_abbrev   0x0000000000000000      0x9f4
 .debug_abbrev  0x0000000000000000      0x1da HAL/Keypad.o
 .debug_abbrev  0x00000000000001da      0x23d HAL/LCD.o
 .debug_abbrev  0x0000000000000417      0x1c7 Src/main.o
 .debug_abbrev  0x00000000000005de       0x12 Startup/startup_stm32f103c6tx.o
 .debug_abbrev  0x00000000000005f0      0x228 stm32f103c6_Drivers/EXTI.o
 .debug_abbrev  0x0000000000000818      0x1dc stm32f103c6_Drivers/GPIO.o

.debug_loc      0x0000000000000000      0xa7c
 .debug_loc     0x0000000000000000       0xa0 HAL/Keypad.o
 .debug_loc     0x00000000000000a0      0x2c0 HAL/LCD.o
 .debug_loc     0x0000000000000360       0xcc Src/main.o
 .debug_loc     0x000000000000042c      0x320 stm32f103c6_Drivers/EXTI.o
 .debug_loc     0x000000000000074c      0x330 stm32f103c6_Drivers/GPIO.o

.debug_aranges  0x0000000000000000      0x1c8
 .debug_aranges
                0x0000000000000000       0x28 HAL/Keypad.o
 .debug_aranges
                0x0000000000000028       0x68 HAL/LCD.o
 .debug_aranges
                0x0000000000000090       0x30 Src/main.o
 .debug_aranges
                0x00000000000000c0       0x28 Startup/startup_stm32f103c6tx.o
 .debug_aranges
                0x00000000000000e8       0x80 stm32f103c6_Drivers/EXTI.o
 .debug_aranges
                0x0000000000000168       0x60 stm32f103c6_Drivers/GPIO.o

.debug_ranges   0x0000000000000000      0x170
 .debug_ranges  0x0000000000000000       0x18 HAL/Keypad.o
 .debug_ranges  0x0000000000000018       0x58 HAL/LCD.o
 .debug_ranges  0x0000000000000070       0x20 Src/main.o
 .debug_ranges  0x0000000000000090       0x20 Startup/startup_stm32f103c6tx.o
 .debug_ranges  0x00000000000000b0       0x70 stm32f103c6_Drivers/EXTI.o
 .debug_ranges  0x0000000000000120       0x50 stm32f103c6_Drivers/GPIO.o

.debug_macro    0x0000000000000000     0x2645
 .debug_macro   0x0000000000000000      0x158 HAL/Keypad.o
 .debug_macro   0x0000000000000158      0xa60 HAL/Keypad.o
 .debug_macro   0x0000000000000bb8       0x22 HAL/Keypad.o
 .debug_macro   0x0000000000000bda       0x8e HAL/Keypad.o
 .debug_macro   0x0000000000000c68       0x51 HAL/Keypad.o
 .debug_macro   0x0000000000000cb9       0xef HAL/Keypad.o
 .debug_macro   0x0000000000000da8       0x6a HAL/Keypad.o
 .debug_macro   0x0000000000000e12      0x1df HAL/Keypad.o
 .debug_macro   0x0000000000000ff1       0x18 HAL/Keypad.o
 .debug_macro   0x0000000000001009       0x46 HAL/Keypad.o
 .debug_macro   0x000000000000104f       0x3c HAL/Keypad.o
 .debug_macro   0x000000000000108b       0x34 HAL/Keypad.o
 .debug_macro   0x00000000000010bf       0x16 HAL/Keypad.o
 .debug_macro   0x00000000000010d5      0x10e HAL/Keypad.o
 .debug_macro   0x00000000000011e3       0x8d HAL/Keypad.o
 .debug_macro   0x0000000000001270       0x52 HAL/Keypad.o
 .debug_macro   0x00000000000012c2       0x1f HAL/Keypad.o
 .debug_macro   0x00000000000012e1       0x43 HAL/Keypad.o
 .debug_macro   0x0000000000001324       0x20 HAL/Keypad.o
 .debug_macro   0x0000000000001344      0x1a3 HAL/Keypad.o
 .debug_macro   0x00000000000014e7      0x330 HAL/Keypad.o
 .debug_macro   0x0000000000001817       0x16 HAL/Keypad.o
 .debug_macro   0x000000000000182d       0x29 HAL/Keypad.o
 .debug_macro   0x0000000000001856      0x21b HAL/Keypad.o
 .debug_macro   0x0000000000001a71       0xca HAL/Keypad.o
 .debug_macro   0x0000000000001b3b       0x3a HAL/Keypad.o
 .debug_macro   0x0000000000001b75      0x158 HAL/LCD.o
 .debug_macro   0x0000000000001ccd      0x21b HAL/LCD.o
 .debug_macro   0x0000000000001ee8       0xa0 HAL/LCD.o
 .debug_macro   0x0000000000001f88      0x1ad Src/main.o
 .debug_macro   0x0000000000002135      0x154 stm32f103c6_Drivers/EXTI.o
 .debug_macro   0x0000000000002289       0xd0 stm32f103c6_Drivers/EXTI.o
 .debug_macro   0x0000000000002359      0x1a7 stm32f103c6_Drivers/EXTI.o
 .debug_macro   0x0000000000002500      0x145 stm32f103c6_Drivers/GPIO.o

.debug_line     0x0000000000000000     0x20b8
 .debug_line    0x0000000000000000      0x61b HAL/Keypad.o
 .debug_line    0x000000000000061b      0x6c1 HAL/LCD.o
 .debug_line    0x0000000000000cdc      0x5f6 Src/main.o
 .debug_line    0x00000000000012d2       0x84 Startup/startup_stm32f103c6tx.o
 .debug_line    0x0000000000001356      0x6fb stm32f103c6_Drivers/EXTI.o
 .debug_line    0x0000000000001a51      0x667 stm32f103c6_Drivers/GPIO.o

.debug_str      0x0000000000000000     0x93b9
 .debug_str     0x0000000000000000     0x7a7f HAL/Keypad.o
                                       0x7ce0 (size before relaxing)
 .debug_str     0x0000000000007a7f      0x374 HAL/LCD.o
                                       0x7f8f (size before relaxing)
 .debug_str     0x0000000000007df3      0x107 Src/main.o
                                       0x802d (size before relaxing)
 .debug_str     0x0000000000007efa       0x31 Startup/startup_stm32f103c6tx.o
                                         0x64 (size before relaxing)
 .debug_str     0x0000000000007f2b     0x1362 stm32f103c6_Drivers/EXTI.o
                                       0x8f7c (size before relaxing)
 .debug_str     0x000000000000928d      0x12c stm32f103c6_Drivers/GPIO.o
                                       0x7da3 (size before relaxing)

.comment        0x0000000000000000       0x7b
 .comment       0x0000000000000000       0x7b HAL/Keypad.o
                                         0x7c (size before relaxing)
 .comment       0x000000000000007b       0x7c HAL/LCD.o
 .comment       0x000000000000007b       0x7c Src/main.o
 .comment       0x000000000000007b       0x7c stm32f103c6_Drivers/EXTI.o
 .comment       0x000000000000007b       0x7c stm32f103c6_Drivers/GPIO.o

.debug_frame    0x0000000000000000      0x584
 .debug_frame   0x0000000000000000       0x58 HAL/Keypad.o
 .debug_frame   0x0000000000000058      0x164 HAL/LCD.o
 .debug_frame   0x00000000000001bc       0x74 Src/main.o
 .debug_frame   0x0000000000000230      0x1b0 stm32f103c6_Drivers/EXTI.o
 .debug_frame   0x00000000000003e0      0x178 stm32f103c6_Drivers/GPIO.o
 .debug_frame   0x0000000000000558       0x2c c:/st/stm32cubeide_1.4.0/stm32cubeide/plugins/com.st.stm32cube.ide.mcu.externaltools.gnu-tools-for-stm32.7-2018-q2-update.win32_1.4.0.202007081208/tools/bin/../lib/gcc/arm-none-eabi/7.3.1/../../../../arm-none-eabi/lib/thumb/v7-m\libc_nano.a(lib_a-init.o)
